ldloc 'y.1'
ldloc 'z.2'
add
stloc 'x.0'
ldloc 'y.1'
ldloc 'z.2'
sub
stloc 'x.0'
ldloc 'y.1'
ldloc 'z.2'
mul
stloc 'x.0'
ldloc 'y.1'
ldloc 'z.2'
div
stloc 'x.0'
ldloc 'y.1'
ldloc 'z.2'
add
stloc 'x.0'
ldloc 'y.1'
ldloc 'z.2'
sub
stloc 'x.0'
ldloc 'y.1'
ldloc 'z.2'
mul
stloc 'x.0'
ldloc 'y.1'
ldloc 'z.2'
div
stloc 'x.0'
