test.ghul: 24,45..24,49: warn: [non-optional] null where non-optional List[char] expected
test.ghul: 25,47..25,51: warn: [non-optional] null where non-optional List[TEST[int]] expected
test.ghul: 27,45..27,49: warn: [non-optional] null where non-optional List[char] expected
test.ghul: 28,47..28,51: warn: [non-optional] null where non-optional List[TEST[int]] expected
test.ghul: 36,40..36,44: warn: [non-optional] null where non-optional List[char] expected
test.ghul: 37,44..37,48: warn: [non-optional] null where non-optional List[TEST[int]] expected
