.class private auto ansi beforefieldinit 'Test'.'_HIDDEN' extends ['System.Runtime']'System'.'Object' 
{
.custom instance void ['ghul-runtime']Ghul.Internal.CLOSED_ATTRIBUTE::.ctor() = ( 01 00 00 00 )
}
.class public auto ansi beforefieldinit 'Test'.'BOX' extends ['System.Runtime']'System'.'Object' 
{
.custom instance void ['ghul-runtime']Ghul.Internal.CLOSED_ATTRIBUTE::.ctor() = ( 01 00 00 00 )
.field private int32 '_count'
.property instance callconv(8) int32 '_computed'() { .get instance int32 'Test'.'BOX'::'$get__computed'() }
.method private hidebysig instance  default int32 '_secret'() cil managed
{
.maxstack 64
ldc.i4 42
ret
.locals init (int32  '.default')
ldloc '.default'
ret
}
.method private hidebysig static  default int32 '_helper'() cil managed
{
.maxstack 64
ldc.i4 1
ret
.locals init (int32  '.default')
ldloc '.default'
ret
}
.method public virtual hidebysig instance  default int32 'reveal'() cil managed
{
.maxstack 64
ldarg.0
call instance int32 class 'Test'.'BOX' ::'_secret'()
ret
.locals init (int32  '.default')
ldloc '.default'
ret
}
.method private hidebysig specialname instance  default int32 '$get__computed'() cil managed
{
.maxstack 64
ldarg.0
ldfld int32 class 'Test'.'BOX' ::'_count'
ret
.locals init (int32  '.default')
ldloc '.default'
ret
}
}
