ldarg.1
ldarg.2
newobj     instance void ['ghul-runtime']Ghul.INT_RANGE::.ctor(int32,
stloc.0
ldloca.s   V_0
call       instance int32 ['ghul-runtime']Ghul.INT_RANGE::$get_to()
ldloca.s   V_0
call       instance int32 ['ghul-runtime']Ghul.INT_RANGE::$get_from()
sub
dup
ldc.i4.0
bge        IL_0020
pop
ldc.i4.0
newarr     int32
stloc.1
ldc.i4.0
stloc.2
ldsfld     class [System.Runtime]System.Func`2<int32,int32> Test.FUSION::$anon_0$cache
dup
brtrue     IL_0052
pop
newobj     instance void Test.$frame_0::.ctor()
stloc.s    V_4
ldloc.s    V_4
ldftn      instance int32 Test.$frame_0::$anon_0(int32)
newobj     instance void class [System.Runtime]System.Func`2<int32,int32>::.ctor(object,
stloc.s    V_5
ldloc.s    V_5
dup
stsfld     class [System.Runtime]System.Func`2<int32,int32> Test.FUSION::$anon_0$cache
stloc.3
ldloc.0
stloc.s    V_6
ldloca.s   V_6
call       instance bool ['ghul-runtime']Ghul.INT_RANGE::MoveNext()
brfalse    IL_0087
ldloca.s   V_6
call       instance int32 ['ghul-runtime']Ghul.INT_RANGE::get_Current()
stloc.s    V_7
ldloc.3
ldloc.s    V_7
callvirt   instance !1 class [System.Runtime]System.Func`2<int32,int32>::Invoke(!0)
stloc.s    V_8
ldloc.1
ldloc.2
ldloc.s    V_8
stelem     int32
ldloc.2
ldc.i4.1
add
stloc.2
br         IL_0056
ldloc.1
ret
