test.ghul: 28,44..28,47: error: no overload found for test(O), tried TEST_A.test(a: A) -> A
test.ghul: 33,64..33,73: error: no overload found for init(A), tried TEST_A.init(s: string) -> void
test.ghul: 50,43..50,46: error: no overload found for test(A), tried TEST_A.test(o: O) -> O
test.ghul: 53,63..53,78: error: no overload found for init(string), tried TEST_A.init(a: A) -> void
