test.ghul: 27,44..27,47: error: no overload found for test(O), tried Root.InsideA.TEST_A.test(a: A) -> A
test.ghul: 32,64..32,73: error: no overload found for init(A), tried Root.InsideA.TEST_A.init(s: string) -> Ghul.void
test.ghul: 49,43..49,46: error: no overload found for test(A), tried Outside.TEST_A.test(o: O) -> O
test.ghul: 52,63..52,78: error: no overload found for init(Ghul.string), tried Outside.TEST_A.init(a: A) -> Ghul.void
