test.ghul: 27,44..27,47: error: no overload found for test(O), tried Root.InsideA.TestA.test(a: A) -> A
test.ghul: 32,64..32,72: error: no overload found for init(A), tried Root.InsideA.TestA.init(s: string) -> Ghul.void
test.ghul: 49,43..49,46: error: no overload found for test(A), tried Outside.TestA.test(o: O) -> O
test.ghul: 52,63..52,77: error: no overload found for init(Ghul.string), tried Outside.TestA.init(a: A) -> Ghul.void
