test.ghul: 23,33..23,38: error: no overload found for <>(POINT, POINT), tried Ghul.<>(a: byte, b: byte) -> int, Ghul.<>(a: char, b: char) -> int, Ghul.<>(a: decimal, b: decimal) -> int, Ghul.<>(a: double, b: double) -> int, Ghul.<>(a: int, b: int) -> int, Ghul.<>(a: long, b: long) -> int, Ghul.<>(a: short, b: short) -> int, Ghul.<>(a: single, b: single) -> int, Ghul.<>(a: ubyte, b: ubyte) -> int, Ghul.<>(a: uint, b: uint) -> int, Ghul.<>(a: ulong, b: ulong) -> int, Ghul.<>(a: ushort, b: ushort) -> int, Ghul.<>(a: uword, b: uword) -> int, Ghul.<>(a: word, b: word) -> int
