.class public auto ansi beforefieldinit 'TestClassImplementTraits'.'DERIVED' extends ['System.Runtime']'System'.'Object' implements 'TestClassImplementTraits'.'BaseA' ,'TestClassImplementTraits'.'BaseB' 
{
.custom instance void ['ghul-runtime']Ghul.Internal.CLOSED_ATTRIBUTE::.ctor() = ( 01 00 00 00 )
}
