test.ghul: 16,9..19,12: warn: [redundant-val-block] val block is redundant
test.ghul: 25,9..27,12: warn: [redundant-val-block] val block is redundant
test.ghul: 29,9..31,12: warn: [redundant-val-block] val block is redundant
test.ghul: 37,9..39,12: warn: [redundant-val-block] val block is redundant
test.ghul: 41,9..43,12: warn: [redundant-val-block] val block is redundant
test.ghul: 45,9..47,12: warn: [redundant-val-block] val block is redundant
test.ghul: 53,9..56,12: warn: [redundant-val-block] val block is redundant
test.ghul: 58,9..61,12: warn: [redundant-val-block] val block is redundant
test.ghul: 67,9..69,12: warn: [redundant-val-block] val block is redundant
test.ghul: 71,9..73,12: warn: [redundant-val-block] val block is redundant
test.ghul: 75,9..77,12: warn: [redundant-val-block] val block is redundant
test.ghul: 8,5..11,8: warn: [redundant-val-block] val block is redundant
