in loop, i: 0 limit: 20
in loop, i: 1 limit: 20
in loop, i: 2 limit: 20
in loop, i: 3 limit: 20
in loop, i: 4 limit: 20
in loop, i: 5 limit: 20
in loop, i: 6 limit: 20
in loop, i: 7 limit: 20
in loop, i: 8 limit: 20
in loop, i: 9 limit: 20
in loop, i: 10 limit: 20
in loop, i: 11 limit: 20
in loop, i: 12 limit: 20
in loop, i: 13 limit: 20
in loop, i: 14 limit: 20
in loop, i: 15 limit: 20
in loop, i: 16 limit: 20
in loop, i: 17 limit: 20
in loop, i: 18 limit: 20
in loop, i: 19 limit: 20
done
