test.ghul: 21,17..21,18: error: captured value may not be assigned to; wrap it in `Ghul.BOX[T]` and assign to `.value` to share mutable state with a closure
test.ghul: 29,41..29,42: error: captured value may not be assigned to; wrap it in `Ghul.BOX[T]` and assign to `.value` to share mutable state with a closure
test.ghul: 31,17..31,18: error: captured value may not be assigned to; wrap it in `Ghul.BOX[T]` and assign to `.value` to share mutable state with a closure
test.ghul: 33,17..33,18: error: captured value may not be assigned to; wrap it in `Ghul.BOX[T]` and assign to `.value` to share mutable state with a closure
