test.ghul: 21,17..21,18: error: captured value may not be assigned to
test.ghul: 21,17..21,18: error: captured value may not be assigned to
test.ghul: 29,41..29,42: error: captured value may not be assigned to
test.ghul: 31,17..31,18: error: captured value may not be assigned to
test.ghul: 33,17..33,18: error: captured value may not be assigned to
