cases/parse-incomplete-function-7/test.ghul: 5,28..5,30: error: in definition: expected [, class, enum, identifier, import, namespace, operator, trait or use but found in
cases/parse-incomplete-function-7/test.ghul: 5,28..5,30: error: in type_expression: expected ( or identifier but found in
cases/parse-incomplete-function-7/test.ghul: 5,28..5,30: error: syntax error: expected ) but found in
