test.ghul: 106,20..106,25: error: cannot rely on the narrowing of '_name' here: the call to '_clear()' can change it [this call can change _name: test.ghul: 105,9..105,17] [help: test '_name' again, or copy it into a local variable before the call]
test.ghul: 89,20..89,25: error: cannot rely on the narrowing of '_name' here: the call to '$get_message()' can change it [this call can change _name: test.ghul: 88,17..88,32] [help: test '_name' again, or copy it into a local variable before the call]
test.ghul: 98,16..98,25: error: cannot rely on the narrowing of 'when_year' here: the call to 'add_years()' can change it [this call can change when_year: test.ghul: 97,9..97,27] [help: test 'when_year' again, or copy it into a local variable before the call]
