test.ghul: 105,20..105,25: error: cannot rely on the narrowing of '_name' here: the call to '_clear()' can change it [this call can change _name: test.ghul: 104,9..104,17] [help: test '_name' again, or copy it into a local variable before the call]
test.ghul: 88,20..88,25: error: cannot rely on the narrowing of '_name' here: the call to '$get_message()' can change it [this call can change _name: test.ghul: 87,17..87,32] [help: test '_name' again, or copy it into a local variable before the call]
test.ghul: 97,16..97,25: error: cannot rely on the narrowing of 'when_year' here: the call to 'add_years()' can change it [this call can change when_year: test.ghul: 96,9..96,27] [help: test 'when_year' again, or copy it into a local variable before the call]
