test.ghul: 34,25..34,53: error: no static overload found for =~(HIDDEN, HIDDEN), tried Ghul.Intrinsics.=~(a: string?, b: string?) -> bool
test.ghul: 35,25..35,69: error: no static overload found for =~(OVER_HIDDEN, OVER_HIDDEN), tried Ghul.Intrinsics.=~(a: string?, b: string?) -> bool
test.ghul: 36,25..36,53: error: no static overload found for =~(HASH_ONLY, HASH_ONLY), tried Ghul.Intrinsics.=~(a: string?, b: string?) -> bool
