test.ghul: 26,24..26,27: error: cannot use void value here
test.ghul: 26,29..26,32: error: cannot use void value here
test.ghul: 27,29..27,32: error: cannot use void value here
test.ghul: 28,24..28,27: error: cannot use void value here
test.ghul: 31,24..31,27: error: cannot use void value here
test.ghul: 31,29..31,32: error: cannot use void value here
test.ghul: 32,29..32,32: error: cannot use void value here
test.ghul: 33,24..33,27: error: cannot use void value here
test.ghul: 35,28..35,31: error: cannot use void value here
test.ghul: 35,37..35,40: error: cannot use void value here
test.ghul: 36,37..36,40: error: cannot use void value here
test.ghul: 37,28..37,31: error: cannot use void value here
test.ghul: 40,18..40,21: error: cannot use void value here
test.ghul: 40,22..40,25: error: cannot use void value here
test.ghul: 41,23..41,26: error: cannot use void value here
test.ghul: 42,18..42,21: error: cannot use void value here
test.ghul: 45,13..45,16: error: cannot use void value here
test.ghul: 45,19..45,22: error: cannot use void value here
test.ghul: 46,19..46,22: error: cannot use void value here
test.ghul: 47,13..47,16: error: cannot use void value here
test.ghul: 50,18..50,21: error: cannot use void value here
test.ghul: 50,23..50,26: error: cannot use void value here
test.ghul: 51,23..51,26: error: cannot use void value here
test.ghul: 52,18..52,21: error: cannot use void value here
test.ghul: 55,18..55,21: error: cannot use void value here
test.ghul: 58,21..58,23: error: symbol not found: v1
test.ghul: 65,17..65,25: error: cannot use void type here
