.locals init (valuetype 'Test'.'COUNTER'  '.address.0')
ldarg.0
call instance instance int32 valuetype 'Test'.'COUNTER' ::'$get_n'()
ldc.i4 1
sub
newobj instance void valuetype 'Test'.'COUNTER' ::'.ctor'(int32 )
stloc '.address.0'
ldloca '.address.0'
call instance instance int32 valuetype 'Test'.'COUNTER' ::'count_down'()
ret
