ldarg.0
ldflda !0 class 'Test'.'GenericClassArgumentsAreObjects'.'THING' <!0> ::'_value'
constrained. !0 
callvirt instance class ['System.Runtime']'System'.'String' class ['System.Runtime']'System'.'Object' ::'ToString'()
ret
ldarg.0
ldfld !0 class 'Test'.'GenericClassArgumentsAreObjects'.'THING' <!0> ::'_value'
box !0 
ret
