.class interface public abstract auto ansi Test.Main
{
  .custom instance void ['ghul-runtime']Ghul.Internal.CLOSED_ATTRIBUTE::.ctor() = ( 01 00 00 00 ) 
  .method public hidebysig abstract virtual 
          instance void  do_something() cil managed
  {
  } // end of method Main::do_something

  .method public hidebysig abstract virtual 
          instance void  do_a_different_thing(int32 i,
                                              string s) cil managed
  {
  } // end of method Main::do_a_different_thing

} // end of class Test.Main
