.class interface public abstract auto ansi Test.Main
{
  .method public hidebysig abstract virtual 
          instance void  do_something() cil managed
  {
  } // end of method Main::do_something

  .method public hidebysig abstract virtual 
          instance void  do_a_different_thing(int32 i,
                                              string s) cil managed
  {
  } // end of method Main::do_a_different_thing

} // end of class Test.Main
