.method public virtual hidebysig abstract instance  default void 'do_something'() cil managed
{
.custom instance void ['ghul-runtime']Ghul.Internal.PURE_ATTRIBUTE::.ctor() = ( 01 00 00 00 )
}
.method public virtual hidebysig abstract instance  default void 'do_a_different_thing'(int32 'i',class ['System.Runtime']'System'.'String' 's') cil managed
{
.custom instance void ['ghul-runtime']Ghul.Internal.PURE_ATTRIBUTE::.ctor() = ( 01 00 00 00 )
}
