.class public auto ansi beforefieldinit Test.MAIN
       extends [System.Runtime]System.Object
{
  .custom instance void ['ghul-runtime']Ghul.Internal.CLOSED_ATTRIBUTE::.ctor() = ( 01 00 00 00 ) 
  .method public hidebysig specialname virtual 
          instance int32  $get_thing() cil managed
  {
    .custom instance void [System.Runtime]System.Runtime.CompilerServices.CompilerGeneratedAttribute::.ctor() = ( 01 00 00 00 ) 
    // Code size       5 (0x5)
    .maxstack  64
    .locals init (int32 V_0)
    IL_0000:  ldc.i4.s   123
    IL_0002:  ret

    IL_0003:  ldloc.0
    IL_0004:  ret
  } // end of method MAIN::$get_thing

  .method public hidebysig specialname virtual 
          instance void  $set_thing(int32 'value') cil managed
  {
    .custom instance void [System.Runtime]System.Runtime.CompilerServices.CompilerGeneratedAttribute::.ctor() = ( 01 00 00 00 ) 
    // Code size       1 (0x1)
    .maxstack  64
    IL_0000:  ret
  } // end of method MAIN::$set_thing

  .method public hidebysig static void  entry() cil managed
  {
    .entrypoint
    // Code size       2 (0x2)
    .maxstack  64
    IL_0000:  ret

    IL_0001:  ret
  } // end of method MAIN::entry

  .property instance callconv(8) int32 thing()
  {
    .get instance int32 Test.MAIN::$get_thing()
    .set instance void Test.MAIN::$set_thing(int32)
  } // end of property MAIN::thing
} // end of class Test.MAIN

.class public auto ansi beforefieldinit Test.THING<T>
       extends [System.Runtime]System.Object
{
  .custom instance void ['ghul-runtime']Ghul.Internal.CLOSED_ATTRIBUTE::.ctor() = ( 01 00 00 00 ) 
  .method public hidebysig specialname virtual 
          instance class [System.Runtime]System.Collections.Generic.IEnumerable`1<!T> 
          $get_things() cil managed
  {
    .custom instance void [System.Runtime]System.Runtime.CompilerServices.CompilerGeneratedAttribute::.ctor() = ( 01 00 00 00 ) 
    .param [0]
    .custom instance void [System.Runtime]System.Runtime.CompilerServices.NullableAttribute::.ctor(uint8[]) = ( 01 00 02 00 00 00 02 00 00 00 ) 
    // Code size       4 (0x4)
    .maxstack  64
    .locals init (class [System.Runtime]System.Collections.Generic.IEnumerable`1<!T> V_0)
    IL_0000:  ldnull
    IL_0001:  ret

    IL_0002:  ldloc.0
    IL_0003:  ret
  } // end of method THING::$get_things

  .method public hidebysig specialname virtual 
          instance void  $set_things(class [System.Runtime]System.Collections.Generic.IEnumerable`1<!T> 'value') cil managed
  {
    .custom instance void [System.Runtime]System.Runtime.CompilerServices.CompilerGeneratedAttribute::.ctor() = ( 01 00 00 00 ) 
    .param [1]
    .custom instance void [System.Runtime]System.Runtime.CompilerServices.NullableAttribute::.ctor(uint8[]) = ( 01 00 02 00 00 00 02 00 00 00 ) 
    // Code size       1 (0x1)
    .maxstack  64
    IL_0000:  ret
  } // end of method THING::$set_things

  .property instance callconv(8) class [System.Runtime]System.Collections.Generic.IEnumerable`1<!T>
          things()
  {
    .custom instance void [System.Runtime]System.Runtime.CompilerServices.NullableAttribute::.ctor(uint8[]) = ( 01 00 02 00 00 00 02 00 00 00 ) 
    .get instance class [System.Runtime]System.Collections.Generic.IEnumerable`1<!T> Test.THING::$get_things()
    .set instance void Test.THING::$set_things(class [System.Runtime]System.Collections.Generic.IEnumerable`1<!T>)
  } // end of property THING::things
} // end of class Test.THING
