array equal: True
array differ: False
array shorter: False
list equal: True
list reordered: False
list interface, list and array: True
nested equal: True
nested inner differs: False
strings by value: True
order equal: True
order differ: False
optional array both present: True
optional array both absent: True
optional array one absent: False
