array equal: true
array differ: false
array shorter: false
list equal: true
list reordered: false
list interface, list and array: true
nested equal: true
nested inner differs: false
strings by value: true
order equal: true
order differ: false
optional array both present: true
optional array both absent: true
optional array one absent: false
