test.ghul: 20,21..20,30: error: no overload found for &(B), tried A.&(other: A) -> A
test.ghul: 21,20..21,29: error: no overload found for |(B), tried A.|(other: A) -> A
test.ghul: 22,21..22,30: error: no overload found for ^(B), tried A.^(other: A) -> A
test.ghul: 23,19..23,26: error: no overload found for &(int), tried A.&(other: A) -> A
test.ghul: 23,19..23,26: error: no static overload found for &(A, int), tried int.&(a: int, b: int) -> int
