inner.cargo? = False
inner.label = inner
outer.cargo? = True
outer.label? = False
wrap("hello") = hello
wrap(null)? = False
after-assign cargo? = False
after-assign label = outer-label
inner.things[0] = a
inner.things[1]? = False
outer.things[0]? = False
first(probe)? = False
first(empty)? = False
after-null maybe_things? = False
after-set maybe_things? = True
after-set maybe_things![0] = present
