inner.cargo? = false
inner.label = inner
outer.cargo? = true
outer.label? = false
wrap("hello") = hello
wrap(null)? = false
after-assign cargo? = false
after-assign label = outer-label
inner.things[0] = a
inner.things[1]? = false
outer.things[0]? = false
first(probe)? = false
first(empty)? = false
after-null maybe_things? = false
after-set maybe_things? = true
after-set maybe_things![0] = present
