.property instance callconv(8) int32 'Thing'() { .get instance int32 'Test'.'Main'::'get_Thing'() .set instance void 'Test'.'Main'::'set_Thing'(int32 )}
.property instance callconv(8) class ['System.Runtime']'System'.'Collections'.'Generic'.'IEnumerable`1' <!0 /*GGG*/> 'Things'() { .get instance class ['System.Runtime']'System'.'Collections'.'Generic'.'IEnumerable`1' <!0 /*GGG*/> 'Test'.'Thing'::'get_Things'() .set instance void 'Test'.'Thing'::'set_Things'(class ['System.Runtime']'System'.'Collections'.'Generic'.'IEnumerable`1' <!0 /*GGG*/> )}
