.property instance callconv(8) int32 'Thing'() { .get instance int32 'Test'.'MAIN'::'get_Thing'() .set instance void 'Test'.'MAIN'::'set_Thing'(int32 )}
.property instance callconv(8) class ['System.Runtime']'System'.'Collections'.'Generic'.'IEnumerable`1' <!0 > 'Things'() { .get instance class ['System.Runtime']'System'.'Collections'.'Generic'.'IEnumerable`1' <!0 > 'Test'.'THING'::'get_Things'() .set instance void 'Test'.'THING'::'set_Things'(class ['System.Runtime']'System'.'Collections'.'Generic'.'IEnumerable`1' <!0 > )}
