test.ghul: 12,13..12,20: error: yield is only allowed in a function returning Iterable[T] or Iterator[T]
test.ghul: 13,13..13,20: error: yield is only allowed in a function returning Iterable[T] or Iterator[T]
test.ghul: 14,13..14,20: error: yield is only allowed in a function returning Iterable[T] or Iterator[T]
