test.ghul: 21,31..21,35: error: cannot return value of type Drawing.BOX.T where Drawing.BOX.swap.T expected
test.ghul: 28,18..28,27: error: no static overload found for take_box(BOX[int], Drawing.other.T), tried Drawing.take_box[Drawing.take_box.T](b: BOX[Drawing.take_box.T], y: Drawing.take_box.T) -> void
test.ghul: 32,21..32,28: error: no static overload found for area(Drawing.POINT), tried Shapes.area(q: Shapes.POINT) -> int
test.ghul: 34,13..34,38: error: Drawing.POINT is not assignable to Shapes.POINT
