test.ghul: 36,11..36,23: error: must implement Test.Other.do_other_stuff(to_thing: string) -> Ghul.void
test.ghul: 36,11..36,23: error: must implement Test.Stuff.do_other_stuff(to_thing: int) -> Ghul.void
test.ghul: 36,11..36,23: error: must implement Test.Stuff.do_stuff() -> Ghul.void
test.ghul: 41,11..41,25: error: must implement Test.Other.do_other_stuff(to_thing: string) -> Ghul.void
test.ghul: 41,11..41,25: error: must implement Test.Stuff.do_stuff() -> Ghul.void
test.ghul: 46,11..46,31: error: must implement Test.Other.do_other_stuff(to_thing: string) -> Ghul.void
test.ghul: 46,11..46,31: error: must implement Test.Stuff.do_other_stuff(to_thing: int) -> Ghul.void
test.ghul: 46,11..46,31: error: must implement Test.Stuff.do_stuff() -> Ghul.void
