test.ghul: 29,9..29,28: error: (object, object) is not assignable to (int, int)
test.ghul: 30,9..30,32: error: (object, object) is not assignable to (int, int)
test.ghul: 33,9..33,28: error: (object, int) is not assignable to (int, int)
test.ghul: 34,9..34,29: error: (int, object) is not assignable to (int, int)
test.ghul: 57,9..57,36: error: (Base, Base) is not assignable to (Derived, Derived)
test.ghul: 58,9..58,36: error: (Base, Base) is not assignable to (Derived, Derived)
test.ghul: 61,9..61,36: error: (Base, Derived) is not assignable to (Derived, Derived)
test.ghul: 62,9..62,39: error: (Derived, Base) is not assignable to (Derived, Derived)
test.ghul: 65,9..65,30: error: (object, Derived) is not assignable to (Base, Base)
