will copy BASE
base copy: BASE 111
base copy altered: BASE 333
base original: BASE 111
will copy DERIVED
derived copy: DERIVED 222
derived copy altered: DERIVED 444
derived original: DERIVED 222
will copy BASE
derived copy copy: DERIVED 444

start test: value: 1 type: DERIVED
original: DERIVED 1 expect: 1
original altered: DERIVED 101 expect: 101
will copy BASE
copy: DERIVED 101 expect: 1
original altered again: DERIVED 201 expect: 201
copy: DERIVED 101 expect: 1
copy altered: DERIVED 151 expect: 151
original: DERIVED 201 expect: 201

start test: value: 2 type: BASE
original: BASE 2 expect: 2
original altered: BASE 102 expect: 102
will copy BASE
copy: BASE 102 expect: 2
original altered again: BASE 202 expect: 202
copy: BASE 102 expect: 2
copy altered: BASE 152 expect: 152
original: BASE 202 expect: 202

start test: value: 3 type: DERIVED
original: DERIVED 3 expect: 3
original altered: DERIVED 103 expect: 103
will copy BASE
copy: DERIVED 103 expect: 3
original altered again: DERIVED 203 expect: 203
copy: DERIVED 103 expect: 3
copy altered: DERIVED 153 expect: 153
original: DERIVED 203 expect: 203

start test: value: 4 type: DERIVED
original: DERIVED 4 expect: 4
original altered: DERIVED 104 expect: 104
will copy BASE
copy: DERIVED 104 expect: 4
original altered again: DERIVED 204 expect: 204
copy: DERIVED 104 expect: 4
copy altered: DERIVED 154 expect: 154
original: DERIVED 204 expect: 204

start test: value: 5 type: DERIVED
original: DERIVED 5 expect: 5
original altered: DERIVED 105 expect: 105
will copy BASE
copy: DERIVED 105 expect: 5
original altered again: DERIVED 205 expect: 205
copy: DERIVED 105 expect: 5
copy altered: DERIVED 155 expect: 155
original: DERIVED 205 expect: 205
