ldloca.s   V_0
starg.s    i
ldloca.s   V_1
starg.s    o
ldarg.0
ldflda     int32 TEST.TEST::_iii
starg.s    i
ldsflda    int32 TEST.TEST::_jjj
starg.s    i
ldarg.0
ldflda     object TEST.TEST::_ooo
starg.s    o
ldarg.0
callvirt   instance int32 TEST.TEST::$get_iii()
stloc.2
ldloca.s   V_2
starg.s    i
call       int32 TEST.TEST::$get_jjj()
stloc.3
ldloca.s   V_3
starg.s    i
ldarg.0
ldflda     int32 TEST.TEST::_iii
starg.s    i
ldsflda    int32 TEST.TEST::_jjj
starg.s    i
ldc.i4.1
ldloc.0
add
stloc.s    V_4
ldloca.s   V_4
starg.s    i
ldc.i4.s   123
stloc.s    V_5
ldloca.s   V_5
starg.s    i
