single_try(True) cleaned=done x=42
single_try returned 42
single_try(False) cleaned=done x=99
single_try returned 99
multiple_returns_one_try cleanup n=1
multiple_returns_one_try(1) = 11
multiple_returns_one_try cleanup n=2
multiple_returns_one_try(2) = 22
multiple_returns_one_try cleanup n=5
multiple_returns_one_try(5) = 99
nested_try outer=outer inner=inner
nested_try = deep
