test.ghul: 22,13..22,28: error: T is not assignable to Test.GenericFunctionTypeArgumentsAreObjects.BLAH
test.ghul: 25,16..25,21: error: cannot return value of type T from function of type Test.GenericFunctionTypeArgumentsAreObjects.BLAH
test.ghul: 30,15..30,19: error: member blah not found in T
test.ghul: 35,9..35,21: error: Test.GenericFunctionTypeArgumentsAreObjects.BLAH is not assignable to T
