.class public auto ansi beforefieldinit 'Test'.'GENERIC'<'T','U'>  extends ['System.Runtime']'System'.'Object' 
{
.custom instance void ['ghul-runtime']Ghul.Internal.CLOSED_ATTRIBUTE::.ctor() = ( 01 00 00 00 )
.method public virtual hidebysig instance  default !1 'test'(!0 't') cil managed
{
.custom instance void ['ghul-runtime']Ghul.Internal.PURE_ATTRIBUTE::.ctor() = ( 01 00 00 00 )
.maxstack 64
.locals init (!1  '.default')
ldloc '.default'
ret
}
.method public virtual hidebysig instance  default !0 'test'(!1 'u') cil managed
{
.custom instance void ['ghul-runtime']Ghul.Internal.PURE_ATTRIBUTE::.ctor() = ( 01 00 00 00 )
.maxstack 64
.locals init (!0  '.default')
ldloc '.default'
ret
}
}
