.class public auto ansi beforefieldinit 'Test'.'Generic'<'T','U'/*CCC2*/>  extends ['System.Runtime']'System'.'Object' 
{
.method public virtual hidebysig instance  default !1 'test'(!0 't') cil managed
{
.maxstack 64
.locals init (!1  '.default')
ldloc '.default'
ret
}
.method public virtual hidebysig instance  default !0 'test'(!1 'u') cil managed
{
.maxstack 64
.locals init (!0  '.default')
ldloc '.default'
ret
}
}
