.class public auto ansi beforefieldinit Test.GENERIC<T,U>
       extends [System.Runtime]System.Object
{
  .custom instance void ['ghul-runtime']Ghul.Internal.CLOSED_ATTRIBUTE::.ctor() = ( 01 00 00 00 ) 
  .method public hidebysig virtual instance !U 
          test(!T t) cil managed
  {
    // Code size       2 (0x2)
    .maxstack  64
    .locals init (!U V_0)
    IL_0000:  ldloc.0
    IL_0001:  ret
  } // end of method GENERIC::test

  .method public hidebysig virtual instance !T 
          test(!U u) cil managed
  {
    // Code size       2 (0x2)
    .maxstack  64
    .locals init (!T V_0)
    IL_0000:  ldloc.0
    IL_0001:  ret
  } // end of method GENERIC::test

} // end of class Test.GENERIC

// *********** DISASSEMBLY COMPLETE ***********************
