.class public auto ansi beforefieldinit Test.TEST
       extends [System.Runtime]System.Object
{
  .custom instance void ['ghul-runtime']Ghul.Internal.CLOSED_ATTRIBUTE::.ctor() = ( 01 00 00 00 ) 
  .field assembly int32 _test_0
  .field assembly string _test_1
  .method public hidebysig specialname rtspecialname 
          instance void  .ctor() cil managed
  {
    // Code size       1 (0x1)
    .maxstack  64
    IL_0000:  ret
  } // end of method TEST::.ctor

  .method public hidebysig virtual instance void 
          test() cil managed
  {
    // Code size       37 (0x25)
    .maxstack  64
    .locals init (int32 V_0,
             string V_1)
    IL_0000:  ldarg.0
    IL_0001:  ldc.i4     0x3039
    IL_0006:  stfld      int32 Test.TEST::_test_0
    IL_000b:  ldarg.0
    IL_000c:  ldstr      "hello, world"
    IL_0011:  stfld      string Test.TEST::_test_1
    IL_0016:  ldarg.0
    IL_0017:  ldfld      int32 Test.TEST::_test_0
    IL_001c:  stloc.0
    IL_001d:  ldarg.0
    IL_001e:  ldfld      string Test.TEST::_test_1
    IL_0023:  stloc.1
    IL_0024:  ret
  } // end of method TEST::test

} // end of class Test.TEST

// *********** DISASSEMBLY COMPLETE ***********************
