  (body)
present =~ same: true
  (body)
present =~ other: false
present =~ absent: false
absent =~ present: false
absent =~ also_absent: true
absent !~ also_absent: false
present !~ absent: true
  (body)
present !~ other: true
plain =~ absent: false
absent =~ plain: false
  (own-nulls body, other present: false)
own =~ own_absent: true
own_absent =~ own: false
own_absent =~ own_also_absent: true
some_int 1 =~ 1: true
some_int 1 =~ 2: false
some_int 1 =~ none: false
no_int =~ some_int 1: false
no_int =~ no_int: true
no_int !~ no_int: false
some_point 1 =~ 1: true
some_point 1 =~ none: false
no_point =~ no_point: true
through_a_type_parameter present: true
through_a_type_parameter one absent: false
through_a_type_parameter both absent: true
some_own_point =~ no_own_point: false
no_own_point =~ some_own_point: false
  (value own-nulls body, other present: true)
some_own_point =~ same: true
plain_own_point =~ no_own_point: false
  (value own-nulls body, other present: true)
plain_own_point =~ some_own_point: true
enum equal: true
enum unequal: false
enum one absent: false
enum both absent: true
enum !~ both absent: false
enum !~ unequal: true
tuple equal: true
tuple unequal: false
tuple one absent: false
tuple both absent: true
tuple !~ both absent: false
tuple !~ unequal: true
unconstrained equal: true
unconstrained unequal: false
unconstrained one absent: false
unconstrained both absent: true
