  (body)
present =~ same: True
  (body)
present =~ other: False
present =~ absent: False
absent =~ present: False
absent =~ also_absent: True
absent !~ also_absent: False
present !~ absent: True
  (body)
present !~ other: True
plain =~ absent: False
absent =~ plain: False
  (own-nulls body, other present: False)
own =~ own_absent: True
own_absent =~ own: False
own_absent =~ own_also_absent: True
some_int 1 =~ 1: True
some_int 1 =~ 2: False
some_int 1 =~ none: False
no_int =~ some_int 1: False
no_int =~ no_int: True
no_int !~ no_int: False
some_point 1 =~ 1: True
some_point 1 =~ none: False
no_point =~ no_point: True
through_a_type_parameter present: True
through_a_type_parameter one absent: False
through_a_type_parameter both absent: True
some_own_point =~ no_own_point: False
no_own_point =~ some_own_point: False
  (value own-nulls body, other present: True)
some_own_point =~ same: True
plain_own_point =~ no_own_point: False
  (value own-nulls body, other present: True)
plain_own_point =~ some_own_point: True
