test.ghul: 23,11..23,20: warn: [equality-without-hash] OWN_NULLS defines =~ but no get_hash_code, so .NET comparisons will not use the operator
test.ghul: 36,12..36,17: warn: [equality-without-hash] POINT defines =~ but no get_hash_code, so .NET comparisons will not use the operator
test.ghul: 48,12..48,27: warn: [equality-without-hash] OWN_NULLS_POINT defines =~ but no get_hash_code, so .NET comparisons will not use the operator
test.ghul: 76,11..76,20: warn: [equality-without-hash] EQUATABLE defines =~ but no get_hash_code, so .NET comparisons will not use the operator
test.ghul: 9,11..9,14: warn: [equality-without-hash] BOX defines =~ but no get_hash_code, so .NET comparisons will not use the operator
