consume array: System.String[]
have element: one
have element: two
have element: three
consume iterable: System.String[]
have element: one
have element: two
have element: three
consume iterable: System.Collections.Generic.List`1[System.String]
have element: one
have element: two
have element: three
consume array: System.Int32[]
have element: 1
have element: 2
have element: 3
consume iterable: System.Int32[]
have element: 1
have element: 2
have element: 3
consume iterable: System.Collections.Generic.List`1[System.Int32]
have element: 1
have element: 2
have element: 3
