test.ghul: 205,10..205,16: warn: predicate is_a is always false: receiver narrowed to Trio[int]{B|C}
test.ghul: 328,18..328,24: warn: predicate is_a is always false: receiver narrowed to Trio[int]{B|C}
test.ghul: 98,12..98,18: warn: predicate is_a is always false: receiver narrowed to Trio[int]{B|C}
