test.ghul: 25,21..25,31: error: no overload found for ##(Ghul.string, Ghul.string), tried Test.##(a: int, b: int) -> Ghul.int
test.ghul: 27,25..27,27: error: operator '@@' has unknown precedence
test.ghul: 27,25..27,27: error: operator '@@' not found
test.ghul: 29,29..29,31: error: operator '%%' not found
test.ghul: 3,1..4,10: error: precedence must be between user-1 and user-8
test.ghul: 33,21..33,32: error: no overload found for ∑(Ghul.string[]), tried Test.∑(value: Iterable[int]) -> Ghul.int
test.ghul: 37,28..37,29: error: operator '∧' not found
