test.ghul: 30,13..30,18: error: Ghul.double is not assignable to Ghul.single
test.ghul: 31,13..31,18: error: Ghul.single is not assignable to Ghul.double
test.ghul: 33,13..33,23: error: Ghul.double is not assignable to Ghul.single
test.ghul: 34,13..34,20: error: Ghul.int is not assignable to Ghul.double
