test.ghul: 40,13..40,18: error: Ghul.double is not assignable to Ghul.single
test.ghul: 41,13..41,18: error: Ghul.single is not assignable to Ghul.double
test.ghul: 43,13..43,23: error: Ghul.double is not assignable to Ghul.single
test.ghul: 44,13..44,20: error: Ghul.int is not assignable to Ghul.double
