test.ghul: 15,35..15,40: error: no static overload found for +(int, string), tried int.+(a: int, b: int) -> int
test.ghul: 18,21..18,37: error: no static overload found for expect_func_T_U(null, int -> int pure), tried expect_func_T_U[T,U](t: T, f: T -> U) -> (T, U)
test.ghul: 21,21..21,31: error: no static overload found for expect_func_T_U(null, null), tried expect_func_T_U[T,U](t: T, f: T -> U) -> (T, U)
test.ghul: 3,45..3,50: error: no static overload found for +(string, int), tried int.+(a: int, b: int) -> int
test.ghul: 6,45..6,50: error: no static overload found for +(int, string), tried int.+(a: int, b: int) -> int
