test.ghul: 15,35..15,40: error: no static overload found for +(Ghul.int, Ghul.string), tried Ghul.+(a: byte, b: byte) -> Ghul.byte, Ghul.+(a: char, b: char) -> Ghul.char, Ghul.+(a: double, b: double) -> Ghul.double, Ghul.+(a: int, b: int) -> Ghul.int, Ghul.+(a: long, b: long) -> Ghul.long, Ghul.+(a: short, b: short) -> Ghul.short, Ghul.+(a: single, b: single) -> Ghul.single, Ghul.+(a: string, b: object) -> Ghul.string, Ghul.+(a: ubyte, b: ubyte) -> Ghul.ubyte, Ghul.+(a: uint, b: uint) -> Ghul.uint, Ghul.+(a: ulong, b: ulong) -> Ghul.ulong, Ghul.+(a: ushort, b: ushort) -> Ghul.ushort, Ghul.+(a: uword, b: uword) -> Ghul.uword, Ghul.+(a: word, b: word) -> Ghul.word
test.ghul: 18,27..18,28: error: cannot infer type here
test.ghul: 21,21..21,31: error: no static overload found for expect_func_T_U(null, null), tried expect_func_T_U[T,U](t: T, f: T -> U) -> (T, U)
test.ghul: 6,45..6,50: error: no static overload found for +(Ghul.int, Ghul.string), tried Ghul.+(a: byte, b: byte) -> Ghul.byte, Ghul.+(a: char, b: char) -> Ghul.char, Ghul.+(a: double, b: double) -> Ghul.double, Ghul.+(a: int, b: int) -> Ghul.int, Ghul.+(a: long, b: long) -> Ghul.long, Ghul.+(a: short, b: short) -> Ghul.short, Ghul.+(a: single, b: single) -> Ghul.single, Ghul.+(a: string, b: object) -> Ghul.string, Ghul.+(a: ubyte, b: ubyte) -> Ghul.ubyte, Ghul.+(a: uint, b: uint) -> Ghul.uint, Ghul.+(a: ulong, b: ulong) -> Ghul.ulong, Ghul.+(a: ushort, b: ushort) -> Ghul.ushort, Ghul.+(a: uword, b: uword) -> Ghul.uword, Ghul.+(a: word, b: word) -> Ghul.word
