test.ghul: 15,35..15,40: error: no static overload found for +(int, string), tried Ghul.+(a: byte, b: byte) -> byte, Ghul.+(a: char, b: char) -> char, Ghul.+(a: decimal, b: decimal) -> decimal, Ghul.+(a: double, b: double) -> double, Ghul.+(a: int, b: int) -> int, Ghul.+(a: long, b: long) -> long, Ghul.+(a: short, b: short) -> short, Ghul.+(a: single, b: single) -> single, Ghul.+(a: ubyte, b: ubyte) -> ubyte, Ghul.+(a: uint, b: uint) -> uint, Ghul.+(a: ulong, b: ulong) -> ulong, Ghul.+(a: ushort, b: ushort) -> ushort, Ghul.+(a: uword, b: uword) -> uword, Ghul.+(a: word, b: word) -> word
test.ghul: 18,21..18,37: error: no static overload found for expect_func_T_U(null, int -> int), tried expect_func_T_U[T,U](t: T, f: T -> U) -> (T, U)
test.ghul: 21,21..21,31: error: no static overload found for expect_func_T_U(null, null), tried expect_func_T_U[T,U](t: T, f: T -> U) -> (T, U)
test.ghul: 3,45..3,50: error: no static overload found for +(string, int), tried Ghul.+(a: byte, b: byte) -> byte, Ghul.+(a: char, b: char) -> char, Ghul.+(a: decimal, b: decimal) -> decimal, Ghul.+(a: double, b: double) -> double, Ghul.+(a: int, b: int) -> int, Ghul.+(a: long, b: long) -> long, Ghul.+(a: short, b: short) -> short, Ghul.+(a: single, b: single) -> single, Ghul.+(a: ubyte, b: ubyte) -> ubyte, Ghul.+(a: uint, b: uint) -> uint, Ghul.+(a: ulong, b: ulong) -> ulong, Ghul.+(a: ushort, b: ushort) -> ushort, Ghul.+(a: uword, b: uword) -> uword, Ghul.+(a: word, b: word) -> word
test.ghul: 6,45..6,50: error: no static overload found for +(int, string), tried Ghul.+(a: byte, b: byte) -> byte, Ghul.+(a: char, b: char) -> char, Ghul.+(a: decimal, b: decimal) -> decimal, Ghul.+(a: double, b: double) -> double, Ghul.+(a: int, b: int) -> int, Ghul.+(a: long, b: long) -> long, Ghul.+(a: short, b: short) -> short, Ghul.+(a: single, b: single) -> single, Ghul.+(a: ubyte, b: ubyte) -> ubyte, Ghul.+(a: uint, b: uint) -> uint, Ghul.+(a: ulong, b: ulong) -> ulong, Ghul.+(a: ushort, b: ushort) -> ushort, Ghul.+(a: uword, b: uword) -> uword, Ghul.+(a: word, b: word) -> word
