// Metadata version: v4.0.30319
.assembly extern System.Runtime
{
  .ver 8:0:0:0
}
.assembly extern 'ghul-runtime'
{
  .ver 8:0:1:0
}
.assembly extern System.Console
{
  .ver 5:0:0:0
}
.assembly binary
{
  .ver 0:0:0:0
}
.module binary.dll
.imagebase 0x00400000
.file alignment 0x00000200
.stackreserve 0x00100000
.subsystem 0x0003       // WINDOWS_CUI
.corflags 0x00000001    //  ILONLY


// =============== CLASS MEMBERS DECLARATION ===================

.class public auto ansi beforefieldinit Test.Main
       extends [System.Runtime]System.Object
{
  .custom instance void ['ghul-runtime']Ghul.Internal.CLOSED_ATTRIBUTE::.ctor() = ( 01 00 00 00 ) 
  .method public hidebysig static void  test() cil managed
  {
    // Code size       1 (0x1)
    .maxstack  64
    IL_0000:  ret
  } // end of method Main::test

} // end of class Test.Main


// =============================================================

// *********** DISASSEMBLY COMPLETE ***********************
