        ldloc x        // Semantic.Symbol.LOCAL_VARIABLE x @ test.ghul 4,17..4,17 type: Ghul.int
        ldloc y        // Semantic.Symbol.LOCAL_VARIABLE y @ test.ghul 4,25..4,25 type: Ghul.int
        innate operation int.add +
        ldloc z        // Semantic.Symbol.LOCAL_VARIABLE z @ test.ghul 4,33..4,33 type: Ghul.int
        innate operation int.add +
        stloc x        // Semantic.Symbol.LOCAL_VARIABLE x @ test.ghul 4,17..4,17 type: Ghul.int
