ldarg.0
ldstr      "Hello, World!"
call       instance void CallThroughStructReference.TEST::set_value(string)
ldarg.0
call       instance void CallThroughStructReference.TEST::increment()
ldarg.0
call       instance void CallThroughStructReference.TEST::write_value()
ldarg.0
ldstr      "blah blah blah"
call       instance void CallThroughStructReference.TEST::$set_value(string)
