ldarg 'test'
ldstr bytearray (48 00 65 00 6C 00 6C 00 6F 00 2C 00 20 00 57 00 6F 00 72 00 6C 00 64 00 21 00 )
call instance instance void valuetype 'CallThroughStructReference'.'TEST' ::'set_value'(class ['System.Runtime']'System'.'String' )
ldarg 'test'
call instance instance void valuetype 'CallThroughStructReference'.'TEST' ::'increment'()
ldarg 'test'
call instance instance void valuetype 'CallThroughStructReference'.'TEST' ::'write_value'()
ldarg 'test'
ldstr bytearray (62 00 6C 00 61 00 68 00 20 00 62 00 6C 00 61 00 68 00 20 00 62 00 6C 00 61 00 68 00 )
call instance instance void valuetype 'CallThroughStructReference'.'TEST' ::'$set_value'(class ['System.Runtime']'System'.'String' )
