test.ghul: 12,5..15,7: error: async function must return a task-like type — one carrying AsyncMethodBuilderAttribute, such as Tasks.TASK or Tasks.ValueTask
test.ghul: 7,5..10,7: error: async function must return a task-like type — one carrying AsyncMethodBuilderAttribute, such as Tasks.TASK or Tasks.ValueTask
