test.ghul: 12,5..13,10: error: pragma IL.name applies only to a function, method or property
test.ghul: 17,5..18,10: error: pragma IL.name applies only to a function, method or property
test.ghul: 2,5..3,10: error: pragma IL.name applies only to a function, method or property
test.ghul: 22,5..23,9: error: pragma IL.name applies only to a function, method or property
test.ghul: 7,5..8,11: error: pragma IL.name applies only to a function, method or property
