test.ghul: 14,13..14,77: error: (int, int) -> int pure is not assignable to System.Converter[int,int]
test.ghul: 15,13..15,60: error: (int, int) -> int pure is not assignable to System.Converter[int,int]
test.ghul: 17,14..17,29: error: (int, int) -> int pure is not assignable to System.Converter[int,int]
test.ghul: 19,43..19,80: error: no static overload found for once_d((int, int) -> int pure), tried Test.once_d[T..,U](f: Converter[T,U]) -> T.. -> U
