library override, through the base: circle
library override, through its own type: circle
library trait implementation, through the trait: circle
override of a library override: big circle
the same, called inside the library: big circle
narrowing a library base directly: big circle
implementing a library trait: big circle
