mixed array: System.Object[]
strings: System.String[]
int -> int: System.Func`2[System.Int32,System.Int32]
object -> string via string -> object: System.Func`2[System.Object,System.String]
object -> object: System.Func`2[System.Object,System.Object]
object -> string: System.Func`2[System.Object,System.String]
