cases/simple-generic/test.ghul: 15,13..15,22: error: no overload found for f(int), tried Test.SimpleGenric.I.f(F)
cases/simple-generic/test.ghul: 16,13..16,33: error: no overload found for f(char), tried Test.SimpleGenric.I.f(F)
cases/simple-generic/test.ghul: 46,17..46,29: error: no overload found for init(F), tried Test.SimpleGenric.I.init(F)
