ldarg.1
stloc.0
ldloc.0
callvirt   instance int32 class [System.Runtime]System.Collections.Generic.IReadOnlyCollection`1<int32>::get_Count()
dup
ldc.i4.0
bge        IL_0011
pop
ldc.i4.0
newarr     int32
stloc.1
ldc.i4.0
stloc.2
ldsfld     class [System.Runtime]System.Func`2<int32,int32> Test.FUSION::$anon_0$cache
dup
brtrue     IL_0037
pop
ldnull
ldftn      int32 Test.FUSION::$anon_0(int32)
newobj     instance void class [System.Runtime]System.Func`2<int32,int32>::.ctor(object,
dup
stsfld     class [System.Runtime]System.Func`2<int32,int32> Test.FUSION::$anon_0$cache
stloc.3
ldloc.0
callvirt   instance class [System.Runtime]System.Collections.Generic.IEnumerator`1<!0> class [System.Runtime]System.Collections.Generic.IEnumerable`1<int32>::GetEnumerator()
stloc.s    V_4
ldloc.s    V_4
callvirt   instance bool [System.Runtime]System.Collections.IEnumerator::MoveNext()
brfalse    IL_0088
ldloc.s    V_4
callvirt   instance !0 class [System.Runtime]System.Collections.Generic.IEnumerator`1<int32>::get_Current()
stloc.s    V_5
ldloc.3
ldloc.s    V_5
callvirt   instance !1 class [System.Runtime]System.Func`2<int32,int32>::Invoke(!0)
stloc.s    V_6
ldloc.1
ldloc.2
ldloc.s    V_6
stelem     int32
ldloc.2
ldc.i4.1
add
stloc.2
br         IL_0040
ldloc.s    V_4
isinst     class ['ghul-runtime']Ghul.Pipes.Pipe<int32>
stloc.s    V_7
ldloc.s    V_7
brfalse    IL_0088
ldloc.s    V_7
callvirt   instance void [System.Runtime]System.Collections.IEnumerator::Reset()
ldloc.1
ret
