test.ghul: 83,13..83,14: error: destructure group cannot mix local = field (by name) with bare positional elements
test.ghul: 83,17..83,18: error: in identifier: expected identifier but found (
test.ghul: 83,17..83,18: error: syntax error: expected , but found (
test.ghul: 83,27..83,28: error: syntax error: expected ) but found ;
test.ghul: 83,9..83,28: error: cannot destructure without initializer
test.ghul: 83,9..83,28: error: local value must be initialized
