.namespace 'Namespace' {
.class public auto ansi beforefieldinit 'Class' extends object
{
.method public hidebysig instance default  void .ctor() cil managed
{
.maxstack 64
ret
}
.method public hidebysig static default  void Main() cil managed
{
.maxstack 64
.entrypoint
.locals init (class 'Namespace'.'Class' 'instance.0')
newobj instance void class 'Namespace'.'Class'::.ctor()
stloc 'instance.0'
ldloc 'instance.0'
ldstr bytearray (48 00 65 00 6C 00 6C 00 6F 00 20 00 57 00 6F 00 72 00 6C 00 64 00 21 00 )
callvirt void class 'Namespace'.'Class'::'test'(class [mscorlib]System.String)
ret
}
.method public virtual hidebysig instance default  void 'test'(class [mscorlib]System.String 'text') cil managed
{
.maxstack 64
ldarg 'text'
call void class [mscorlib]System.Console::WriteLine(class [mscorlib]System.String)
ret
}
}
}
