test.ghul: 21,27..21,47: error: no overload found for structured_el(Ghul.char, Ghul.char[]), tried Test.structured_el[S,T](element: T, list: List[T]) -> T
test.ghul: 23,27..23,36: error: no overload found for structured_el(Ghul.char, null), tried Test.structured_el[S,T](element: T, list: List[T]) -> T
test.ghul: 24,27..24,34: error: no overload found for structured_el(Test.Test[Ghul.int], null), tried Test.structured_el[S,T](element: T, list: List[T]) -> T
test.ghul: 26,27..26,36: error: no overload found for structured_el(Ghul.char, null), tried Test.structured_el[S,T](element: T, list: List[T]) -> T
test.ghul: 27,27..27,34: error: no overload found for structured_el(Test.Test[Ghul.int], null), tried Test.structured_el[S,T](element: T, list: List[T]) -> T
test.ghul: 29,27..29,47: error: no overload found for structured_le(Ghul.char[], Ghul.char), tried Test.structured_le[S,T](list: List[T], element: T) -> T
test.ghul: 30,27..30,39: error: no overload found for structured_le(Test.Test[Ghul.int][], Test.Test[Ghul.int]), tried Test.structured_le[S,T](list: List[T], element: T) -> T
test.ghul: 32,27..32,48: error: no overload found for structured_le(Ghul.char[], null), tried Test.structured_le[S,T](list: List[T], element: T) -> T
test.ghul: 33,27..33,42: error: no overload found for structured_le(Test.Test[Ghul.int][], null), tried Test.structured_le[S,T](list: List[T], element: T) -> T
test.ghul: 35,27..35,36: error: no overload found for structured_le(null, Ghul.char), tried Test.structured_le[S,T](list: List[T], element: T) -> T
test.ghul: 36,27..36,34: error: no overload found for structured_le(null, Test.Test[Ghul.int]), tried Test.structured_le[S,T](list: List[T], element: T) -> T
test.ghul: 38,27..38,39: error: no overload found for structured_ie(Ghul.string, Ghul.char), tried Test.structured_ie[S,T](iterable: Iterable[T], element: T) -> T
test.ghul: 39,27..39,39: error: no overload found for structured_ie(Ghul.int[], Ghul.int), tried Test.structured_ie[S,T](iterable: Iterable[T], element: T) -> T
test.ghul: 41,28..41,56: error: no overload found for structured_aai(Ghul.char[][], Ghul.char[]), tried Test.structured_aai[S,T](list: T[][], iterable: Iterable[T]) -> T
test.ghul: 42,28..42,48: error: no overload found for structured_aai(Test.Test[Ghul.int][][], Test.Test[Ghul.int][]), tried Test.structured_aai[S,T](list: T[][], iterable: Iterable[T]) -> T
test.ghul: 44,28..44,58: error: no overload found for structured_lai(Ghul.char[][], Ghul.string), tried Test.structured_lai[S,T](list: List[T[]], iterable: Iterable[T]) -> T
test.ghul: 46,27..46,51: error: no overload found for structured_li(Ghul.char[], Ghul.string), tried Test.structured_li[S,T](list: List[T], iterable: Iterable[T]) -> T
test.ghul: 48,27..48,47: error: no overload found for structured_el(Test.Test[Ghul.int], Collections.LIST[Test.Test[Ghul.int]]), tried Test.structured_el[S,T](element: T, list: List[T]) -> T
test.ghul: 50,27..50,44: error: no overload found for structured_el(Ghul.char, Collections.LIST[Ghul.char]), tried Test.structured_el[S,T](element: T, list: List[T]) -> T
test.ghul: 52,27..52,44: error: no overload found for structured_le(Collections.LIST[Ghul.char], Ghul.char), tried Test.structured_le[S,T](list: List[T], element: T) -> T
test.ghul: 53,27..53,47: error: no overload found for structured_le(Collections.LIST[Test.Test[Ghul.int]], Test.Test[Ghul.int]), tried Test.structured_le[S,T](list: List[T], element: T) -> T
test.ghul: 55,27..55,45: error: no overload found for structured_le(Collections.LIST[Ghul.char], null), tried Test.structured_le[S,T](list: List[T], element: T) -> T
test.ghul: 56,27..56,50: error: no overload found for structured_le(Collections.LIST[Test.Test[Ghul.int]], null), tried Test.structured_le[S,T](list: List[T], element: T) -> T
test.ghul: 58,27..58,44: error: no overload found for structured_ie(Collections.LIST[Ghul.char], Ghul.char), tried Test.structured_ie[S,T](iterable: Iterable[T], element: T) -> T
test.ghul: 59,27..59,41: error: no overload found for structured_ie(Collections.LIST[Ghul.int], Ghul.int), tried Test.structured_ie[S,T](iterable: Iterable[T], element: T) -> T
test.ghul: 61,28..61,51: error: no overload found for structured_lai(Collections.LIST[Ghul.char[]], Ghul.string), tried Test.structured_lai[S,T](list: List[T[]], iterable: Iterable[T]) -> T
test.ghul: 64,27..64,45: error: no overload found for structured_el(Ghul.int, Ghul.char[]), tried Test.structured_el[S,T](element: T, list: List[T]) -> T
test.ghul: 65,27..65,39: error: no overload found for structured_el(Ghul.int, Test.Test[Ghul.int][]), tried Test.structured_el[S,T](element: T, list: List[T]) -> T
test.ghul: 67,27..67,41: error: no overload found for structured_le(Ghul.int[], Ghul.char), tried Test.structured_le[S,T](list: List[T], element: T) -> T
test.ghul: 68,27..68,45: error: no overload found for structured_le(Ghul.char[], Test.Test[Ghul.int]), tried Test.structured_le[S,T](list: List[T], element: T) -> T
test.ghul: 70,27..70,37: error: no overload found for structured_ie(Ghul.string, Ghul.int), tried Test.structured_ie[S,T](iterable: Iterable[T], element: T) -> T
