test.ghul: 21,27..21,47: error: no overload found for structured_el(char, char[]), tried TEST.structured_el[S,T](element: T, list: List[T]) -> T
test.ghul: 23,27..23,36: error: no overload found for structured_el(char, null), tried TEST.structured_el[S,T](element: T, list: List[T]) -> T
test.ghul: 24,27..24,34: error: no overload found for structured_el(TEST[int], null), tried TEST.structured_el[S,T](element: T, list: List[T]) -> T
test.ghul: 26,27..26,36: error: no overload found for structured_el(char, null), tried TEST.structured_el[S,T](element: T, list: List[T]) -> T
test.ghul: 27,27..27,34: error: no overload found for structured_el(TEST[int], null), tried TEST.structured_el[S,T](element: T, list: List[T]) -> T
test.ghul: 29,27..29,47: error: no overload found for structured_le(char[], char), tried TEST.structured_le[S,T](list: List[T], element: T) -> T
test.ghul: 30,27..30,39: error: no overload found for structured_le(TEST[int][], TEST[int]), tried TEST.structured_le[S,T](list: List[T], element: T) -> T
test.ghul: 32,27..32,48: error: no overload found for structured_le(char[], null), tried TEST.structured_le[S,T](list: List[T], element: T) -> T
test.ghul: 33,27..33,42: error: no overload found for structured_le(TEST[int][], null), tried TEST.structured_le[S,T](list: List[T], element: T) -> T
test.ghul: 35,27..35,36: error: no overload found for structured_le(null, char), tried TEST.structured_le[S,T](list: List[T], element: T) -> T
test.ghul: 36,27..36,34: error: no overload found for structured_le(null, TEST[int]), tried TEST.structured_le[S,T](list: List[T], element: T) -> T
test.ghul: 38,27..38,39: error: no overload found for structured_ie(string, char), tried TEST.structured_ie[S,T](iterable: Iterable[T], element: T) -> T
test.ghul: 39,27..39,39: error: no overload found for structured_ie(int[], int), tried TEST.structured_ie[S,T](iterable: Iterable[T], element: T) -> T
test.ghul: 41,28..41,56: error: no overload found for structured_aai(char[][], char[]), tried TEST.structured_aai[S,T](list: T[][], iterable: Iterable[T]) -> T
test.ghul: 42,28..42,48: error: no overload found for structured_aai(TEST[int][][], TEST[int][]), tried TEST.structured_aai[S,T](list: T[][], iterable: Iterable[T]) -> T
test.ghul: 44,28..44,58: error: no overload found for structured_lai(char[][], string), tried TEST.structured_lai[S,T](list: List[T[]], iterable: Iterable[T]) -> T
test.ghul: 46,27..46,51: error: no overload found for structured_li(char[], string), tried TEST.structured_li[S,T](list: List[T], iterable: Iterable[T]) -> T
test.ghul: 48,27..48,47: error: no overload found for structured_el(TEST[int], LIST[TEST[int]]), tried TEST.structured_el[S,T](element: T, list: List[T]) -> T
test.ghul: 50,27..50,44: error: no overload found for structured_el(char, LIST[char]), tried TEST.structured_el[S,T](element: T, list: List[T]) -> T
test.ghul: 52,27..52,44: error: no overload found for structured_le(LIST[char], char), tried TEST.structured_le[S,T](list: List[T], element: T) -> T
test.ghul: 53,27..53,47: error: no overload found for structured_le(LIST[TEST[int]], TEST[int]), tried TEST.structured_le[S,T](list: List[T], element: T) -> T
test.ghul: 55,27..55,45: error: no overload found for structured_le(LIST[char], null), tried TEST.structured_le[S,T](list: List[T], element: T) -> T
test.ghul: 56,27..56,50: error: no overload found for structured_le(LIST[TEST[int]], null), tried TEST.structured_le[S,T](list: List[T], element: T) -> T
test.ghul: 58,27..58,44: error: no overload found for structured_ie(LIST[char], char), tried TEST.structured_ie[S,T](iterable: Iterable[T], element: T) -> T
test.ghul: 59,27..59,41: error: no overload found for structured_ie(LIST[int], int), tried TEST.structured_ie[S,T](iterable: Iterable[T], element: T) -> T
test.ghul: 61,28..61,51: error: no overload found for structured_lai(LIST[char[]], string), tried TEST.structured_lai[S,T](list: List[T[]], iterable: Iterable[T]) -> T
test.ghul: 64,27..64,45: error: no overload found for structured_el(int, char[]), tried TEST.structured_el[S,T](element: T, list: List[T]) -> T
test.ghul: 65,27..65,39: error: no overload found for structured_el(int, TEST[int][]), tried TEST.structured_el[S,T](element: T, list: List[T]) -> T
test.ghul: 67,27..67,41: error: no overload found for structured_le(int[], char), tried TEST.structured_le[S,T](list: List[T], element: T) -> T
test.ghul: 68,27..68,45: error: no overload found for structured_le(char[], TEST[int]), tried TEST.structured_le[S,T](list: List[T], element: T) -> T
test.ghul: 70,27..70,37: error: no overload found for structured_ie(string, int), tried TEST.structured_ie[S,T](iterable: Iterable[T], element: T) -> T
