expect True False: int: True False
expect True False: string: True False
expect False True: !~: False True
expect True False: =~ class: True False
expect False False: no-operator class: False False
expect True False: struct: True False
expect True False: enum: True False
expect True False: class-level T: True False
expect True False: bounded T: True False
