test.ghul: 18,11..18,19: error: cannot inherit multiple abstract methods: HasIntCount.count: int, HasStringCount.count: string [declared here: test.ghul: 11,9..11,14] [declared here: test.ghul: 15,9..15,14]
test.ghul: 18,11..18,19: error: cannot inherit multiple properties with the same name but different types HasIntCount.count: int, HasStringCount.count: string
