test.ghul: 18,11..18,19: error: cannot inherit multiple abstract methods: Test.HasIntCount.count: Ghul.int, Test.HasStringCount.count: Ghul.string
test.ghul: 18,11..18,19: error: cannot inherit multiple properties with the same name but different types Test.HasIntCount.count: Ghul.int, Test.HasStringCount.count: Ghul.string
