.namespace 'Test' {
.class public auto ansi beforefieldinit 'FallThroughReturns' extends object
{
.method public virtual hidebysig instance default  void 'void_empty_body'() cil managed
{
ret
}
.method public virtual hidebysig instance default  void 'void_preceding_statements'() cil managed
{
ldarg.0
callvirt void class 'Test'.'FallThroughReturns'::'dummy'()
ret
}
.method public virtual hidebysig instance default  int32 'int_empty_body'() cil managed
{
.locals init (int32 '.default')
ldloc '.default'
ret
}
.method public virtual hidebysig instance default  int32 'int_preceding_statements'() cil managed
{
ldarg.0
callvirt void class 'Test'.'FallThroughReturns'::'dummy'()
.locals init (int32 '.default')
ldloc '.default'
ret
}
.method public virtual hidebysig instance default  class 'Test'.'Dummy' 'class_instance_empty_body'() cil managed
{
.locals init (class 'Test'.'Dummy' '.default')
ldloc '.default'
ret
}
.method public virtual hidebysig instance default  class 'Test'.'Dummy' 'class_instance_preceding_statements'() cil managed
{
ldarg.0
callvirt void class 'Test'.'FallThroughReturns'::'dummy'()
.locals init (class 'Test'.'Dummy' '.default')
ldloc '.default'
ret
}
.method public virtual hidebysig instance default  class [mscorlib]System.String 'builtin_class_instance_empty_body'() cil managed
{
.locals init (class [mscorlib]System.String '.default')
ldloc '.default'
ret
}
.method public virtual hidebysig instance default  void 'dummy'() cil managed
{
ret
}
}
}
.namespace 'Test' {
.class public auto ansi beforefieldinit 'Dummy' extends object
{
}
}
