// Metadata version: v4.0.30319
.assembly extern System.Runtime
{
  .ver 8:0:0:0
}
.assembly extern 'ghul-runtime'
{
  .ver 8:0:1:0
}
.assembly binary
{
  .ver 0:0:0:0
}
.module binary.dll
.imagebase 0x00400000
.file alignment 0x00000200
.stackreserve 0x00100000
.subsystem 0x0003       // WINDOWS_CUI
.corflags 0x00000001    //  ILONLY


// =============== CLASS MEMBERS DECLARATION ===================

.class public auto ansi beforefieldinit Test.A
       extends [System.Runtime]System.Object
{
  .custom instance void ['ghul-runtime']Ghul.Internal.CLOSED_ATTRIBUTE::.ctor() = ( 01 00 00 00 ) 
  .method public hidebysig virtual instance class [System.Runtime]System.Threading.Tasks.Task`1<int32> 
          _compute() cil managed
  {
    // Code size       50 (0x32)
    .maxstack  64
    .locals init (class Test.$AsyncStateMachine__compute_0 V_0)
    IL_0000:  ldarg.0
    IL_0001:  newobj     instance void Test.$AsyncStateMachine__compute_0::.ctor(class Test.A)
    IL_0006:  stloc.0
    IL_0007:  ldloc.0
    IL_0008:  ldc.i4.m1
    IL_0009:  stfld      int32 Test.$AsyncStateMachine__compute_0::$state
    IL_000e:  ldloc.0
    IL_000f:  call       valuetype [System.Runtime]System.Runtime.CompilerServices.AsyncTaskMethodBuilder`1<!0> valuetype [System.Runtime]System.Runtime.CompilerServices.AsyncTaskMethodBuilder`1<int32>::Create()
    IL_0014:  stfld      valuetype [System.Runtime]System.Runtime.CompilerServices.AsyncTaskMethodBuilder`1<int32> Test.$AsyncStateMachine__compute_0::$builder
    IL_0019:  ldloc.0
    IL_001a:  ldflda     valuetype [System.Runtime]System.Runtime.CompilerServices.AsyncTaskMethodBuilder`1<int32> Test.$AsyncStateMachine__compute_0::$builder
    IL_001f:  ldloca.s   V_0
    IL_0021:  call       instance void valuetype [System.Runtime]System.Runtime.CompilerServices.AsyncTaskMethodBuilder`1<int32>::Start<class Test.$AsyncStateMachine__compute_0>(!!0&)
    IL_0026:  ldloc.0
    IL_0027:  ldflda     valuetype [System.Runtime]System.Runtime.CompilerServices.AsyncTaskMethodBuilder`1<int32> Test.$AsyncStateMachine__compute_0::$builder
    IL_002c:  call       instance class [System.Runtime]System.Threading.Tasks.Task`1<!0> valuetype [System.Runtime]System.Runtime.CompilerServices.AsyncTaskMethodBuilder`1<int32>::get_Task()
    IL_0031:  ret
  } // end of method A::_compute

  .method public hidebysig virtual instance class [System.Runtime]System.Threading.Tasks.Task`1<int32> 
          run() cil managed
  {
    // Code size       50 (0x32)
    .maxstack  64
    .locals init (class Test.$AsyncStateMachine_run_1 V_0)
    IL_0000:  ldarg.0
    IL_0001:  newobj     instance void Test.$AsyncStateMachine_run_1::.ctor(class Test.A)
    IL_0006:  stloc.0
    IL_0007:  ldloc.0
    IL_0008:  ldc.i4.m1
    IL_0009:  stfld      int32 Test.$AsyncStateMachine_run_1::$state
    IL_000e:  ldloc.0
    IL_000f:  call       valuetype [System.Runtime]System.Runtime.CompilerServices.AsyncTaskMethodBuilder`1<!0> valuetype [System.Runtime]System.Runtime.CompilerServices.AsyncTaskMethodBuilder`1<int32>::Create()
    IL_0014:  stfld      valuetype [System.Runtime]System.Runtime.CompilerServices.AsyncTaskMethodBuilder`1<int32> Test.$AsyncStateMachine_run_1::$builder
    IL_0019:  ldloc.0
    IL_001a:  ldflda     valuetype [System.Runtime]System.Runtime.CompilerServices.AsyncTaskMethodBuilder`1<int32> Test.$AsyncStateMachine_run_1::$builder
    IL_001f:  ldloca.s   V_0
    IL_0021:  call       instance void valuetype [System.Runtime]System.Runtime.CompilerServices.AsyncTaskMethodBuilder`1<int32>::Start<class Test.$AsyncStateMachine_run_1>(!!0&)
    IL_0026:  ldloc.0
    IL_0027:  ldflda     valuetype [System.Runtime]System.Runtime.CompilerServices.AsyncTaskMethodBuilder`1<int32> Test.$AsyncStateMachine_run_1::$builder
    IL_002c:  call       instance class [System.Runtime]System.Threading.Tasks.Task`1<!0> valuetype [System.Runtime]System.Runtime.CompilerServices.AsyncTaskMethodBuilder`1<int32>::get_Task()
    IL_0031:  ret
  } // end of method A::run

} // end of class Test.A

.class public auto ansi beforefieldinit Test.$AsyncStateMachine__compute_0
       extends [System.Runtime]System.Object
       implements [System.Runtime]System.Runtime.CompilerServices.IAsyncStateMachine
{
  .field public valuetype [System.Runtime]System.Runtime.CompilerServices.TaskAwaiter`1<int32> $awaiter_1
  .field public valuetype [System.Runtime]System.Runtime.CompilerServices.AsyncTaskMethodBuilder`1<int32> $builder
  .field public int32 $local_x_2
  .field public class Test.A $outer_self
  .field public int32 $result
  .field public int32 $spill_0
  .field public int32 $state
  .method public hidebysig specialname rtspecialname 
          instance void  .ctor(class Test.A $outer_self) cil managed
  {
    // Code size       14 (0xe)
    .maxstack  64
    IL_0000:  ldarg.0
    IL_0001:  call       instance void [System.Runtime]System.Object::.ctor()
    IL_0006:  ldarg.0
    IL_0007:  ldarg.1
    IL_0008:  stfld      class Test.A Test.$AsyncStateMachine__compute_0::$outer_self
    IL_000d:  ret
  } // end of method $AsyncStateMachine__compute_0::.ctor

  .method public hidebysig newslot virtual final 
          instance void  MoveNext() cil managed
  {
    // Code size       193 (0xc1)
    .maxstack  64
    .locals init (int32 V_0,
             int32 V_1,
             class [System.Runtime]System.Exception V_2)
    .try
    {
      IL_0000:  ldarg.0
      IL_0001:  ldfld      int32 Test.$AsyncStateMachine__compute_0::$state
      IL_0006:  stloc.0
      IL_0007:  ldloc.0
      IL_0008:  ldc.i4.1
      IL_0009:  beq        IL_0051

      IL_000e:  ldarg.0
      IL_000f:  ldc.i4.s   42
      IL_0011:  call       class [System.Runtime]System.Threading.Tasks.Task`1<!!0> [System.Runtime]System.Threading.Tasks.Task::FromResult<int32>(!!0)
      IL_0016:  callvirt   instance valuetype [System.Runtime]System.Runtime.CompilerServices.TaskAwaiter`1<!0> class [System.Runtime]System.Threading.Tasks.Task`1<int32>::GetAwaiter()
      IL_001b:  stfld      valuetype [System.Runtime]System.Runtime.CompilerServices.TaskAwaiter`1<int32> Test.$AsyncStateMachine__compute_0::$awaiter_1
      IL_0020:  ldarg.0
      IL_0021:  ldflda     valuetype [System.Runtime]System.Runtime.CompilerServices.TaskAwaiter`1<int32> Test.$AsyncStateMachine__compute_0::$awaiter_1
      IL_0026:  call       instance bool valuetype [System.Runtime]System.Runtime.CompilerServices.TaskAwaiter`1<int32>::get_IsCompleted()
      IL_002b:  brtrue     IL_005a

      IL_0030:  ldarg.0
      IL_0031:  ldc.i4.1
      IL_0032:  dup
      IL_0033:  stloc.0
      IL_0034:  stfld      int32 Test.$AsyncStateMachine__compute_0::$state
      IL_0039:  ldarg.0
      IL_003a:  ldflda     valuetype [System.Runtime]System.Runtime.CompilerServices.AsyncTaskMethodBuilder`1<int32> Test.$AsyncStateMachine__compute_0::$builder
      IL_003f:  ldarg.0
      IL_0040:  ldflda     valuetype [System.Runtime]System.Runtime.CompilerServices.TaskAwaiter`1<int32> Test.$AsyncStateMachine__compute_0::$awaiter_1
      IL_0045:  ldarga.s   0
      IL_0047:  call       instance void valuetype [System.Runtime]System.Runtime.CompilerServices.AsyncTaskMethodBuilder`1<int32>::AwaitUnsafeOnCompleted<valuetype [System.Runtime]System.Runtime.CompilerServices.TaskAwaiter`1<int32>,class Test.$AsyncStateMachine__compute_0>(!!0&,
                                                                                                                                                                                                                                                                                    !!1&)
      IL_004c:  leave      IL_00c0

      IL_0051:  ldarg.0
      IL_0052:  ldc.i4.m1
      IL_0053:  dup
      IL_0054:  stloc.0
      IL_0055:  stfld      int32 Test.$AsyncStateMachine__compute_0::$state
      IL_005a:  ldarg.0
      IL_005b:  ldflda     valuetype [System.Runtime]System.Runtime.CompilerServices.TaskAwaiter`1<int32> Test.$AsyncStateMachine__compute_0::$awaiter_1
      IL_0060:  call       instance !0 valuetype [System.Runtime]System.Runtime.CompilerServices.TaskAwaiter`1<int32>::GetResult()
      IL_0065:  stloc.1
      IL_0066:  ldarg.0
      IL_0067:  ldloc.1
      IL_0068:  stfld      int32 Test.$AsyncStateMachine__compute_0::$spill_0
      IL_006d:  ldarg.0
      IL_006e:  ldarg.0
      IL_006f:  ldfld      int32 Test.$AsyncStateMachine__compute_0::$spill_0
      IL_0074:  stfld      int32 Test.$AsyncStateMachine__compute_0::$local_x_2
      IL_0079:  ldarg.0
      IL_007a:  ldarg.0
      IL_007b:  ldfld      int32 Test.$AsyncStateMachine__compute_0::$local_x_2
      IL_0080:  stfld      int32 Test.$AsyncStateMachine__compute_0::$result
      IL_0085:  leave      IL_00a8

      IL_008a:  leave      IL_00a8

    }  // end .try
    catch [System.Runtime]System.Exception 
    {
      IL_008f:  stloc.2
      IL_0090:  ldarg.0
      IL_0091:  ldc.i4.m1
      IL_0092:  stfld      int32 Test.$AsyncStateMachine__compute_0::$state
      IL_0097:  ldarg.0
      IL_0098:  ldflda     valuetype [System.Runtime]System.Runtime.CompilerServices.AsyncTaskMethodBuilder`1<int32> Test.$AsyncStateMachine__compute_0::$builder
      IL_009d:  ldloc.2
      IL_009e:  call       instance void valuetype [System.Runtime]System.Runtime.CompilerServices.AsyncTaskMethodBuilder`1<int32>::SetException(class [System.Runtime]System.Exception)
      IL_00a3:  leave      IL_00c0

    }  // end handler
    IL_00a8:  ldarg.0
    IL_00a9:  ldc.i4.m1
    IL_00aa:  stfld      int32 Test.$AsyncStateMachine__compute_0::$state
    IL_00af:  ldarg.0
    IL_00b0:  ldflda     valuetype [System.Runtime]System.Runtime.CompilerServices.AsyncTaskMethodBuilder`1<int32> Test.$AsyncStateMachine__compute_0::$builder
    IL_00b5:  ldarg.0
    IL_00b6:  ldfld      int32 Test.$AsyncStateMachine__compute_0::$result
    IL_00bb:  call       instance void valuetype [System.Runtime]System.Runtime.CompilerServices.AsyncTaskMethodBuilder`1<int32>::SetResult(!0)
    IL_00c0:  ret
  } // end of method $AsyncStateMachine__compute_0::MoveNext

  .method public hidebysig newslot virtual final 
          instance void  SetStateMachine(class [System.Runtime]System.Runtime.CompilerServices.IAsyncStateMachine A_1) cil managed
  {
    // Code size       1 (0x1)
    .maxstack  64
    IL_0000:  ret
  } // end of method $AsyncStateMachine__compute_0::SetStateMachine

} // end of class Test.$AsyncStateMachine__compute_0

.class public auto ansi beforefieldinit Test.$AsyncStateMachine_run_1
       extends [System.Runtime]System.Object
       implements [System.Runtime]System.Runtime.CompilerServices.IAsyncStateMachine
{
  .field public valuetype [System.Runtime]System.Runtime.CompilerServices.TaskAwaiter`1<int32> $awaiter_1
  .field public valuetype [System.Runtime]System.Runtime.CompilerServices.AsyncTaskMethodBuilder`1<int32> $builder
  .field public int32 $local_y_2
  .field public class Test.A $outer_self
  .field public int32 $result
  .field public int32 $spill_0
  .field public int32 $state
  .method public hidebysig specialname rtspecialname 
          instance void  .ctor(class Test.A $outer_self) cil managed
  {
    // Code size       14 (0xe)
    .maxstack  64
    IL_0000:  ldarg.0
    IL_0001:  call       instance void [System.Runtime]System.Object::.ctor()
    IL_0006:  ldarg.0
    IL_0007:  ldarg.1
    IL_0008:  stfld      class Test.A Test.$AsyncStateMachine_run_1::$outer_self
    IL_000d:  ret
  } // end of method $AsyncStateMachine_run_1::.ctor

  .method public hidebysig newslot virtual final 
          instance void  MoveNext() cil managed
  {
    // Code size       197 (0xc5)
    .maxstack  64
    .locals init (int32 V_0,
             int32 V_1,
             class [System.Runtime]System.Exception V_2)
    .try
    {
      IL_0000:  ldarg.0
      IL_0001:  ldfld      int32 Test.$AsyncStateMachine_run_1::$state
      IL_0006:  stloc.0
      IL_0007:  ldloc.0
      IL_0008:  ldc.i4.1
      IL_0009:  beq        IL_0055

      IL_000e:  ldarg.0
      IL_000f:  ldarg.0
      IL_0010:  ldfld      class Test.A Test.$AsyncStateMachine_run_1::$outer_self
      IL_0015:  callvirt   instance class [System.Runtime]System.Threading.Tasks.Task`1<int32> Test.A::_compute()
      IL_001a:  callvirt   instance valuetype [System.Runtime]System.Runtime.CompilerServices.TaskAwaiter`1<!0> class [System.Runtime]System.Threading.Tasks.Task`1<int32>::GetAwaiter()
      IL_001f:  stfld      valuetype [System.Runtime]System.Runtime.CompilerServices.TaskAwaiter`1<int32> Test.$AsyncStateMachine_run_1::$awaiter_1
      IL_0024:  ldarg.0
      IL_0025:  ldflda     valuetype [System.Runtime]System.Runtime.CompilerServices.TaskAwaiter`1<int32> Test.$AsyncStateMachine_run_1::$awaiter_1
      IL_002a:  call       instance bool valuetype [System.Runtime]System.Runtime.CompilerServices.TaskAwaiter`1<int32>::get_IsCompleted()
      IL_002f:  brtrue     IL_005e

      IL_0034:  ldarg.0
      IL_0035:  ldc.i4.1
      IL_0036:  dup
      IL_0037:  stloc.0
      IL_0038:  stfld      int32 Test.$AsyncStateMachine_run_1::$state
      IL_003d:  ldarg.0
      IL_003e:  ldflda     valuetype [System.Runtime]System.Runtime.CompilerServices.AsyncTaskMethodBuilder`1<int32> Test.$AsyncStateMachine_run_1::$builder
      IL_0043:  ldarg.0
      IL_0044:  ldflda     valuetype [System.Runtime]System.Runtime.CompilerServices.TaskAwaiter`1<int32> Test.$AsyncStateMachine_run_1::$awaiter_1
      IL_0049:  ldarga.s   0
      IL_004b:  call       instance void valuetype [System.Runtime]System.Runtime.CompilerServices.AsyncTaskMethodBuilder`1<int32>::AwaitUnsafeOnCompleted<valuetype [System.Runtime]System.Runtime.CompilerServices.TaskAwaiter`1<int32>,class Test.$AsyncStateMachine_run_1>(!!0&,
                                                                                                                                                                                                                                                                               !!1&)
      IL_0050:  leave      IL_00c4

      IL_0055:  ldarg.0
      IL_0056:  ldc.i4.m1
      IL_0057:  dup
      IL_0058:  stloc.0
      IL_0059:  stfld      int32 Test.$AsyncStateMachine_run_1::$state
      IL_005e:  ldarg.0
      IL_005f:  ldflda     valuetype [System.Runtime]System.Runtime.CompilerServices.TaskAwaiter`1<int32> Test.$AsyncStateMachine_run_1::$awaiter_1
      IL_0064:  call       instance !0 valuetype [System.Runtime]System.Runtime.CompilerServices.TaskAwaiter`1<int32>::GetResult()
      IL_0069:  stloc.1
      IL_006a:  ldarg.0
      IL_006b:  ldloc.1
      IL_006c:  stfld      int32 Test.$AsyncStateMachine_run_1::$spill_0
      IL_0071:  ldarg.0
      IL_0072:  ldarg.0
      IL_0073:  ldfld      int32 Test.$AsyncStateMachine_run_1::$spill_0
      IL_0078:  stfld      int32 Test.$AsyncStateMachine_run_1::$local_y_2
      IL_007d:  ldarg.0
      IL_007e:  ldarg.0
      IL_007f:  ldfld      int32 Test.$AsyncStateMachine_run_1::$local_y_2
      IL_0084:  stfld      int32 Test.$AsyncStateMachine_run_1::$result
      IL_0089:  leave      IL_00ac

      IL_008e:  leave      IL_00ac

    }  // end .try
    catch [System.Runtime]System.Exception 
    {
      IL_0093:  stloc.2
      IL_0094:  ldarg.0
      IL_0095:  ldc.i4.m1
      IL_0096:  stfld      int32 Test.$AsyncStateMachine_run_1::$state
      IL_009b:  ldarg.0
      IL_009c:  ldflda     valuetype [System.Runtime]System.Runtime.CompilerServices.AsyncTaskMethodBuilder`1<int32> Test.$AsyncStateMachine_run_1::$builder
      IL_00a1:  ldloc.2
      IL_00a2:  call       instance void valuetype [System.Runtime]System.Runtime.CompilerServices.AsyncTaskMethodBuilder`1<int32>::SetException(class [System.Runtime]System.Exception)
      IL_00a7:  leave      IL_00c4

    }  // end handler
    IL_00ac:  ldarg.0
    IL_00ad:  ldc.i4.m1
    IL_00ae:  stfld      int32 Test.$AsyncStateMachine_run_1::$state
    IL_00b3:  ldarg.0
    IL_00b4:  ldflda     valuetype [System.Runtime]System.Runtime.CompilerServices.AsyncTaskMethodBuilder`1<int32> Test.$AsyncStateMachine_run_1::$builder
    IL_00b9:  ldarg.0
    IL_00ba:  ldfld      int32 Test.$AsyncStateMachine_run_1::$result
    IL_00bf:  call       instance void valuetype [System.Runtime]System.Runtime.CompilerServices.AsyncTaskMethodBuilder`1<int32>::SetResult(!0)
    IL_00c4:  ret
  } // end of method $AsyncStateMachine_run_1::MoveNext

  .method public hidebysig newslot virtual final 
          instance void  SetStateMachine(class [System.Runtime]System.Runtime.CompilerServices.IAsyncStateMachine A_1) cil managed
  {
    // Code size       1 (0x1)
    .maxstack  64
    IL_0000:  ret
  } // end of method $AsyncStateMachine_run_1::SetStateMachine

} // end of class Test.$AsyncStateMachine_run_1


// =============================================================

// *********** DISASSEMBLY COMPLETE ***********************
