.class public auto ansi beforefieldinit 'Test'.'A' extends ['System.Runtime']'System'.'Object' 
{
.custom instance void ['ghul-runtime']Ghul.Internal.CLOSED_ATTRIBUTE::.ctor() = ( 01 00 00 00 )
.method assembly virtual hidebysig instance  default class ['System.Runtime']'System'.'Threading'.'Tasks'.'Task`1' <int32 > '_compute'() cil managed
{
.maxstack 64
.locals init (class 'Test'.'$AsyncStateMachine__compute_0'  '.sm')
ldarg.0
newobj instance void class 'Test'.'$AsyncStateMachine__compute_0' ::'.ctor'(class 'Test'.'A' )
stloc '.sm'
ldloc '.sm'
ldc.i4.m1
stfld int32 class 'Test'.'$AsyncStateMachine__compute_0' ::'$state'
ldloc '.sm'
call valuetype ['System.Runtime']'System'.'Runtime'.'CompilerServices'.'AsyncTaskMethodBuilder`1' <!0 >  valuetype ['System.Runtime']'System'.'Runtime'.'CompilerServices'.'AsyncTaskMethodBuilder`1' <int32 > ::'Create'()
stfld valuetype ['System.Runtime']'System'.'Runtime'.'CompilerServices'.'AsyncTaskMethodBuilder`1' <int32 > class 'Test'.'$AsyncStateMachine__compute_0' ::'$builder'
ldloc '.sm'
ldflda valuetype ['System.Runtime']'System'.'Runtime'.'CompilerServices'.'AsyncTaskMethodBuilder`1' <int32 > class 'Test'.'$AsyncStateMachine__compute_0' ::'$builder'
ldloca '.sm'
call instance void valuetype ['System.Runtime']'System'.'Runtime'.'CompilerServices'.'AsyncTaskMethodBuilder`1' <int32 > ::'Start'<class 'Test'.'$AsyncStateMachine__compute_0' >(!!0&)
ldloc '.sm'
ldflda valuetype ['System.Runtime']'System'.'Runtime'.'CompilerServices'.'AsyncTaskMethodBuilder`1' <int32 > class 'Test'.'$AsyncStateMachine__compute_0' ::'$builder'
call instance class ['System.Runtime']'System'.'Threading'.'Tasks'.'Task`1' <!0 >  valuetype ['System.Runtime']'System'.'Runtime'.'CompilerServices'.'AsyncTaskMethodBuilder`1' <int32 > ::'get_Task'()
ret
}
.method public virtual hidebysig instance  default class ['System.Runtime']'System'.'Threading'.'Tasks'.'Task`1' <int32 > 'run'() cil managed
{
.maxstack 64
.locals init (class 'Test'.'$AsyncStateMachine_run_1'  '.sm')
ldarg.0
newobj instance void class 'Test'.'$AsyncStateMachine_run_1' ::'.ctor'(class 'Test'.'A' )
stloc '.sm'
ldloc '.sm'
ldc.i4.m1
stfld int32 class 'Test'.'$AsyncStateMachine_run_1' ::'$state'
ldloc '.sm'
call valuetype ['System.Runtime']'System'.'Runtime'.'CompilerServices'.'AsyncTaskMethodBuilder`1' <!0 >  valuetype ['System.Runtime']'System'.'Runtime'.'CompilerServices'.'AsyncTaskMethodBuilder`1' <int32 > ::'Create'()
stfld valuetype ['System.Runtime']'System'.'Runtime'.'CompilerServices'.'AsyncTaskMethodBuilder`1' <int32 > class 'Test'.'$AsyncStateMachine_run_1' ::'$builder'
ldloc '.sm'
ldflda valuetype ['System.Runtime']'System'.'Runtime'.'CompilerServices'.'AsyncTaskMethodBuilder`1' <int32 > class 'Test'.'$AsyncStateMachine_run_1' ::'$builder'
ldloca '.sm'
call instance void valuetype ['System.Runtime']'System'.'Runtime'.'CompilerServices'.'AsyncTaskMethodBuilder`1' <int32 > ::'Start'<class 'Test'.'$AsyncStateMachine_run_1' >(!!0&)
ldloc '.sm'
ldflda valuetype ['System.Runtime']'System'.'Runtime'.'CompilerServices'.'AsyncTaskMethodBuilder`1' <int32 > class 'Test'.'$AsyncStateMachine_run_1' ::'$builder'
call instance class ['System.Runtime']'System'.'Threading'.'Tasks'.'Task`1' <!0 >  valuetype ['System.Runtime']'System'.'Runtime'.'CompilerServices'.'AsyncTaskMethodBuilder`1' <int32 > ::'get_Task'()
ret
}
}
.class private auto ansi beforefieldinit 'Test'.'$AsyncStateMachine__compute_0' extends ['System.Runtime']'System'.'Object' implements ['System.Runtime']'System'.'Runtime'.'CompilerServices'.'IAsyncStateMachine' 
{
.field public int32 '$state'
.field public valuetype ['System.Runtime']'System'.'Runtime'.'CompilerServices'.'AsyncTaskMethodBuilder`1' <int32 > '$builder'
.field public int32 '$result'
.field public class 'Test'.'A' '$outer_self'
.field public int32 '$local_x_0'
.field public int32 '$spill_2'
.field public valuetype ['System.Runtime']'System'.'Runtime'.'CompilerServices'.'TaskAwaiter`1' <int32 > '$awaiter_1'
.method public hidebysig specialname instance  default void '.ctor'(class 'Test'.'A' '$outer_self') cil managed
{
.maxstack 8
ldarg.0
call instance void ['System.Runtime']'System'.'Object'::'.ctor'()
ldarg.0
ldarg '$outer_self'
stfld class 'Test'.'A' class 'Test'.'$AsyncStateMachine__compute_0' ::'$outer_self'
ret
}
.method public final hidebysig newslot virtual instance default void 'MoveNext'() cil managed
{
.override class ['System.Runtime']System.Runtime.CompilerServices.IAsyncStateMachine::MoveNext
.try {
.maxstack 64
.locals init (int32 '.async_state')
ldarg.0
ldfld int32 class 'Test'.'$AsyncStateMachine__compute_0' ::'$state'
stloc '.async_state'
ldloc '.async_state'
ldc.i4 1
beq L_2
.maxstack 64
.locals init (int32  '.await_bridge.0')
ldarg.0
ldc.i4 42
call class ['System.Runtime']'System'.'Threading'.'Tasks'.'Task`1' <!!0 > class ['System.Runtime']'System'.'Threading'.'Tasks'.'Task' ::'FromResult'<int32 >(!!0 )
callvirt instance valuetype ['System.Runtime']'System'.'Runtime'.'CompilerServices'.'TaskAwaiter`1' <!0 >  class ['System.Runtime']'System'.'Threading'.'Tasks'.'Task`1' <int32 > ::'GetAwaiter'()
stfld valuetype ['System.Runtime']'System'.'Runtime'.'CompilerServices'.'TaskAwaiter`1' <int32 > class 'Test'.'$AsyncStateMachine__compute_0' ::'$awaiter_1'
ldarg.0
ldflda valuetype ['System.Runtime']'System'.'Runtime'.'CompilerServices'.'TaskAwaiter`1' <int32 > class 'Test'.'$AsyncStateMachine__compute_0' ::'$awaiter_1'
call instance bool valuetype ['System.Runtime']'System'.'Runtime'.'CompilerServices'.'TaskAwaiter`1' <int32 > ::'get_IsCompleted'()
brtrue L_3
ldarg.0
ldc.i4 1
dup
stloc '.async_state'
stfld int32 class 'Test'.'$AsyncStateMachine__compute_0' ::'$state'
ldarg.0
ldflda valuetype ['System.Runtime']'System'.'Runtime'.'CompilerServices'.'AsyncTaskMethodBuilder`1' <int32 > class 'Test'.'$AsyncStateMachine__compute_0' ::'$builder'
ldarg.0
ldflda valuetype ['System.Runtime']'System'.'Runtime'.'CompilerServices'.'TaskAwaiter`1' <int32 > class 'Test'.'$AsyncStateMachine__compute_0' ::'$awaiter_1'
ldarga.s 0
call instance void valuetype ['System.Runtime']'System'.'Runtime'.'CompilerServices'.'AsyncTaskMethodBuilder`1' <int32 > ::'AwaitUnsafeOnCompleted'<valuetype ['System.Runtime']'System'.'Runtime'.'CompilerServices'.'TaskAwaiter`1' <int32 > , class 'Test'.'$AsyncStateMachine__compute_0' >(!!0&, !!1&)
leave L_1
L_2:
ldarg.0
ldc.i4.m1
dup
stloc '.async_state'
stfld int32 class 'Test'.'$AsyncStateMachine__compute_0' ::'$state'
L_3:
ldarg.0
ldflda valuetype ['System.Runtime']'System'.'Runtime'.'CompilerServices'.'TaskAwaiter`1' <int32 > class 'Test'.'$AsyncStateMachine__compute_0' ::'$awaiter_1'
call instance !0 valuetype ['System.Runtime']'System'.'Runtime'.'CompilerServices'.'TaskAwaiter`1' <int32 > ::'GetResult'()
stloc '.await_bridge.0'
ldarg.0
ldloc '.await_bridge.0'
stfld int32 class 'Test'.'$AsyncStateMachine__compute_0' ::'$spill_2'
ldarg.0
ldarg.0
ldfld int32 class 'Test'.'$AsyncStateMachine__compute_0' ::'$spill_2'
stfld int32 class 'Test'.'$AsyncStateMachine__compute_0' ::'$local_x_0'
ldarg.0
ldarg.0
ldfld int32 class 'Test'.'$AsyncStateMachine__compute_0' ::'$local_x_0'
stfld int32 class 'Test'.'$AsyncStateMachine__compute_0' ::'$result'
leave L_0
leave L_0
}
catch class ['System.Runtime']System.Exception {
.locals init (class ['System.Runtime']System.Exception '.exception')
stloc '.exception'
ldarg.0
ldc.i4.m1
stfld int32 class 'Test'.'$AsyncStateMachine__compute_0' ::'$state'
ldarg.0
ldflda valuetype ['System.Runtime']'System'.'Runtime'.'CompilerServices'.'AsyncTaskMethodBuilder`1' <int32 > class 'Test'.'$AsyncStateMachine__compute_0' ::'$builder'
ldloc '.exception'
call instance void valuetype ['System.Runtime']'System'.'Runtime'.'CompilerServices'.'AsyncTaskMethodBuilder`1' <int32 > ::'SetException'(class ['System.Runtime']System.Exception)
leave L_1
}
L_0:
ldarg.0
ldc.i4.m1
stfld int32 class 'Test'.'$AsyncStateMachine__compute_0' ::'$state'
ldarg.0
ldflda valuetype ['System.Runtime']'System'.'Runtime'.'CompilerServices'.'AsyncTaskMethodBuilder`1' <int32 > class 'Test'.'$AsyncStateMachine__compute_0' ::'$builder'
ldarg.0
ldfld int32 class 'Test'.'$AsyncStateMachine__compute_0' ::'$result'
call instance void valuetype ['System.Runtime']'System'.'Runtime'.'CompilerServices'.'AsyncTaskMethodBuilder`1' <int32 > ::'SetResult'(!0)
L_1:
ret
}

    // SetStateMachine — required by the IAsyncStateMachine interface.
    // For a class-based state machine (what ghūl emits — C# Release
    // uses structs), the implementation is a no-op: the runtime
    // never re-boxes a reference state machine, so there's nothing
    // to do. C# emits the same trivial override for class-based
    // state machines.
    //
    // No placeholders — the .override directive points at the
    // standard System.Runtime interface method.
    .method private final virtual hidebysig newslot specialname instance default void System.Runtime.CompilerServices.IAsyncStateMachine.SetStateMachine (class ['System.Runtime']System.Runtime.CompilerServices.IAsyncStateMachine stateMachine)  cil managed
    {
        .override class ['System.Runtime']System.Runtime.CompilerServices.IAsyncStateMachine::SetStateMachine
        .maxstack 8
        ret
    }

}
.class private auto ansi beforefieldinit 'Test'.'$AsyncStateMachine_run_1' extends ['System.Runtime']'System'.'Object' implements ['System.Runtime']'System'.'Runtime'.'CompilerServices'.'IAsyncStateMachine' 
{
.field public int32 '$state'
.field public valuetype ['System.Runtime']'System'.'Runtime'.'CompilerServices'.'AsyncTaskMethodBuilder`1' <int32 > '$builder'
.field public int32 '$result'
.field public class 'Test'.'A' '$outer_self'
.field public int32 '$local_y_0'
.field public int32 '$spill_2'
.field public valuetype ['System.Runtime']'System'.'Runtime'.'CompilerServices'.'TaskAwaiter`1' <int32 > '$awaiter_1'
.method public hidebysig specialname instance  default void '.ctor'(class 'Test'.'A' '$outer_self') cil managed
{
.maxstack 8
ldarg.0
call instance void ['System.Runtime']'System'.'Object'::'.ctor'()
ldarg.0
ldarg '$outer_self'
stfld class 'Test'.'A' class 'Test'.'$AsyncStateMachine_run_1' ::'$outer_self'
ret
}
.method public final hidebysig newslot virtual instance default void 'MoveNext'() cil managed
{
.override class ['System.Runtime']System.Runtime.CompilerServices.IAsyncStateMachine::MoveNext
.try {
.maxstack 64
.locals init (int32 '.async_state')
ldarg.0
ldfld int32 class 'Test'.'$AsyncStateMachine_run_1' ::'$state'
stloc '.async_state'
ldloc '.async_state'
ldc.i4 1
beq L_6
.maxstack 64
.locals init (int32  '.await_bridge.1')
ldarg.0
ldarg.0
ldfld class 'Test'.'A' class 'Test'.'$AsyncStateMachine_run_1' ::'$outer_self'
callvirt instance class ['System.Runtime']'System'.'Threading'.'Tasks'.'Task`1' <int32 > class 'Test'.'A' ::'_compute'()
callvirt instance valuetype ['System.Runtime']'System'.'Runtime'.'CompilerServices'.'TaskAwaiter`1' <!0 >  class ['System.Runtime']'System'.'Threading'.'Tasks'.'Task`1' <int32 > ::'GetAwaiter'()
stfld valuetype ['System.Runtime']'System'.'Runtime'.'CompilerServices'.'TaskAwaiter`1' <int32 > class 'Test'.'$AsyncStateMachine_run_1' ::'$awaiter_1'
ldarg.0
ldflda valuetype ['System.Runtime']'System'.'Runtime'.'CompilerServices'.'TaskAwaiter`1' <int32 > class 'Test'.'$AsyncStateMachine_run_1' ::'$awaiter_1'
call instance bool valuetype ['System.Runtime']'System'.'Runtime'.'CompilerServices'.'TaskAwaiter`1' <int32 > ::'get_IsCompleted'()
brtrue L_7
ldarg.0
ldc.i4 1
dup
stloc '.async_state'
stfld int32 class 'Test'.'$AsyncStateMachine_run_1' ::'$state'
ldarg.0
ldflda valuetype ['System.Runtime']'System'.'Runtime'.'CompilerServices'.'AsyncTaskMethodBuilder`1' <int32 > class 'Test'.'$AsyncStateMachine_run_1' ::'$builder'
ldarg.0
ldflda valuetype ['System.Runtime']'System'.'Runtime'.'CompilerServices'.'TaskAwaiter`1' <int32 > class 'Test'.'$AsyncStateMachine_run_1' ::'$awaiter_1'
ldarga.s 0
call instance void valuetype ['System.Runtime']'System'.'Runtime'.'CompilerServices'.'AsyncTaskMethodBuilder`1' <int32 > ::'AwaitUnsafeOnCompleted'<valuetype ['System.Runtime']'System'.'Runtime'.'CompilerServices'.'TaskAwaiter`1' <int32 > , class 'Test'.'$AsyncStateMachine_run_1' >(!!0&, !!1&)
leave L_5
L_6:
ldarg.0
ldc.i4.m1
dup
stloc '.async_state'
stfld int32 class 'Test'.'$AsyncStateMachine_run_1' ::'$state'
L_7:
ldarg.0
ldflda valuetype ['System.Runtime']'System'.'Runtime'.'CompilerServices'.'TaskAwaiter`1' <int32 > class 'Test'.'$AsyncStateMachine_run_1' ::'$awaiter_1'
call instance !0 valuetype ['System.Runtime']'System'.'Runtime'.'CompilerServices'.'TaskAwaiter`1' <int32 > ::'GetResult'()
stloc '.await_bridge.1'
ldarg.0
ldloc '.await_bridge.1'
stfld int32 class 'Test'.'$AsyncStateMachine_run_1' ::'$spill_2'
ldarg.0
ldarg.0
ldfld int32 class 'Test'.'$AsyncStateMachine_run_1' ::'$spill_2'
stfld int32 class 'Test'.'$AsyncStateMachine_run_1' ::'$local_y_0'
ldarg.0
ldarg.0
ldfld int32 class 'Test'.'$AsyncStateMachine_run_1' ::'$local_y_0'
stfld int32 class 'Test'.'$AsyncStateMachine_run_1' ::'$result'
leave L_4
leave L_4
}
catch class ['System.Runtime']System.Exception {
.locals init (class ['System.Runtime']System.Exception '.exception')
stloc '.exception'
ldarg.0
ldc.i4.m1
stfld int32 class 'Test'.'$AsyncStateMachine_run_1' ::'$state'
ldarg.0
ldflda valuetype ['System.Runtime']'System'.'Runtime'.'CompilerServices'.'AsyncTaskMethodBuilder`1' <int32 > class 'Test'.'$AsyncStateMachine_run_1' ::'$builder'
ldloc '.exception'
call instance void valuetype ['System.Runtime']'System'.'Runtime'.'CompilerServices'.'AsyncTaskMethodBuilder`1' <int32 > ::'SetException'(class ['System.Runtime']System.Exception)
leave L_5
}
L_4:
ldarg.0
ldc.i4.m1
stfld int32 class 'Test'.'$AsyncStateMachine_run_1' ::'$state'
ldarg.0
ldflda valuetype ['System.Runtime']'System'.'Runtime'.'CompilerServices'.'AsyncTaskMethodBuilder`1' <int32 > class 'Test'.'$AsyncStateMachine_run_1' ::'$builder'
ldarg.0
ldfld int32 class 'Test'.'$AsyncStateMachine_run_1' ::'$result'
call instance void valuetype ['System.Runtime']'System'.'Runtime'.'CompilerServices'.'AsyncTaskMethodBuilder`1' <int32 > ::'SetResult'(!0)
L_5:
ret
}

    // SetStateMachine — required by the IAsyncStateMachine interface.
    // For a class-based state machine (what ghūl emits — C# Release
    // uses structs), the implementation is a no-op: the runtime
    // never re-boxes a reference state machine, so there's nothing
    // to do. C# emits the same trivial override for class-based
    // state machines.
    //
    // No placeholders — the .override directive points at the
    // standard System.Runtime interface method.
    .method private final virtual hidebysig newslot specialname instance default void System.Runtime.CompilerServices.IAsyncStateMachine.SetStateMachine (class ['System.Runtime']System.Runtime.CompilerServices.IAsyncStateMachine stateMachine)  cil managed
    {
        .override class ['System.Runtime']System.Runtime.CompilerServices.IAsyncStateMachine::SetStateMachine
        .maxstack 8
        ret
    }

}
