./cases/014-simple-isa/test.ghul: 39,0..40,0: warn: isa Test.SimpleOperators.A always evaluates to true here
./cases/014-simple-isa/test.ghul: 45,0..46,0: warn: isa Test.SimpleOperators.A always evaluates to true here
./cases/014-simple-isa/test.ghul: 51,0..52,0: warn: isa Test.SimpleOperators.A always evaluates to true here
cases/014-simple-isa/test.ghul: 12,9..15,7: warn: legacy compiler cannot infer type here, assuming void
cases/014-simple-isa/test.ghul: 18,9..21,7: warn: legacy compiler cannot infer type here, assuming void
cases/014-simple-isa/test.ghul: 26,9..30,7: warn: legacy compiler cannot infer type here, assuming void
cases/014-simple-isa/test.ghul: 33,9..75,7: warn: legacy compiler cannot infer type here, assuming void
cases/014-simple-isa/test.ghul: 6,9..9,7: warn: legacy compiler cannot infer type here, assuming void
