test.ghul: 30,9..33,11: warn: [purity-mismatch] pure explicit_pure_calls_impure body observed as impure
test.ghul: 36,9..39,11: warn: [purity-mismatch] pure explicit_pure_writes_self body observed as mut
test.ghul: 44,9..46,11: warn: [purity-mismatch] mut explicit_mut_writes_global body observed as impure
test.ghul: 52,9..55,11: warn: [purity-mismatch] pure inferred_pure_calls_impure body observed as impure
test.ghul: 64,9..67,11: warn: [purity-mismatch] pure arrow_body body observed as impure
