test.ghul: 25,13..25,27: error: cannot assign through a copy of a struct value here
test.ghul: 36,13..36,24: error: cannot assign through a copy of a struct value here
test.ghul: 39,13..39,25: error: cannot assign through a copy of a struct value here
test.ghul: 43,13..43,23: error: cannot assign through a copy of a struct value here
test.ghul: 46,13..46,29: error: cannot assign through a copy of a struct value here
