test.ghul: 12,53..12,58: error: no overload found for +(Ghul.int, Ghul.string), tried Ghul.+(a: byte, b: byte) -> Ghul.byte, Ghul.+(a: char, b: char) -> Ghul.char, Ghul.+(a: double, b: double) -> Ghul.double, Ghul.+(a: int, b: int) -> Ghul.int, Ghul.+(a: long, b: long) -> Ghul.long, Ghul.+(a: short, b: short) -> Ghul.short, Ghul.+(a: single, b: single) -> Ghul.single, Ghul.+(a: string, b: object) -> Ghul.string, Ghul.+(a: ubyte, b: ubyte) -> Ghul.ubyte, Ghul.+(a: uint, b: uint) -> Ghul.uint, Ghul.+(a: ulong, b: ulong) -> Ghul.ulong, Ghul.+(a: ushort, b: ushort) -> Ghul.ushort, Ghul.+(a: uword, b: uword) -> Ghul.uword, Ghul.+(a: word, b: word) -> Ghul.word
test.ghul: 21,29..21,48: error: no overload found for expect_func_T_U(Ghul.string, Ghul.string -> ***), tried Test.Main.expect_func_T_U[T,U](t: T, f: T -> U) -> (T, U)
test.ghul: 21,43..21,48: error: no overload found for +(Ghul.int, Ghul.string), tried Ghul.+(a: byte, b: byte) -> Ghul.byte, Ghul.+(a: char, b: char) -> Ghul.char, Ghul.+(a: double, b: double) -> Ghul.double, Ghul.+(a: int, b: int) -> Ghul.int, Ghul.+(a: long, b: long) -> Ghul.long, Ghul.+(a: short, b: short) -> Ghul.short, Ghul.+(a: single, b: single) -> Ghul.single, Ghul.+(a: string, b: object) -> Ghul.string, Ghul.+(a: ubyte, b: ubyte) -> Ghul.ubyte, Ghul.+(a: uint, b: uint) -> Ghul.uint, Ghul.+(a: ulong, b: ulong) -> Ghul.ulong, Ghul.+(a: ushort, b: ushort) -> Ghul.ushort, Ghul.+(a: uword, b: uword) -> Ghul.uword, Ghul.+(a: word, b: word) -> Ghul.word
test.ghul: 24,29..24,45: error: no overload found for expect_func_T_U(null, *** -> Ghul.int), tried Test.Main.expect_func_T_U[T,U](t: T, f: T -> U) -> (T, U)
test.ghul: 24,35..24,36: error: could not infer type here
test.ghul: 27,29..27,39: error: no overload found for expect_func_T_U(null, null), tried Test.Main.expect_func_T_U[T,U](t: T, f: T -> U) -> (T, U)
