test.ghul: 28,23..28,33: error: member test_value not found in Test.DDDD
test.ghul: 71,11..71,15: error: Test.CCCC[System.String].__read_test_value() -> System.String does not implement Test.P.__read_test_value() -> Ghul.int due to different return type System.String
test.ghul: 71,11..71,15: error: inherit multiple properties with the same name but different types Test.CCCC.test_value: System.String,Test.P.test_value: Ghul.int
