test.ghul: 100,20..100,48: error: cannot use void type here
test.ghul: 109,20..109,31: error: cannot use void type here
test.ghul: 112,20..112,40: error: cannot use void type here
test.ghul: 116,21..116,34: error: cannot use void type here
test.ghul: 119,21..119,40: error: cannot use void type here
test.ghul: 122,21..122,47: error: cannot use void type here
test.ghul: 125,21..125,49: error: cannot use void type here
test.ghul: 34,19..34,30: error: cannot use void type here
test.ghul: 37,19..37,36: error: cannot use void type here
test.ghul: 41,19..41,32: error: cannot use void type here
test.ghul: 44,19..44,38: error: cannot use void type here
test.ghul: 47,19..47,45: error: cannot use void type here
test.ghul: 50,19..50,47: error: cannot use void type here
test.ghul: 59,22..59,33: error: cannot use void type here
test.ghul: 62,22..62,40: error: cannot use void type here
test.ghul: 66,22..66,35: error: cannot use void type here
test.ghul: 69,22..69,41: error: cannot use void type here
test.ghul: 72,22..72,48: error: cannot use void type here
test.ghul: 75,22..75,50: error: cannot use void type here
test.ghul: 84,20..84,31: error: cannot use void type here
test.ghul: 87,20..87,40: error: cannot use void type here
test.ghul: 91,20..91,33: error: cannot use void type here
test.ghul: 94,20..94,39: error: cannot use void type here
test.ghul: 97,20..97,46: error: cannot use void type here
