test.ghul: 20,27..20,41: error: no overload found for structured_li(Ghul.double[], Ghul.single[]), tried TEST.structured_li(list: List[double], iterable: Iterable[double]) -> Ghul.single, TEST.structured_li(list: List[string], iterable: Iterable[int]) -> Ghul.bool, TEST.structured_li[T](list: List[T], iterable: Iterable[T]) -> T
test.ghul: 21,27..21,70: error: no overload found for expect_single(Ghul.double[]), tried TEST.expect_single(s: Ghul.single[]) -> Ghul.void
