test.ghul: 26,9..26,46: error: Ghul.int -> Ghul.object is not assignable to Ghul.object -> Ghul.object
test.ghul: 35,9..35,40: error: Ghul.int -> Ghul.object is not assignable to Ghul.int -> Ghul.int
test.ghul: 39,9..39,42: error: Ghul.int -> Ghul.int is not assignable to Ghul.object -> Ghul.int
test.ghul: 42,9..42,43: error: Ghul.int -> Ghul.object is not assignable to Ghul.object -> Ghul.int
test.ghul: 45,9..45,46: error: Ghul.object -> Ghul.object is not assignable to Ghul.object -> Ghul.int
test.ghul: 54,9..54,46: error: Test.Derived -> Test.Derived is not assignable to Test.Base -> Test.Base
test.ghul: 60,9..60,52: error: Test.Derived -> Test.Base is not assignable to Test.Derived -> Test.Derived
test.ghul: 63,9..63,49: error: Test.Derived -> Test.Derived is not assignable to Test.Base -> Test.Derived
test.ghul: 66,9..66,46: error: Test.Base -> Test.Base is not assignable to Test.Base -> Test.Derived
