test.ghul: 104,32..104,37: error: no overload found for %(A), tried TestB.B.%(other: B) -> TestB.B
test.ghul: 104,32..104,37: error: no overload found for %(TestB.B, A), tried DERIVED_C.%(a: A, b: B) -> DERIVED_C, DERIVED_C.%(c: DERIVED_C, a: A) -> DERIVED_C, Ghul.%(a: int, b: int) -> int, Ghul.%(a: long, b: long) -> long, TestA.%(left: A, right: A) -> A
test.ghul: 83,34..83,39: error: no overload found for %(A, TestB.B), tried DERIVED_B.%(a: string, b: string) -> string, Ghul.%(a: int, b: int) -> int, Ghul.%(a: long, b: long) -> long, TestA.%(left: A, right: A) -> A
test.ghul: 84,34..84,39: error: no overload found for %(A), tried TestB.B.%(other: B) -> TestB.B
test.ghul: 84,34..84,39: error: no overload found for %(TestB.B, A), tried DERIVED_B.%(a: string, b: string) -> string, Ghul.%(a: int, b: int) -> int, Ghul.%(a: long, b: long) -> long, TestA.%(left: A, right: A) -> A
test.ghul: 85,34..85,42: error: no overload found for %(A), tried TestB.B.%(other: B) -> TestB.B
test.ghul: 85,34..85,42: error: no overload found for %(DERIVED_B, A), tried DERIVED_B.%(a: string, b: string) -> string, Ghul.%(a: int, b: int) -> int, Ghul.%(a: long, b: long) -> long, TestA.%(left: A, right: A) -> A
