test.ghul: 12,30..12,37: warn: [case-needs-else] case without else may return default: int cannot be exhaustively matched
test.ghul: 6,26..6,33: warn: [case-needs-else] case without else may return default: int cannot be exhaustively matched
test.ghul: 9,27..9,34: warn: [case-needs-else] case without else may return default: int cannot be exhaustively matched
