test.ghul: 12,30..12,60: warn: [case-needs-else] case without else may return default: Ghul.int cannot be exhaustively matched
test.ghul: 6,26..6,54: warn: [case-needs-else] case without else may return default: Ghul.int cannot be exhaustively matched
test.ghul: 9,27..9,56: warn: [case-needs-else] case without else may return default: Ghul.int cannot be exhaustively matched
