test.ghul: 1,17..1,27: error: cannot destructure without initializer
test.ghul: 1,17..1,45: error: destructuring is not supported in a formal argument list
test.ghul: 1,57..1,62: error: no static overload found for +((int, int), (int, int)), tried Ghul.+(a: byte, b: byte) -> byte, Ghul.+(a: char, b: char) -> char, Ghul.+(a: decimal, b: decimal) -> decimal, Ghul.+(a: double, b: double) -> double, Ghul.+(a: int, b: int) -> int, Ghul.+(a: long, b: long) -> long, Ghul.+(a: short, b: short) -> short, Ghul.+(a: single, b: single) -> single, Ghul.+(a: ubyte, b: ubyte) -> ubyte, Ghul.+(a: uint, b: uint) -> uint, Ghul.+(a: ulong, b: ulong) -> ulong, Ghul.+(a: ushort, b: ushort) -> ushort, Ghul.+(a: uword, b: uword) -> uword, Ghul.+(a: word, b: word) -> word
