test.ghul: 11,18..11,24: error: cannot access instance member _field in instance_member_via_type_name__test.TEST
test.ghul: 14,18..14,31: error: cannot access instance member auto_property in instance_member_via_type_name__test.TEST
test.ghul: 17,18..17,26: error: cannot access instance member property in instance_member_via_type_name__test.TEST
test.ghul: 20,25..20,29: error: no static overload found for method(Ghul.int)
