test.ghul: 11,14..11,22: error: cannot access instance member property in instance_member_via_type_name__test.TEST
test.ghul: 14,21..14,25: error: no static overload found for method(Ghul.int)
test.ghul: 5,14..5,20: error: cannot access instance member _field in instance_member_via_type_name__test.TEST
test.ghul: 8,14..8,27: error: cannot access instance member auto_property in instance_member_via_type_name__test.TEST
