test.ghul: 14,19..14,24: error: in secondary expression: expected ) but found identifier stloc
test.ghul: 14,19..14,24: error: symbol not found: stloc
test.ghul: 14,19..14,24: error: syntax error: expected ; but found identifier stloc
test.ghul: 14,25..14,27: error: syntax error: expected ; but found { 
test.ghul: 14,35..14,36: error: newline in string literal
test.ghul: 15,13..15,16: error: syntax error: expected ; but found identifier log
test.ghul: 15,19..15,25: error: in secondary expression: expected ) but found identifier ldloca
test.ghul: 15,19..15,25: error: symbol not found: ldloca
test.ghul: 15,19..15,25: error: syntax error: expected ; but found identifier ldloca
test.ghul: 15,26..15,28: error: syntax error: expected ; but found { 
test.ghul: 15,36..15,37: error: newline in string literal
test.ghul: 18,36..18,43: error: syntax error: expected ; but found identifier address
test.ghul: 18,44..18,45: error: in type expression: expected ( or identifier but found [
test.ghul: 18,45..18,47: error: in variable: expected ( or identifier but found { 
test.ghul: 18,45..18,47: error: syntax error: expected ; but found { 
test.ghul: 18,45..18,47: error: syntax error: expected ] but found { 
test.ghul: 18,47..18,50: error: in member: expected :, ;, = or => but found identifier _id
test.ghul: 18,50..18,52: error: in member: expected :, ;, = or => but found } 
test.ghul: 18,52..18,53: error: in function name: expected identifier or operator but found ]
test.ghul: 18,52..18,53: error: in function name: expected identifier or operator but found ]
test.ghul: 18,52..18,53: error: in member: expected :, ;, = or => but found ]
test.ghul: 18,52..18,53: error: in variable: expected ( or identifier but found ]
test.ghul: 18,52..18,53: error: in variable: expected ( or identifier but found ]
test.ghul: 18,52..18,53: error: syntax error: expected ( but found ]
test.ghul: 18,52..18,53: error: syntax error: expected ( but found ]
test.ghul: 19,5..19,7: error: in member: expected :, ;, = or => but found si
test.ghul: 8,17..8,23: error: symbol not found: result
test.ghul: 8,28..8,46: error: character literal is too long
test.ghul: 8,28..8,46: error: syntax error: expected ; but found char literal .address."{_id}"
test.ghul: 8,46..8,48: error: syntax error: expected ; but found string literal 
