ldarg.0
ldc.i4 12345
stfld int32 class 'Test'.'BASE'::'_test_0'
ldarg.0
ldstr bytearray (68 00 65 00 6C 00 6C 00 6F 00 2C 00 20 00 77 00 6F 00 72 00 6C 00 64 00 )
stfld class [System.Runtime]System.String class 'Test'.'BASE'::'_test_1'
.locals init (int32 't0.0')
ldarg.0
ldfld int32 class 'Test'.'BASE'::'_test_0'
stloc 't0.0'
.locals init (class [System.Runtime]System.String 't1.1')
ldarg.0
ldfld class [System.Runtime]System.String class 'Test'.'BASE'::'_test_1'
stloc 't1.1'
