array: [10,20,30,40] count=4
array-list: [10,20,30,40] count=4
list: [6,7,8] count=3
list-list: [6,7,8] count=3
range: [0,1,4,9,16] count=5
inclusive: [1,2,3,4,5] count=5
empty-range: [] count=0
empty-range-list: [] count=0
repeat-literal: [9,9,9] count=3
repeat-variable: [5,5,5] count=3
index: [1,12,23,34] count=4
filter: [2,4] count=2
take: [0,1,2] count=3
skip: [8,9] count=2
