test.ghul: 10,18..10,19: error: a match marker is only allowed in a refutable pattern (if let, while let or case-when arm)
test.ghul: 16,26..16,27: error: a match marker is only allowed in a refutable pattern (if let, while let or case-when arm)
test.ghul: 21,42..21,44: error: a match marker is only allowed in a refutable pattern (if let, while let or case-when arm)
test.ghul: 21,53..21,54: error: symbol not found: b
test.ghul: 28,21..28,23: error: a match marker cannot be applied to a destructure group
test.ghul: 35,20..35,21: error: a match marker is only allowed on a destructure leaf
