test.ghul: 18,13..18,17: error: indexer is read-only in Ghul.int[]
test.ghul: 20,13..20,23: error: indexer [Ghul.string] = Ghul.int not found in Collections.LIST[Ghul.int]
test.ghul: 21,13..21,18: error: indexer [Ghul.int] = Ghul.string not found in Collections.LIST[Ghul.int]
test.ghul: 26,21..26,31: error: indexer [Ghul.string] not found in Collections.LIST[Ghul.int]
test.ghul: 28,13..28,17: error: no indexer found in Ghul.int
test.ghul: 30,21..30,25: error: no indexer found in Ghul.int
test.ghul: 32,21..32,31: error: indexer [Ghul.string] not found in Ghul.int[]
