test.ghul: 29,20..29,24: error: call is ambiguous test(int), tried CCCC[int].test(cccc_i1: int) -> void, CCCC[int].test(cccc_u: int) -> void
test.ghul: 34,17..34,25: error: DDDD is not assignable to I
test.ghul: 36,20..36,24: error: call is ambiguous test(int), tried I.test(i_i: int) -> void, I.test(j: int) -> void
test.ghul: 38,23..38,33: error: member test_value not found in DDDD
test.ghul: 49,9..49,13: error: duplicate method
test.ghul: 51,9..51,13: error: duplicate method
test.ghul: 76,11..76,15: error: CCCC[string].test_value: string does not implement P.test_value: int due to different return type string
test.ghul: 76,11..76,15: error: cannot inherit multiple properties with the same name but different types CCCC[U].test_value: string, P.test_value: int
