test.ghul: 29,20..29,24: error: call is ambiguous test(Ghul.int), tried Test.CCCC[Ghul.int].test(cccc_i1: int) -> Ghul.void, Test.CCCC[Ghul.int].test(cccc_u: int) -> Ghul.void
test.ghul: 34,17..34,25: error: Test.DDDD is not assignable to Test.I
test.ghul: 36,20..36,24: error: call is ambiguous test(Ghul.int), tried Test.I.test(i_i: int) -> Ghul.void, Test.I.test(j: int) -> Ghul.void
test.ghul: 38,23..38,33: error: member test_value not found in Test.DDDD
test.ghul: 49,9..49,13: error: duplicate method
test.ghul: 51,9..51,13: error: duplicate method
test.ghul: 76,11..76,15: error: Test.CCCC[Ghul.string].test_value: Ghul.string does not implement Test.P.test_value: Ghul.int due to different return type Ghul.string
test.ghul: 76,11..76,15: error: cannot inherit multiple properties with the same name but different types Test.CCCC.test_value: Ghul.string, Test.P.test_value: Ghul.int
