test.ghul: 10,21..10,32: error: symbol not found: undefined_x
test.ghul: 5,13..6,13: error: incompatible types in case arms: !!! and int
test.ghul: 6,9..6,13: error: in primary expression: expected (, [, [], assert, case, cast, char literal, do, false, float literal, for, identifier, if, int literal, isa, let, new, null, rec, self, string literal, super, true, typeof, val, while or { but found else
