test.ghul: 13,7..13,16: error: HASH_ONLY must declare =~ and get_hash_code, or ask for them with @equality(): a synthesized equality serves only the class it was written for
test.ghul: 43,7..43,21: error: BEHAVIOUR_ONLY must declare =~ and get_hash_code, or ask for them with @equality(): a synthesized equality serves only the class it was written for
