test.ghul: 13,7..13,16: error: HASH_ONLY must declare =~ and get_hash_code [help: this equality applies only to Root - @equality() writes them for a subclass: test.ghul: 7,7..7,11]
test.ghul: 43,7..43,21: error: BEHAVIOUR_ONLY must declare =~ and get_hash_code [help: this equality applies only to Root - @equality() writes them for a subclass: test.ghul: 7,7..7,11]
