test.ghul: 88,43..88,46: error: no static overload found for test(char), tried TestA.test(test_a: int) -> int, TestB.test(test_b: string) -> string
test.ghul: 92,52..92,56: error: no static overload found for test(int), tried UseAAndB.test(test_c: char) -> char
test.ghul: 93,52..93,59: error: no static overload found for test(string), tried UseAAndB.test(test_c: char) -> char
