test.ghul: 82,9..82,19: error: cannot use member defined in current assembly
test.ghul: 88,43..88,46: error: no static overload found for test(Ghul.char), tried TestA.test(test_a: int) -> Ghul.int, TestB.test(test_b: string) -> Ghul.string
test.ghul: 92,52..92,56: error: no static overload found for test(Ghul.int), tried UseAAndB.test(test_c: char) -> Ghul.char
test.ghul: 93,52..93,59: error: no static overload found for test(Ghul.string), tried UseAAndB.test(test_c: char) -> Ghul.char
