test.ghul: 11,13..11,38: error: cannot add members to imported type StringBuilder
test.ghul: 12,24..12,30: error: symbol not found: string
test.ghul: 12,9..12,18: error: cannot declare function here
test.ghul: 7,22..7,47: error: cannot implement an interface for imported type StringBuilder
test.ghul: 8,20..8,26: error: symbol not found: string
test.ghul: 8,9..8,14: error: cannot declare function here
