through the base: circle
through its own type: circle
two levels down, through the base: big circle
two levels down, through the middle: big circle
generic base: circle
type-parameter return: circle
through a trait: circle
a struct through a trait: circle
an instantiated generic trait: circle
a generic trait on a generic class: circle
