test.ghul: 10,46..10,52: error: no static overload found for only_iterable_char(string?), tried Test.only_iterable_char(i: Iterable[char]) -> string
test.ghul: 11,41..11,47: error: no static overload found for only_iterable(string?), tried Test.only_iterable[T](i: Iterable[T]) -> string
test.ghul: 9,39..9,45: error: no static overload found for only_string(string?), tried Test.only_string(s: string) -> string
