test.ghul: 19,40..19,41: error: variable is not defined here
test.ghul: 27,44..27,45: error: variable is not defined here
test.ghul: 30,44..30,45: error: variable is not defined here
test.ghul: 40,44..40,45: error: variable is not defined here
test.ghul: 43,44..43,45: error: variable is not defined here
test.ghul: 58,40..58,41: error: symbol not found: x
test.ghul: 6,40..6,41: error: symbol not found: x
test.ghul: 61,44..61,45: error: variable is not defined here
test.ghul: 67,48..67,49: error: symbol not found: y
test.ghul: 8,13..8,14: error: variable is not defined here
test.ghul: 80,44..80,45: error: symbol not found: x
test.ghul: 83,44..83,45: error: symbol not found: y
