test.ghul: 19,43..19,44: error: variable is not defined here
test.ghul: 27,47..27,48: error: variable is not defined here
test.ghul: 30,47..30,48: error: variable is not defined here
test.ghul: 40,47..40,48: error: variable is not defined here
test.ghul: 43,47..43,48: error: variable is not defined here
test.ghul: 58,43..58,44: error: symbol not found: x
test.ghul: 6,43..6,44: error: symbol not found: x
test.ghul: 61,47..61,48: error: variable is not defined here
test.ghul: 67,51..67,52: error: symbol not found: y
test.ghul: 8,13..8,14: error: variable is not defined here
test.ghul: 80,47..80,48: error: symbol not found: x
test.ghul: 83,47..83,48: error: symbol not found: y
