test.ghul: 22,13..22,42: error: no overload found for structured_li(Ghul.double[], Ghul.single[]), tried Test.structured_li(list: List[double], iterable: Iterable[double]) -> Ghul.single, Test.structured_li(list: List[string], iterable: Iterable[int]) -> Ghul.bool, Test.structured_li[T](list: List[T], iterable: Iterable[T]) -> T
