test.ghul: 34,20..34,27: error: no overload found for take_ref(BOX? ref), tried MAIN.take_ref(b: BOX ref) -> bool
test.ghul: 36,24..36,33: error: no overload found for take_opt_ref(BOX ref), tried MAIN.take_opt_ref(b: BOX? ref) -> bool
test.ghul: 39,21..39,29: error: no overload found for take_list(Collections.LIST[BOX?]), tried MAIN.take_list(l: LIST[BOX]) -> void
test.ghul: 42,25..42,35: error: no overload found for take_opt_list(Collections.LIST[BOX]), tried MAIN.take_opt_list(l: LIST[BOX?]) -> void
