test.ghul: 15,100..15,157: error: cannot return value of type ((int, int)) -> Tasks.TASK[int] pure where (int, int) -> Tasks.TASK[int] expected
test.ghul: 15,55..15,157: error: no static overload found for once_1(int -> (int, int) -> Tasks.TASK[int] pure), tried Grid.once_1[T..,U](make: int -> T.. -> U) -> T -> U
