.class public auto ansi beforefieldinit 'TestDefClassSuperClassAndTraits'.'Derived' extends 'TestDefClassSuperClassAndTraits'.'BaseA' implements 'TestDefClassSuperClassAndTraits'.'BaseB' ,'TestDefClassSuperClassAndTraits'.'BaseC' 
{
.custom instance void ['ghul-runtime']Ghul.Internal.CLOSED_ATTRIBUTE::.ctor() = ( 01 00 00 00 )
}
