test.ghul: 109,17..109,21: error: incompatible types in if branches: Ghul.int and null
test.ghul: 118,17..118,21: error: incompatible types in if branches: Ghul.int and null
test.ghul: 25,13..30,7: error: all branch values are null
test.ghul: 34,13..41,7: error: all branch values are null
test.ghul: 89,17..89,21: error: incompatible types in if branches: null and Ghul.int
test.ghul: 98,17..98,21: error: incompatible types in if branches: Ghul.int and null
