test.ghul: 24,9..29,3: error: all branch values are null
test.ghul: 33,9..40,3: error: all branch values are null
test.ghul: 45,13..45,17: error: null is not assignable to string
test.ghul: 56,13..56,17: error: null is not assignable to string
test.ghul: 63,13..63,17: error: null is not assignable to string
test.ghul: 65,13..65,17: error: null is not assignable to string
test.ghul: 76,13..76,17: error: null is not assignable to string
test.ghul: 78,13..78,17: error: null is not assignable to string
