test.ghul: 11,46..11,47: warn: [unmarked-pack-slot] T is an argument pack but this function type takes it as one tuple [help: write T.. to take it spread out]
test.ghul: 9,36..9,37: warn: [unmarked-pack-slot] A is an argument pack but this function type takes it as one tuple [help: write A.. to take it spread out]
