test.ghul: 20,19..20,24: error: no static overload found for -(TimeSpan, DateTime), tried DateTime.-(d1: DateTime, d2: DateTime) -> TimeSpan, DateTime.-(d: DateTime, t: TimeSpan) -> DateTime, TimeSpan.-(t1: TimeSpan, t2: TimeSpan) -> TimeSpan
test.ghul: 21,19..21,24: error: no static overload found for -(int, M), tried M.-(a: M, b: int) -> string, int.-(a: int, b: int) -> int
