cases/parse-incomplete-variable-10/test.ghul: 6,25..6,27: error: in primary expression: expected (, [, cast, char literal, identifier, int literal, isa, native, new, none, null, self, string literal or super but found in
cases/parse-incomplete-variable-10/test.ghul: 6,25..6,27: error: in type_expression: expected ( or identifier but found in
cases/parse-incomplete-variable-10/test.ghul: 6,25..6,27: error: syntax error: expected ; but found in
