ldarg.0
ldc.i4.s   123
stfld      int32 class Test.MAIN<!T>::_ii
ldarg.0
ldfld      int32 class Test.MAIN<!T>::_ii
stloc.0
ldc.i4.s   123
stsfld     int32 class Test.MAIN<!T>::_si
ldsfld     int32 class Test.MAIN<!T>::_si
stloc.0
ldarg.0
ldloc.1
stfld      class [System.Runtime]System.Collections.Generic.IReadOnlyList`1<!0> class Test.MAIN<!T>::_it
ldarg.0
ldfld      class [System.Runtime]System.Collections.Generic.IReadOnlyList`1<!0> class Test.MAIN<!T>::_it
stloc.1
ldloc.1
stsfld     class [System.Runtime]System.Collections.Generic.IReadOnlyList`1<!0> class Test.MAIN<!T>::_st
ldsfld     class [System.Runtime]System.Collections.Generic.IReadOnlyList`1<!0> class Test.MAIN<!T>::_st
stloc.1
