test.ghul: 47,13..47,38: error: Test.Base[] is not assignable to Ghul.int[]
test.ghul: 48,13..48,41: error: Test.Base[] is not assignable to Ghul.int[]
test.ghul: 49,13..49,41: error: Test.Base[] is not assignable to Ghul.int[]
test.ghul: 50,13..50,38: error: Test.Base[] is not assignable to Ghul.int[]
test.ghul: 51,13..51,38: error: Test.Base[] is not assignable to Ghul.int[]
test.ghul: 52,13..52,38: error: Test.Base[] is not assignable to Ghul.int[]
test.ghul: 60,13..60,38: error: Test.Derived[] is not assignable to Ghul.int[]
test.ghul: 61,13..61,41: error: Test.Derived[] is not assignable to Ghul.int[]
test.ghul: 62,13..62,47: error: Test.Derived[] is not assignable to Ghul.int[]
test.ghul: 71,13..71,38: error: Ghul.object[] is not assignable to Ghul.int[]
test.ghul: 72,13..72,38: error: Ghul.object[] is not assignable to Ghul.int[]
test.ghul: 73,13..73,41: error: Ghul.object[] is not assignable to Ghul.int[]
test.ghul: 74,13..74,41: error: Ghul.object[] is not assignable to Ghul.int[]
