test.ghul: 19,13..19,32: error: (value: int, thing: Lib.Inner.THING) is not assignable to int
test.ghul: 20,13..20,57: error: (assembly: string, `namespace: string) is not assignable to int
test.ghul: 21,13..21,23: error: (() -> void)? is not assignable to int
test.ghul: 22,13..22,23: error: (int -> int)? is not assignable to int
test.ghul: 23,13..23,27: error: ubyte[]? is not assignable to int
test.ghul: 24,13..24,24: error: (string -> string)[] is not assignable to int
