blob_let_a() = 10
blob_let_b() = 10
blob_let_c((1, 2, 3, 4)) = 10
blob_let_d() = 6
blob_let_s() = a = 1, b = AA, c = 3, d = BB
blob_assign_a() = 10
blob_assign_b() = 10
blob_assign_c((1, 2, 3, 4)) = 10
blob_assign_d() = 6
blob_assign_s() = a = 1, b = AA, c = 3, d = BB
i = 0, j = 1
i = 1, j = 2
i = 2, j = 3
i = 3, j = 4
i = 4, j = 5
i = 5, j = 6
i = 6, j = 7
i = 7, j = 8
i = 8, j = 9
i = 9, j = 10
