ldloc 'y.2'
neg
stloc 'x.1'
ldloc 'y.2'
ldloc 'z.3'
add
stloc 'x.1'
ldloc 'y.2'
ldloc 'z.3'
sub
stloc 'x.1'
ldloc 'y.2'
ldloc 'z.3'
mul
stloc 'x.1'
ldloc 'y.2'
ldloc 'z.3'
div
stloc 'x.1'
ldloc 'y.2'
ldloc 'z.3'
clt
stloc 'b.0'
ldloc 'y.2'
ldloc 'z.3'
cgt
ldc.i4 0
ceq
stloc 'b.0'
ldloc 'y.2'
ldloc 'z.3'
cgt
stloc 'b.0'
ldloc 'y.2'
ldloc 'z.3'
clt
ldc.i4 0
ceq
stloc 'b.0'
ldloc 'y.2'
ldloc 'z.3'
ceq
stloc 'b.0'
ldloc 'y.2'
ldloc 'z.3'
ceq
ldc.i4 0
ceq
stloc 'b.0'
ldloc 'y.2'
not
stloc 'x.1'
ldloc 'y.2'
ldloc 'z.3'
shl
stloc 'x.1'
ldloc 'y.2'
ldloc 'z.3'
shr
stloc 'x.1'
ldloc 'y.2'
ldloc 'z.3'
and
stloc 'x.1'
ldloc 'y.2'
ldloc 'z.3'
or
stloc 'x.1'
