test.ghul: 18,30..18,39: error: no overload found for bind(int, int -> string?), tried Test.bind[T,U](value: T?, f: T -> U?) -> U?
test.ghul: 19,34..19,65: error: no overload found for bind(int, int -> string? pure), tried Test.bind[T,U](value: T?, f: T -> U?) -> U?
test.ghul: 20,46..20,55: error: no overload found for bind(int, int -> string?), tried Test.bind[int,string](value: int?, f: int -> string?) -> string?
