test.ghul: 17,30..17,39: error: no overload found for bind(int, int -> string?), tried Test.bind[T,U](value: T?, f: T -> U?) -> U?
test.ghul: 18,34..18,65: error: no overload found for bind(int, int -> string? pure), tried Test.bind[T,U](value: T?, f: T -> U?) -> U?
test.ghul: 19,29..19,42: error: no overload found for bind(int, int -> int pure), tried Test.bind[T,U](value: T?, f: T -> U?) -> U?
test.ghul: 20,46..20,55: error: no overload found for bind(int, int -> string?), tried Test.bind[int,string](value: int?, f: int -> string?) -> string?
