test.ghul: 13,41..13,43: error: syntax error: incomplete return type
test.ghul: 33,29..33,41: error: no overload found for test_incomplete(Ghul.string, Ghul.string), tried TestIncompleteMethodSignature19.TEST.test_incomplete(a: int, b: int) -> Ghul.void
test.ghul: 41,26..41,51: error: cannot use void value here
