test.ghul: 12,20..12,27: error: cannot return value of type System.String from function of type Ghul.int
test.ghul: 19,32..19,39: error: cannot return value of type System.String from function of type Ghul.int
test.ghul: 22,20..22,24: error: cannot return value from function of void type
test.ghul: 27,26..27,31: error: cannot return value from function of void type
