// Metadata version: v4.0.30319
.assembly extern System.Runtime
{
  .ver 8:0:0:0
}
.assembly extern 'ghul-runtime'
{
  .ver 8:0:1:0
}
.assembly binary
{
  .ver 0:0:0:0
}
.module binary.exe
.imagebase 0x00400000
.file alignment 0x00000200
.stackreserve 0x00100000
.subsystem 0x0003       // WINDOWS_CUI
.corflags 0x00000001    //  ILONLY


// =============== CLASS MEMBERS DECLARATION ===================

.class public abstract auto ansi sealed entry_point_command_line_arg_global_function__test.$globals
       extends [System.Runtime]System.Object
{
  .custom instance void ['ghul-runtime']Ghul.Internal.GLOBALS_ATTRIBUTE::.ctor() = ( 01 00 00 00 ) 
  .method public hidebysig static void  named_entry_point() cil managed
  {
    .entrypoint
    // Code size       1 (0x1)
    .maxstack  64
    IL_0000:  ret
  } // end of method $globals::named_entry_point

} // end of class entry_point_command_line_arg_global_function__test.$globals


// =============================================================

// *********** DISASSEMBLY COMPLETE ***********************
