test.ghul: 17,18..17,26: error: no overload found for test(Ghul.double), tried Integer.test(i: int) -> Ghul.int, String.test(s: string) -> Ghul.string, Test.Main.test(b: bool) -> Ghul.bool, Test.test(c: char) -> Ghul.char
test.ghul: 2,9..2,21: error: cannot use member defined in current assembly
test.ghul: 3,9..3,20: error: cannot use member defined in current assembly
