test.ghul: 66,27..66,45: error: no overload found for structured_el(Ghul.int, Ghul.char[]), tried Test.structured_el[T](element: T, list: List[T]) -> T
test.ghul: 67,27..67,39: error: no overload found for structured_el(Ghul.int, Test.Test[Ghul.int][]), tried Test.structured_el[T](element: T, list: List[T]) -> T
test.ghul: 69,27..69,41: error: no overload found for structured_le(Ghul.int[], Ghul.char), tried Test.structured_le[T](list: List[T], element: T) -> T
test.ghul: 70,27..70,45: error: no overload found for structured_le(Ghul.char[], Test.Test[Ghul.int]), tried Test.structured_le[T](list: List[T], element: T) -> T
test.ghul: 72,27..72,37: error: no overload found for structured_ie(Ghul.string, Ghul.int), tried Test.structured_ie[T](iterable: Iterable[T], element: T) -> T
