test.ghul: 66,13..66,46: error: no overload found for structured_el(Ghul.int, Ghul.char[]), tried Test.structured_el[T](element: T, list: List[T]) -> T
test.ghul: 67,13..67,40: error: no overload found for structured_el(Ghul.int, Test.Test[Ghul.int][]), tried Test.structured_el[T](element: T, list: List[T]) -> T
test.ghul: 69,13..69,42: error: no overload found for structured_le(Ghul.int[], Ghul.char), tried Test.structured_le[T](list: List[T], element: T) -> T
test.ghul: 70,13..70,46: error: no overload found for structured_le(Ghul.char[], Test.Test[Ghul.int]), tried Test.structured_le[T](list: List[T], element: T) -> T
test.ghul: 72,13..72,38: error: no overload found for structured_ie(Ghul.string, Ghul.int), tried Test.structured_ie[T](iterable: Iterable[T], element: T) -> T
