test.ghul: 25,51..25,52: error: the pipe operator is not supported: write pipe(x), or a Ghul.Pipes call with |>
test.ghul: 30,69..30,70: error: the pipe operator is not supported: write pipe(x), or a Ghul.Pipes call with |>
test.ghul: 34,40..34,41: error: the pipe operator is not supported: write pipe(x), or a Ghul.Pipes call with |>
test.ghul: 35,40..35,41: error: the pipe operator is not supported: write pipe(x), or a Ghul.Pipes call with |>
