test.ghul: 12,30..12,45: error: cannot use void value here
test.ghul: 12,51..12,66: error: cannot use void value here
test.ghul: 16,47..16,62: error: cannot use void value here
test.ghul: 19,18..19,39: error: no static overload found for take_int(() -> void), tried Test.take_int(f: () -> int) -> void
test.ghul: 22,36..22,58: error: no overload found for map(int -> void pure), tried Ghul.Pipes.Pipe[int].map[U](mapper: int -> U pure) -> Ghul.Pipes.Pipe[U]
