test.ghul: 13,30..13,45: error: cannot use void value here
test.ghul: 13,51..13,66: error: cannot use void value here
test.ghul: 17,47..17,62: error: cannot use void value here
test.ghul: 20,18..20,39: error: no static overload found for take_int(() -> void), tried Test.take_int(f: () -> int) -> void
test.ghul: 23,36..23,58: error: no static overload found for map(int[], int -> void pure), tried Ghul.Pipes.map[T,U](source: Iterable[T], mapper: T -> U pure) -> Pipe[U]
