test.ghul: 30,11..30,26: error: must implement Test.Stuff.do_stuff() -> Ghul.void
test.ghul: 33,11..33,26: error: must implement Test.Other.do_other_stuff(to_thing: String) -> Ghul.void
test.ghul: 33,11..33,26: error: must implement Test.Other.do_other_stuff(to_thing: int) -> Ghul.void
test.ghul: 36,11..36,35: error: must implement Test.Other.do_other_stuff(to_thing: String) -> Ghul.void
test.ghul: 36,11..36,35: error: must implement Test.Other.do_other_stuff(to_thing: int) -> Ghul.void
test.ghul: 36,11..36,35: error: must implement Test.Stuff.do_stuff() -> Ghul.void
test.ghul: 40,11..40,25: error: must implement Test.Other.do_other_stuff(to_thing: String) -> Ghul.void
test.ghul: 40,11..40,25: error: must implement Test.Stuff.do_stuff() -> Ghul.void
test.ghul: 44,11..44,31: error: must implement Test.Other.do_other_stuff(to_thing: String) -> Ghul.void
test.ghul: 44,11..44,31: error: must implement Test.Other.do_other_stuff(to_thing: int) -> Ghul.void
test.ghul: 44,11..44,31: error: must implement Test.Stuff.do_stuff() -> Ghul.void
