test.ghul: 27,27..27,44: warn: [cast-may-throw] cast to non-optional BOX may throw [help: use cast BOX? for null on failure]
test.ghul: 37,32..37,49: warn: [cast-may-throw] cast to non-optional int -> int may throw [help: use cast int -> int? for null on failure]
test.ghul: 42,31..42,41: warn: [cast-may-throw] cast to non-optional int -> int may throw [help: use cast int -> int? for null on failure]
