equal: True
unequal: False
hash agrees: True
base vs subclass: False
subclass vs base: False
subclass equal: True
subclass differs deep: False
subclass differs shallow: False
three levels equal: True
three levels differ: False
three levels vs two: False
computed ignored: True
field counts: False
inherited operator: True
generic equal: True
generic unequal: False
generic base compares its own: True
found by value: True
subclass not found as base: False
