equal: true
unequal: false
hash agrees: true
base vs subclass: false
subclass vs base: false
subclass equal: true
subclass differs deep: false
subclass differs shallow: false
three levels equal: true
three levels differ: false
three levels vs two: false
computed ignored: true
field counts: false
inherited operator: true
generic equal: true
generic unequal: false
found by value: true
subclass not found as base: false
