Running test: test_global_with_closure
blah(hello) => hello
Running test: test_global_generic_no_closure
global generic no closure blah(1234) => 1234
global generic no closure blah(hello) => hello
Running test: test_global_generic_with_closure
global generic with closure blah(1234) => 1234
global generic with closure blah(hello) => hello
Running test: test_global_generic_with_closure_implicit_type_capture_via_variable
global generic with closure implicit capture via variable blah() => 1234
global generic with closure implicit capture via variable blah() => hello
Running test: test_global_generic_with_closure_implicit_type_capture_via_rec
global generic with closure implicit capture via rec blah() => 123 123 123
global generic with closure implicit capture via rec blah() => hello hello hello
Running test: Test[string].test_static_with_closure
blah(hello) => hello
