f(123) = i is 123
g(456) = j is 456
h(789) = k is 789
captured values: i is 111, j is 222, k is 333
call inner() returned by outer(): hello
list: 1, 2, 3, 4, 5, 6
exclusive int range: 0, 1, 2, 3, 4, 5, 6, 7, 8, 9
inclusive int range: 1, 2, 3, 4, 5, 6, 7, 8, 9, 10
even numbers: 2, 4, 6, 8
odd numbers: 1, 3, 5, 7
times 3: 3, 6, 9, 12, 15, 18, 21, 24
map to strings: '1', '2', '3', '4', '5', '6', '7', '8'
strings with lengths: (one, 3), (two, 3), (three, 5), (four, 4), (horse, 5), (weevil, 6), (six, 3)
result #1 is 3
result #2 is 6
result #3 is 9
upper cased: 'HELLO WORLD'
sum is: 36
count of elements > 3 is: 5
sum of doubled odd numbers is: 32
take first 3: 1, 2, 3
skip first 3: 4, 5, 6, 7, 8
take 3 from the middle: 4, 5, 6
sum of 3 from the middle: 15
zip of two sequences is: (1, 8), (2, 7), (3, 6), (4, 5), (5, 4), (6, 3), (7, 2), (8, 1)
sum of zipped is: 9, 9, 9, 9, 9, 9, 9, 9
concatenated is: 1, 2, 3, 4, 5, 6, 7, 8, 8, 7, 6, 5, 4, 3, 2, 1
indexed: (0,cat), (1,dog), (2,fish), (3,zebra), (4,ameoba)
