test.ghul: 15,147..15,242: error: cannot return value of type ((int, int, int, int, int, int, int)) -> int pure where (int, int, int, int, int, int, int) -> int expected
test.ghul: 15,89..15,242: error: cannot return value of type int -> (int, int, int, int, int, int, int) -> int pure where int -> ((int, int, int, int, int, int, int)) -> int expected
