test.ghul: 21,13..21,48: error: no overload found for structured_el(Ghul.char, Ghul.char[]), tried Test.structured_el[S,T](element: T, list: List[T]) -> T
test.ghul: 23,13..23,37: error: no overload found for structured_el(Ghul.char, null), tried Test.structured_el[S,T](element: T, list: List[T]) -> T
test.ghul: 24,13..24,35: error: no overload found for structured_el(Test.Test[Ghul.int], null), tried Test.structured_el[S,T](element: T, list: List[T]) -> T
test.ghul: 26,13..26,37: error: no overload found for structured_el(Ghul.char, null), tried Test.structured_el[S,T](element: T, list: List[T]) -> T
test.ghul: 27,13..27,35: error: no overload found for structured_el(Test.Test[Ghul.int], null), tried Test.structured_el[S,T](element: T, list: List[T]) -> T
test.ghul: 29,13..29,48: error: no overload found for structured_le(Ghul.char[], Ghul.char), tried Test.structured_le[S,T](list: List[T], element: T) -> T
test.ghul: 30,13..30,40: error: no overload found for structured_le(Test.Test[Ghul.int][], Test.Test[Ghul.int]), tried Test.structured_le[S,T](list: List[T], element: T) -> T
test.ghul: 32,13..32,49: error: no overload found for structured_le(Ghul.char[], null), tried Test.structured_le[S,T](list: List[T], element: T) -> T
test.ghul: 33,13..33,43: error: no overload found for structured_le(Test.Test[Ghul.int][], null), tried Test.structured_le[S,T](list: List[T], element: T) -> T
test.ghul: 35,13..35,37: error: no overload found for structured_le(null, Ghul.char), tried Test.structured_le[S,T](list: List[T], element: T) -> T
test.ghul: 36,13..36,35: error: no overload found for structured_le(null, Test.Test[Ghul.int]), tried Test.structured_le[S,T](list: List[T], element: T) -> T
test.ghul: 38,13..38,40: error: no overload found for structured_ie(Ghul.string, Ghul.char), tried Test.structured_ie[S,T](iterable: Iterable[T], element: T) -> T
test.ghul: 39,13..39,40: error: no overload found for structured_ie(Ghul.int[], Ghul.int), tried Test.structured_ie[S,T](iterable: Iterable[T], element: T) -> T
test.ghul: 41,13..41,57: error: no overload found for structured_aai(Ghul.char[][], Ghul.char[]), tried Test.structured_aai[S,T](list: T[][], iterable: Iterable[T]) -> T
test.ghul: 42,13..42,49: error: no overload found for structured_aai(Test.Test[Ghul.int][][], Test.Test[Ghul.int][]), tried Test.structured_aai[S,T](list: T[][], iterable: Iterable[T]) -> T
test.ghul: 44,13..44,59: error: no overload found for structured_lai(Ghul.char[][], Ghul.string), tried Test.structured_lai[S,T](list: List[T[]], iterable: Iterable[T]) -> T
test.ghul: 46,13..46,52: error: no overload found for structured_li(Ghul.char[], Ghul.string), tried Test.structured_li[S,T](list: List[T], iterable: Iterable[T]) -> T
test.ghul: 48,13..48,52: error: no overload found for structured_el(Test.Test[Ghul.int], Collections.LIST[Test.Test[Ghul.int]]), tried Test.structured_el[S,T](element: T, list: List[T]) -> T
test.ghul: 50,13..50,49: error: no overload found for structured_el(Ghul.char, Collections.LIST[Ghul.char]), tried Test.structured_el[S,T](element: T, list: List[T]) -> T
test.ghul: 52,13..52,49: error: no overload found for structured_le(Collections.LIST[Ghul.char], Ghul.char), tried Test.structured_le[S,T](list: List[T], element: T) -> T
test.ghul: 53,13..53,52: error: no overload found for structured_le(Collections.LIST[Test.Test[Ghul.int]], Test.Test[Ghul.int]), tried Test.structured_le[S,T](list: List[T], element: T) -> T
test.ghul: 55,13..55,50: error: no overload found for structured_le(Collections.LIST[Ghul.char], null), tried Test.structured_le[S,T](list: List[T], element: T) -> T
test.ghul: 56,13..56,55: error: no overload found for structured_le(Collections.LIST[Test.Test[Ghul.int]], null), tried Test.structured_le[S,T](list: List[T], element: T) -> T
test.ghul: 58,13..58,49: error: no overload found for structured_ie(Collections.LIST[Ghul.char], Ghul.char), tried Test.structured_ie[S,T](iterable: Iterable[T], element: T) -> T
test.ghul: 59,13..59,46: error: no overload found for structured_ie(Collections.LIST[Ghul.int], Ghul.int), tried Test.structured_ie[S,T](iterable: Iterable[T], element: T) -> T
test.ghul: 61,13..61,56: error: no overload found for structured_lai(Collections.LIST[Ghul.char[]], Ghul.string), tried Test.structured_lai[S,T](list: List[T[]], iterable: Iterable[T]) -> T
test.ghul: 64,13..64,46: error: no overload found for structured_el(Ghul.int, Ghul.char[]), tried Test.structured_el[S,T](element: T, list: List[T]) -> T
test.ghul: 65,13..65,40: error: no overload found for structured_el(Ghul.int, Test.Test[Ghul.int][]), tried Test.structured_el[S,T](element: T, list: List[T]) -> T
test.ghul: 67,13..67,42: error: no overload found for structured_le(Ghul.int[], Ghul.char), tried Test.structured_le[S,T](list: List[T], element: T) -> T
test.ghul: 68,13..68,46: error: no overload found for structured_le(Ghul.char[], Test.Test[Ghul.int]), tried Test.structured_le[S,T](list: List[T], element: T) -> T
test.ghul: 70,13..70,38: error: no overload found for structured_ie(Ghul.string, Ghul.int), tried Test.structured_ie[S,T](iterable: Iterable[T], element: T) -> T
