test.ghul: 2,11..2,33: error: must implement Collections.Bag[int].count: int
test.ghul: 2,11..2,33: error: must implement Collections.Iterable[int].iterator: Collections.Iterator[int]
test.ghul: 2,11..2,33: error: must implement Collections.List[int][index: int]: int
test.ghul: 2,61..2,62: error: multiple superclasses
test.ghul: 6,11..6,32: error: must implement Collections.Bag[int].count: int
test.ghul: 6,11..6,32: error: must implement Collections.Iterable[int].iterator: Collections.Iterator[int]
test.ghul: 6,11..6,32: error: must implement Collections.List[int][index: int]: int
test.ghul: 6,57..6,58: error: superclass must be first
