test.ghul: 7,19..8,1: error: in primary expression: expected (, [, cast, char literal, false, float literal, identifier, if, int literal, isa, new, null, self, string literal, super, true, typeof or { but found cancel string 
test.ghul: 7,19..8,1: error: in primary expression: expected (, [, cast, char literal, false, float literal, identifier, if, int literal, isa, new, null, self, string literal, super, true, typeof or { but found cancel string 
test.ghul: 7,19..8,1: error: newline in interpolation
test.ghul: 7,19..8,1: error: syntax error: expected ; but found cancel string 
