a =~ b: False
a =~ BOX(3): True
a !~ b: True
e =~ b: False
3 < 5: True
5 < 3: False
3 =~ 3: True
3 =~ 4: False
three.compare_to(five) < 0: True
five.compare_to(three) < 0: False
three.equals(3): True
three.equals(4): False
order(three, five): -1
order(five, three): 1
apple < banana: True
banana < apple: False
apple =~ apple: True
