
Unhandled Exception:
System.InvalidProgramException: Invalid IL code in Ghul.INT_RANGE_INCLUSIVE:init (int,int): IL_0001: stloc     0


  at Test.Main.entry () [0x0000e] in <66e49ec83ee440dc9af2e023738da643>:0 
[ERROR] FATAL UNHANDLED EXCEPTION: System.InvalidProgramException: Invalid IL code in Ghul.INT_RANGE_INCLUSIVE:init (int,int): IL_0001: stloc     0


  at Test.Main.entry () [0x0000e] in <66e49ec83ee440dc9af2e023738da643>:0 
