test.ghul: 14,18..14,24: error: no static overload found for function(Ghul.int, Ghul.single), tried Test.GenericFunctionTypeInference.function[T](a: T, b: T) -> T
test.ghul: 24,18..24,40: error: no static overload found for function(Ghul.int[], Ghul.object[]), tried Test.GenericFunctionTypeInference.function[T](a: T, b: T) -> T
test.ghul: 27,18..27,61: error: no static overload found for function(Ghul.int[], Collections.LIST[Ghul.int]), tried Test.GenericFunctionTypeInference.function[T](a: T, b: T) -> T
test.ghul: 28,18..28,40: error: no static overload found for function(Ghul.int[], Ghul.Pipes.Pipe[Ghul.int]), tried Test.GenericFunctionTypeInference.function[T](a: T, b: T) -> T
