01-present: made
01-absent: <null>
02-args: arg+made evals=1
02-absent: <null> evals=1
03-value-result: 42 <null>
04-void: bumps=1
05-optional-result: <null>
06-static-method: static-result <null>
07-static-property: static-property <null>
08-delegate: callback-on-made <null>
09-chained: MADE <null>
10-generic: picked <null>
11-struct: 7 <null>
12-struct-string: (3,4) <null>
13-int-optional: 123 <null>
14-statement: ok
