test.ghul: 11,17..11,21: error: cannot use this here
test.ghul: 11,21..11,22: error: expected an identifier after backtick
test.ghul: 11,21..11,22: error: local value must be initialized
test.ghul: 11,21..11,22: error: syntax error: expected , but found identifier 
test.ghul: 11,23..11,24: error: syntax error: expected ; but found [
test.ghul: 11,24..11,27: error: cannot use this here
