value after init: 0
value after set value via instance property: 5
value read via SettableProperty: 5
value read via ReadableProperty: 5
value after set value via cast to SettableProperty: 10
value read via SettableProperty: 10
value read via ReadableProperty: 10
have a: Test.THING
ds isa DO_STUFF: False
ds isa DoStuff: True
ds isa ReadableProperty: True
ds isa SettableProperty: True
have a: Test.DERIVED_THING
ds isa DO_STUFF: False
ds isa DoStuff: True
ds isa ReadableProperty: True
ds isa SettableProperty: True
have a: Test.DERIVED_THING
ds isa DO_STUFF: False
ds isa DoStuff: True
ds isa ReadableProperty: True
ds isa SettableProperty: True
