test.ghul: 10,29..10,54: error: a tuple literal cannot have more than 7 elements
test.ghul: 2,28..2,120: error: a function type cannot have more than 16 parameters
test.ghul: 4,25..4,65: error: a tuple type cannot have more than 7 elements
test.ghul: 6,5..6,19: error: a function with more than 16 parameters cannot be used as a value
test.ghul: 9,32..9,260: error: a function literal cannot have more than 16 parameters
