test.ghul: 47,20..47,38: error: cannot rely on the narrowing of '_holder_field.name' here: the call at line 46 can change it; test '_holder_field.name' again, or copy it into a local variable before the call
test.ghul: 55,20..55,37: error: no overload found for len(string?), tried len(s: string) -> int
test.ghul: 62,20..62,38: error: no overload found for len(string?), tried len(s: string) -> int
test.ghul: 69,20..69,38: error: no overload found for len(string?), tried len(s: string) -> int
test.ghul: 76,20..76,30: error: no overload found for len(string?), tried len(s: string) -> int
test.ghul: 93,17..93,48: error: string? is not assignable to string
test.ghul: 97,17..97,46: error: string? is not assignable to string
