test.ghul: 10,15..10,36: error: member non_existant_property not found in Collections.LIST[int]
test.ghul: 12,15..12,36: error: member non_existant_function not found in Collections.LIST[int]
test.ghul: 14,19..14,26: error: no overload found for add(string), tried Collections.LIST[int].add(item: int) -> void
test.ghul: 16,13..16,21: error: int is not assignable to Collections.LIST[int]
test.ghul: 20,13..20,18: error: Collections.LIST[int] is not assignable to int
