test.ghul 5,5..5,8(case 1 Test.ParseUnary.Test.test (Ghul.bool,Ghul.bool) -> Ghul.char hides Test.ParseUnary.test (Ghul.bool,Ghul.bool) -> Ghul.char)
test.ghul 5,5..5,8(case 1 Test.ParseUnary.Test.test (Ghul.bool,Ghul.bool) -> Ghul.char hides Test.ParseUnary.test (Ghul.bool,Ghul.bool) -> Ghul.char)
