test.ghul: 34,13..34,21: error: Ghul.object is not assignable to Base
test.ghul: 43,13..43,21: error: Ghul.object is not assignable to Base
test.ghul: 79,13..79,16: error: cannot return value of type Ghul.string where Ghul.int expected
test.ghul: 90,13..90,16: error: cannot return value of type Ghul.string where Ghul.int expected
test.ghul: 99,13..99,16: error: cannot return value of type Ghul.string where Ghul.int expected
