test.ghul: 34,17..34,25: error: Ghul.object is not assignable to Test.Base
test.ghul: 43,17..43,25: error: Ghul.object is not assignable to Test.Base
test.ghul: 51,17..51,27: error: incompatible types in if branches: Test.DerivedA and Test.DerivedB
test.ghul: 58,17..58,27: error: incompatible types in if branches: Test.DerivedA and Test.DerivedB
test.ghul: 76,17..76,20: error: cannot return value of type Ghul.string from function of type Ghul.int
test.ghul: 87,17..87,20: error: cannot return value of type Ghul.string from function of type Ghul.int
test.ghul: 96,17..96,20: error: cannot return value of type Ghul.string from function of type Ghul.int
