test.ghul: 15,9..15,18: error: POINT has no member q
test.ghul: 21,9..21,14: error: cannot destructure int
test.ghul: 22,18..22,19: error: variable is not defined here
test.ghul: 27,9..27,18: error: int has no member x
test.ghul: 27,9..27,18: error: int has no member y
test.ghul: 28,18..28,19: error: variable is not defined here
test.ghul: 33,17..33,18: error: destructure group cannot mix local = field (by name) with bare positional elements
