test.ghul: 4,13..5,13: error: incompatible types in if branches: !!! and int
test.ghul: 5,9..5,13: error: in primary expression: expected (, [, [], assert, case, cast, char literal, do, false, float literal, for, identifier, if, int literal, isa, let, new, null, rec, self, string literal, super, true, typeof, val, while or { but found else
test.ghul: 9,21..9,32: error: symbol not found: undefined_x
