test.ghul: 16,21..16,23: error: an argument pack can only be spread in a formal argument or a declared return type
test.ghul: 5,34..5,36: error: an argument pack can only be spread in a formal argument or a declared return type
test.ghul: 8,39..8,41: error: an argument pack can only be spread in a formal argument or a declared return type
