test.ghul: 26,9..26,46: error: int -> object pure is not assignable to object -> object
test.ghul: 36,9..36,43: error: object -> int pure is not assignable to int -> int
test.ghul: 39,9..39,40: error: int -> object pure is not assignable to int -> int
test.ghul: 43,9..43,42: error: int -> int pure is not assignable to object -> int
test.ghul: 46,9..46,43: error: int -> object pure is not assignable to object -> int
test.ghul: 49,9..49,46: error: object -> object pure is not assignable to object -> int
test.ghul: 58,9..58,49: error: object -> int is not assignable to object -> object
test.ghul: 64,9..64,46: error: DERIVED -> DERIVED pure is not assignable to BASE -> BASE
test.ghul: 70,9..70,52: error: DERIVED -> BASE pure is not assignable to DERIVED -> DERIVED
test.ghul: 73,9..73,49: error: DERIVED -> DERIVED pure is not assignable to BASE -> DERIVED
test.ghul: 76,9..76,46: error: BASE -> BASE pure is not assignable to BASE -> DERIVED
