test.ghul: 26,9..26,46: error: int -> object is not assignable to object -> object
test.ghul: 30,9..30,49: error: object -> int is not assignable to object -> object
test.ghul: 34,9..34,43: error: object -> int is not assignable to int -> int
test.ghul: 37,9..37,40: error: int -> object is not assignable to int -> int
test.ghul: 41,9..41,42: error: int -> int is not assignable to object -> int
test.ghul: 44,9..44,43: error: int -> object is not assignable to object -> int
test.ghul: 47,9..47,46: error: object -> object is not assignable to object -> int
test.ghul: 56,9..56,46: error: DERIVED -> DERIVED is not assignable to BASE -> BASE
test.ghul: 62,9..62,52: error: DERIVED -> BASE is not assignable to DERIVED -> DERIVED
test.ghul: 65,9..65,49: error: DERIVED -> DERIVED is not assignable to BASE -> DERIVED
test.ghul: 68,9..68,46: error: BASE -> BASE is not assignable to BASE -> DERIVED
