true expected: true actual: true result: true
false expected: false actual: false result: true
false /\ false expected: false actual: false result: true
false /\ true expected: false actual: false result: true
true /\ false expected: false actual: false result: true
true /\ true expected: true actual: true result: true
false \/ false expected: false actual: false result: true
false \/ true expected: true actual: true result: true
true \/ false expected: true actual: true result: true
true \/ true expected: true actual: true result: true
