test.ghul: 36,26..36,34: error: == cannot be applied to values of type PAIR, use =~ to compare by value
test.ghul: 37,26..37,34: error: != cannot be applied to values of type PAIR, use !~ to compare by value
test.ghul: 39,28..39,86: error: == cannot be applied to values of type System.DateTime, use =~ to compare by value
test.ghul: 45,32..45,42: error: == cannot be applied to values of type PAIR, use =~ to compare by value
test.ghul: 50,33..50,44: error: == cannot be applied to values of non-assignable types
