test.ghul: 24,34..24,40: error: == cannot be applied to values of type parameter T
test.ghul: 26,34..26,40: error: != cannot be applied to values of type parameter T
test.ghul: 33,26..33,34: error: == cannot be applied to values of type PAIR, use =~ to compare by value
test.ghul: 34,26..34,34: error: != cannot be applied to values of type PAIR, use !~ to compare by value
test.ghul: 36,28..36,86: error: == cannot be applied to values of type System.DateTime, use =~ to compare by value
test.ghul: 43,32..43,42: error: == cannot be applied to values of type PAIR, use =~ to compare by value
test.ghul: 49,33..49,44: error: == cannot be applied to values of non-assignable types
