test.ghul: 15,102..15,304: error: cannot return value of type int -> (int, int, int, int, int, int, int) -> Tasks.TASK[int] pure where int -> ((int, int, int, int, int, int, int)) -> Tasks.TASK[int] expected
test.ghul: 15,172..15,304: error: cannot return value of type ((int, int, int, int, int, int, int)) -> Tasks.TASK[int] pure where (int, int, int, int, int, int, int) -> Tasks.TASK[int] expected
