test.ghul: 10,13..10,18: error: indexer [Ghul.int] = System.String not found in Ghul.int[]
test.ghul: 12,13..12,17: error: indexer not found in Ghul.int
test.ghul: 14,21..14,31: error: indexer [System.String] not found in Ghul.int[]
test.ghul: 9,13..9,23: error: indexer [System.String] = Ghul.int not found in Ghul.int[]
