test.ghul: 10,13..10,23: error: indexer [System.String] = Ghul.int not found in Collections.LIST[Ghul.int]
test.ghul: 11,13..11,18: error: indexer [Ghul.int] = System.String not found in Collections.LIST[Ghul.int]
test.ghul: 16,21..16,31: error: indexer [System.String] not found in Collections.LIST[Ghul.int]
test.ghul: 18,13..18,17: error: no indexer found in Ghul.int
test.ghul: 20,21..20,25: error: no indexer found in Ghul.int
test.ghul: 22,21..22,31: error: indexer [System.String] not found in Ghul.int[]
test.ghul: 8,13..8,17: error: indexer is read-only in Ghul.int[]
