test.ghul: 10,5..10,17: warn: [field-definite-assignment] text is not assigned on every path out of this constructor
test.ghul: 33,5..35,7: warn: [field-definite-assignment] values is not assigned on every path out of this constructor
test.ghul: 41,5..41,17: warn: [field-definite-assignment] the_type is not assigned on every path out of this constructor
