test.ghul: 10,5..10,9: warn: [field-definite-assignment] text is not assigned on every path out of this constructor [text declared here: test.ghul: 6,5..6,9]
test.ghul: 33,5..33,9: warn: [field-definite-assignment] values is not assigned on every path out of this constructor [values declared here: test.ghul: 31,5..31,11]
test.ghul: 41,5..41,9: warn: [field-definite-assignment] the_type is not assigned on every path out of this constructor [the_type declared here: test.ghul: 39,5..39,13]
