test.ghul: 102,12..102,21: warn: [presence-test-non-optional] '?' is redundant
test.ghul: 107,12..107,19: warn: [presence-test-non-optional] '?' is redundant
test.ghul: 112,12..112,18: warn: [presence-test-non-optional] '?' is redundant
test.ghul: 129,12..129,21: warn: [presence-test-non-optional] '?' is redundant
test.ghul: 97,12..97,19: warn: [presence-test-non-optional] '?' is redundant
