created outer: capture is: 0
creating inner: 0 444
created outer: capture is: 1
creating inner: 0 444
created outer: capture is: 2
creating inner: 0 444
created outer: capture is: 3
creating inner: 0 444
created outer: capture is: 4
creating inner: 0 444
in inner: hello instance is: 0 capture is: 0 capture_1 is: 444
inner result: 445
in inner: hello instance is: 1 capture is: 1 capture_1 is: 444
inner result: 446
in inner: hello instance is: 2 capture is: 2 capture_1 is: 444
inner result: 447
in inner: hello instance is: 3 capture is: 3 capture_1 is: 444
inner result: 448
in inner: hello instance is: 4 capture is: 4 capture_1 is: 444
inner result: 449
