ldc.i4 99
box char 
callvirt instance class ['System.Runtime']'System'.'Type' class ['System.Runtime']'System'.'Object' ::'GetType'()
pop
ldc.i4 123
box int32 
callvirt instance class ['System.Runtime']'System'.'Type' class ['System.Runtime']'System'.'Object' ::'GetType'()
pop
ldc.r8 123.456
box float64 
callvirt instance class ['System.Runtime']'System'.'Type' class ['System.Runtime']'System'.'Object' ::'GetType'()
pop
newobj instance void valuetype 'Tests'.'TEST' ::'.ctor'()
box valuetype 'Tests'.'TEST' 
callvirt instance class ['System.Runtime']'System'.'Type' class ['System.Runtime']'System'.'Object' ::'GetType'()
pop
