test.ghul: 11,22..11,35: error: no overload found for init(System.String), tried Test.D.init(Ghul.int)
test.ghul: 13,22..13,31: error: no constructor found init(Ghul.int)
test.ghul: 14,22..14,39: error: no constructor found init(Ghul.int,Ghul.int,Ghul.int)
test.ghul: 15,22..15,35: error: no constructor found init(System.String)
test.ghul: 6,22..6,30: error: no constructor found init()
test.ghul: 7,22..7,31: error: no constructor found init(Ghul.int)
test.ghul: 8,22..8,35: error: no constructor found init(System.String)
