test.ghul: 17,21..17,31: error: no operator overload found for ##(Ghul.string, Ghul.string), tried Test.##(a: int, b: int) -> Ghul.int
test.ghul: 19,25..19,27: error: operator '@@' has unknown precedence
test.ghul: 19,25..19,27: error: operator '@@' not found
test.ghul: 21,29..21,31: error: operator '%%' not found
test.ghul: 25,21..25,32: error: no overload found for ∑(Ghul.string[]), tried Test.∑(value: Iterable[int]) -> Ghul.int
test.ghul: 29,28..29,29: error: operator '∧' not found
test.ghul: 3,1..4,10: error: precedence must be between user-1 and user-8
