test.ghul: 12,21..12,22: error: in primary expression: expected (, [, [], assert, case, cast, char literal, default, false, float literal, identifier, if, int literal, isa, let, new, null, rec, self, string literal, super, true, typeof, val or { but found )
test.ghul: 12,21..12,22: error: in type expression: expected ( or identifier but found )
test.ghul: 12,21..12,22: error: syntax error: expected then but found )
