.class public auto ansi beforefieldinit TestTryFinally.Main
       extends [System.Runtime]System.Object
{
  .custom instance void ['ghul-runtime']Ghul.Internal.CLOSED_ATTRIBUTE::.ctor() = ( 01 00 00 00 ) 
  .method public hidebysig static void  entry() cil managed
  {
    .entrypoint
    // Code size       14 (0xe)
    .maxstack  64
    .locals init (bool V_0)
    .try
    {
      IL_0000:  leave      IL_0006

    }  // end .try
    finally
    {
      IL_0005:  endfinally
    }  // end handler
    IL_0006:  ldloc.0
    IL_0007:  brfalse    IL_000d

    IL_000c:  ret

    IL_000d:  ret
  } // end of method Main::entry

} // end of class TestTryFinally.Main

// *********** DISASSEMBLY COMPLETE ***********************
