ldarg.1
stloc.0
ldloc.0
callvirt   instance int32 class [System.Runtime]System.Collections.Generic.IReadOnlyCollection`1<int32>::get_Count()
newarr     int32
stloc.1
ldc.i4.0
stloc.2
ldloc.0
callvirt   instance class [System.Runtime]System.Collections.Generic.IEnumerator`1<!0> class [System.Runtime]System.Collections.Generic.IEnumerable`1<int32>::GetEnumerator()
stloc.s    V_4
ldloc.s    V_4
callvirt   instance bool [System.Runtime]System.Collections.IEnumerator::MoveNext()
brfalse    IL_003f
ldloc.s    V_4
callvirt   instance !0 class [System.Runtime]System.Collections.Generic.IEnumerator`1<int32>::get_Current()
stloc.3
ldloc.1
ldloc.2
ldloc.3
ldc.i4.2
mul
stelem     int32
ldloc.2
ldc.i4.1
add
stloc.2
br         IL_0018
ldloc.1
ret
newobj     instance void class [System.Collections]System.Collections.Generic.List`1<int32>::.ctor()
stloc.0
ldarg.1
callvirt   instance class [System.Runtime]System.Collections.Generic.IEnumerator`1<!0> class [System.Runtime]System.Collections.Generic.IEnumerable`1<int32>::GetEnumerator()
stloc.2
ldloc.2
callvirt   instance bool [System.Runtime]System.Collections.IEnumerator::MoveNext()
brfalse    IL_0036
ldloc.2
callvirt   instance !0 class [System.Runtime]System.Collections.Generic.IEnumerator`1<int32>::get_Current()
stloc.1
ldloc.1
ldc.i4.2
rem
ldc.i4.0
ceq
brfalse    IL_0031
ldloc.0
ldloc.1
callvirt   instance void class [System.Collections]System.Collections.Generic.List`1<int32>::Add(!0)
br         IL_000d
ldloc.0
callvirt   instance !0[] class [System.Collections]System.Collections.Generic.List`1<int32>::ToArray()
ret
