ldsfld     class [System.Runtime]System.Func`2<valuetype [System.Runtime]System.ValueTuple`2<int32,int32>,int32> Test.$globals::$anon_1$cache
dup
brtrue     IL_001e
pop
ldnull
ldftn      int32 Test.$globals::$anon_1(valuetype [System.Runtime]System.ValueTuple`2<int32,int32>)
newobj     instance void class [System.Runtime]System.Func`2<valuetype [System.Runtime]System.ValueTuple`2<int32,int32>,int32>::.ctor(object,
dup
stsfld     class [System.Runtime]System.Func`2<valuetype [System.Runtime]System.ValueTuple`2<int32,int32>,int32> Test.$globals::$anon_1$cache
ldnull
ldftn      int32 Test.$globals::inc(int32)
newobj     instance void class [System.Runtime]System.Func`2<int32,int32>::.ctor(object,
call       class [System.Runtime]System.Func`2<!!0,!!2> Test.$globals::'>=>'<valuetype [System.Runtime]System.ValueTuple`2<int32,int32>,int32,int32>(class [System.Runtime]System.Func`2<!!0,!!1>,
stloc.1
ldloc.1
newobj     instance void Test.$frame_1::.ctor(class [System.Runtime]System.Func`2<valuetype [System.Runtime]System.ValueTuple`2<int32,int32>,int32>)
stloc.2
ldloc.2
ldftn      instance int32 Test.$frame_1::$return_packed_0(int32,
newobj     instance void class [System.Runtime]System.Func`3<int32,int32,int32>::.ctor(object,
stloc.3
ldloc.3
stloc.0
