s =~ m (both hello): true
s =~ o (hello vs other): false
s =~ n (non-null vs null): false
m =~ s (both hello, swapped): true
n =~ s (null vs non-null): false
n =~ n (both null): true
m =~ m (same non-null): true
s !~ n (non-null vs null): true
n !~ n (both null): false
a == b (non-null vs null): false
b == null (null vs null literal): true
a != b (non-null vs null): true
