test.ghul: 18,10..18,11: error: T is not assignable to X
test.ghul: 18,13..18,14: error: U is not assignable to Y
test.ghul: 21,27..21,31: error: no overload found for function(X, Y), tried Main.function(t: T, u: U) -> (t: T, u: U)
test.ghul: 31,9..31,14: error: T is not assignable to Ghul.int
test.ghul: 32,9..32,14: error: U is not assignable to Ghul.string
test.ghul: 37,9..37,14: error: X is not assignable to Ghul.int
test.ghul: 38,9..38,14: error: Y is not assignable to Ghul.string
test.ghul: 40,9..40,21: error: Ghul.object is not assignable to T
test.ghul: 41,9..41,21: error: Ghul.object is not assignable to U
test.ghul: 43,9..43,21: error: Ghul.object is not assignable to X
test.ghul: 44,9..44,21: error: Ghul.object is not assignable to Y
test.ghul: 46,9..46,21: error: Ghul.object is not assignable to Ghul.int
test.ghul: 47,9..47,21: error: Ghul.object is not assignable to Ghul.string
test.ghul: 49,9..49,15: error: Ghul.int is not assignable to T
test.ghul: 5,31..5,43: error: no overload found for function(Ghul.int, Ghul.string), tried Main.function(t: T, u: U) -> (t: T, u: U)
test.ghul: 50,9..50,20: error: Ghul.string is not assignable to Y
test.ghul: 6,31..6,56: error: no overload found for function(Ghul.int[], Ghul.string[]), tried Main.function(t: T, u: U) -> (t: T, u: U)
test.ghul: 61,13..61,21: error: Ghul.object is not assignable to T
test.ghul: 62,13..62,21: error: Ghul.object is not assignable to U
