halve present: 4
halve absent: nothing
spell present: small
spell absent: nothing
static present: 3
static absent: nothing
explicit type arguments: small
value slot present: 4
value slot absent: nothing
reference slot present: hi
reference slot absent: nothing
value parameter present: 7
value parameter absent: absent
reference parameter present: hi
reference parameter absent: absent
operator present: 4
operator absent: nothing
operator chained: small
operator nothing: nothing
