test.ghul: 3,8..3,9: error: cannot implement static member additive_identity of IBinaryFloatingPointIeee754[F]
test.ghul: 3,8..3,9: error: must implement Ghul.Comparable.compare_to(obj: object?) -> int
test.ghul: 3,8..3,9: error: must implement Ghul.Comparable[F].<>(other: F) -> int
test.ghul: 3,8..3,9: error: must implement System.IFormattable.to_string(format: string?, formatProvider: IFormatProvider?) -> string
test.ghul: 3,8..3,9: error: must implement System.ISpanFormattable.try_format(destination: Span[char], charsWritten: int ref, format: ReadOnlySpan[char], provider: IFormatProvider?) -> bool
test.ghul: 3,8..3,9: error: must implement System.IUtf8SpanFormattable.try_format(utf8Destination: Span[ubyte], bytesWritten: int ref, format: ReadOnlySpan[char], provider: IFormatProvider?) -> bool
test.ghul: 3,8..3,9: error: must implement System.Numerics.IFloatingPoint[F].get_exponent_byte_count() -> int
test.ghul: 3,8..3,9: error: must implement System.Numerics.IFloatingPoint[F].get_exponent_shortest_bit_length() -> int
test.ghul: 3,8..3,9: error: must implement System.Numerics.IFloatingPoint[F].get_significand_bit_length() -> int
test.ghul: 3,8..3,9: error: must implement System.Numerics.IFloatingPoint[F].get_significand_byte_count() -> int
test.ghul: 3,8..3,9: error: must implement System.Numerics.IFloatingPoint[F].try_write_exponent_big_endian(destination: Span[ubyte], bytesWritten: int ref) -> bool
test.ghul: 3,8..3,9: error: must implement System.Numerics.IFloatingPoint[F].try_write_exponent_little_endian(destination: Span[ubyte], bytesWritten: int ref) -> bool
test.ghul: 3,8..3,9: error: must implement System.Numerics.IFloatingPoint[F].try_write_significand_big_endian(destination: Span[ubyte], bytesWritten: int ref) -> bool
test.ghul: 3,8..3,9: error: must implement System.Numerics.IFloatingPoint[F].try_write_significand_little_endian(destination: Span[ubyte], bytesWritten: int ref) -> bool
