test.ghul: 23,30..23,41: error: cannot infer the type to cast to here
test.ghul: 26,32..26,43: error: cannot infer the type to cast to here
test.ghul: 26,44..26,45: error: operator !!! + !!! not found
test.ghul: 26,46..26,57: error: cannot infer the type to cast to here
test.ghul: 31,28..31,39: error: cannot infer the type to cast to here
test.ghul: 37,38..37,49: error: cannot infer the type to cast to here
test.ghul: 37,50..37,51: error: operator !!! + double not found
