test.ghul: 25,30..25,41: error: cannot infer the type to cast to here
test.ghul: 28,32..28,43: error: cannot infer the type to cast to here
test.ghul: 28,46..28,57: error: cannot infer the type to cast to here
test.ghul: 33,28..33,39: error: cannot infer the type to cast to here
test.ghul: 39,38..39,49: error: cannot infer the type to cast to here
