typeof int is System.Int32
value is: 123, type is: System.Int32 typeof is: System.Int32
typeof String is System.String
value is: hello, type is: System.String typeof is: System.String
typeof (int,int,int) is System.ValueTuple`3[System.Int32,System.Int32,System.Int32]
value is: (111, 222, 333), type is: System.ValueTuple`3[System.Int32,System.Int32,System.Int32] typeof is: System.ValueTuple`3[System.Int32,System.Int32,System.Int32]
typeof Collections.LIST is System.Collections.Generic.List`1[T]
