arrays equal: true
arrays differ: false
arrays shorter: false
arrays not unequal: false
empty arrays: true
lists equal: true
lists differ: false
list and array: true
nested arrays equal: true
nested arrays differ: false
nested lists equal: true
strings by value: true
elements by their own operator: true
elements differ: false
opaque elements same object: true
opaque elements distinct: false
ordered equal: true
ordered differ: false
ordered arrays: true
