arrays equal: True
arrays differ: False
arrays shorter: False
arrays not unequal: False
empty arrays: True
lists equal: True
lists differ: False
list and array: True
nested arrays equal: True
nested arrays differ: False
nested lists equal: True
strings by value: True
elements by their own operator: True
elements differ: False
opaque elements same object: True
opaque elements distinct: False
ordered equal: True
ordered differ: False
ordered arrays: True
