test.ghul: 15,126..15,235: error: cannot return value of type ((int, int, int, int, int, int, int)) -> int pure where (int, int, int, int, int, int, int) -> int expected
test.ghul: 15,68..15,235: error: no static overload found for once_1(int -> (int, int, int, int, int, int, int) -> int pure), tried Grid.once_1[T..,U](make: int -> T.. -> U) -> T -> U
