ldc.i4 1
ldloc 't.0'
brtrue L_0
pop
ldloc 't.0'
L_0:
stloc 'b.2'
ldc.i4 1
ldloc 't.0'
brtrue L_1
pop
ldloc 'f.1'
L_1:
stloc 'b.2'
ldc.i4 1
ldloc 'f.1'
brtrue L_2
pop
ldloc 't.0'
L_2:
stloc 'b.2'
ldc.i4 1
ldloc 'f.1'
brtrue L_3
pop
ldloc 'f.1'
L_3:
stloc 'b.2'
ldc.i4 0
ldloc 't.0'
brfalse L_4
pop
ldloc 't.0'
L_4:
stloc 'b.2'
ldc.i4 0
ldloc 't.0'
brfalse L_5
pop
ldloc 'f.1'
L_5:
stloc 'b.2'
ldc.i4 0
ldloc 'f.1'
brfalse L_6
pop
ldloc 't.0'
L_6:
stloc 'b.2'
ldc.i4 0
ldloc 'f.1'
brfalse L_7
pop
ldloc 'f.1'
L_7:
stloc 'b.2'
