ldc.i4.1
ldloc.0
brtrue     IL_0009
pop
ldloc.0
stloc.2
ldc.i4.1
ldloc.0
brtrue     IL_0013
pop
ldloc.1
stloc.2
ldc.i4.1
ldloc.1
brtrue     IL_001d
pop
ldloc.0
stloc.2
ldc.i4.1
ldloc.1
brtrue     IL_0027
pop
ldloc.1
stloc.2
ldc.i4.0
ldloc.0
brfalse    IL_0031
pop
ldloc.0
stloc.2
ldc.i4.0
ldloc.0
brfalse    IL_003b
pop
ldloc.1
stloc.2
ldc.i4.0
ldloc.1
brfalse    IL_0045
pop
ldloc.0
stloc.2
ldc.i4.0
ldloc.1
brfalse    IL_004f
pop
ldloc.1
stloc.2
