test.ghul: 17,9..17,40: error: an operator declared on a type takes one argument; its left operand is self [help: declare it static to take both operands as arguments]
test.ghul: 29,23..29,28: error: no overload found for +(T, T), tried Ghul.+(a: byte, b: byte) -> byte, Ghul.+(a: char, b: char) -> char, Ghul.+(a: decimal, b: decimal) -> decimal, Ghul.+(a: double, b: double) -> double, Ghul.+(a: int, b: int) -> int, Ghul.+(a: long, b: long) -> long, Ghul.+(a: short, b: short) -> short, Ghul.+(a: single, b: single) -> single, Ghul.+(a: ubyte, b: ubyte) -> ubyte, Ghul.+(a: uint, b: uint) -> uint, Ghul.+(a: ulong, b: ulong) -> ulong, Ghul.+(a: ushort, b: ushort) -> ushort, Ghul.+(a: uword, b: uword) -> uword, Ghul.+(a: word, b: word) -> word
