test.ghul: 19,10..19,14: error: symbol not found: each
test.ghul: 2,14..2,17: error: symbol not found: map
test.ghul: 2,19..2,26: error: cannot destructure ***
test.ghul: 2,19..2,26: error: cannot infer type here
test.ghul: 2,40..2,46: error: symbol not found: reduce
test.ghul: 2,51..2,52: error: cannot infer type here
test.ghul: 2,54..2,55: error: cannot infer type here
test.ghul: 2,62..2,63: error: operator *** + *** not found
test.ghul: 22,22..22,26: error: symbol not found: each
test.ghul: 22,28..22,40: error: cannot destructure ***
test.ghul: 22,28..22,40: error: cannot infer type here
test.ghul: 23,11..23,15: error: symbol not found: each
test.ghul: 23,17..23,24: error: cannot destructure ***
test.ghul: 23,17..23,24: error: cannot infer type here
