test.ghul: 11,9..11,13: error: cannot override NAMED.name: string with optional type string?
test.ghul: 13,9..13,14: error: cannot implement NAMED.greet(who: string?) -> string with optional return type string?
test.ghul: 13,9..13,14: error: cannot implement NAMED.greet(who: string?) -> string: argument 1 must be optional
test.ghul: 27,9..27,14: error: cannot override BASE.fetch() -> string with optional return type string?
test.ghul: 29,9..29,13: error: cannot override assignable BASE.item: string? with non-optional type string
