construct generic_constructor_type_inference_1__test.THING[System.Int32,System.Int32] from System.Int32[] and System.Func`2[System.Int32,System.Int32]
construct generic_constructor_type_inference_1__test.THING[System.Int32,System.String] from System.Int32[] and System.Func`2[System.Int32,System.String]
construct generic_constructor_type_inference_1__test.THING[System.Int32[],System.String[]] from System.Int32[][] and System.Func`2[System.Int32[],System.String[]]
