.class public auto ansi beforefieldinit Test.BASE<T>
       extends [System.Runtime]System.Object
       implements class [System.Runtime]System.Collections.Generic.IEnumerable`1<!T>
{
  .custom instance void ['ghul-runtime']Ghul.Internal.CLOSED_ATTRIBUTE::.ctor() = ( 01 00 00 00 ) 
  .method public hidebysig specialname rtspecialname 
          instance void  .ctor() cil managed
  {
    // Code size       1 (0x1)
    .maxstack  8
    IL_0000:  ret
  } // end of method BASE::.ctor

  .method public hidebysig specialname virtual 
          instance class [System.Runtime]System.Collections.Generic.IEnumerator`1<!T> 
          GetEnumerator() cil managed
  {
    .custom instance void [System.Runtime]System.Runtime.CompilerServices.CompilerGeneratedAttribute::.ctor() = ( 01 00 00 00 ) 
    .custom instance void ['ghul-runtime']Ghul.Internal.GHUL_NAME_ATTRIBUTE::.ctor(string) = ( 01 00 0D 24 67 65 74 5F 69 74 65 72 61 74 6F 72   // ...$get_iterator
                                                                                               00 00 ) 
    // Code size       15 (0xf)
    .maxstack  4
    .locals init (class [System.Runtime]System.Collections.Generic.IEnumerator`1<!T> V_0)
    IL_0000:  ldstr      "not reached"
    IL_0005:  newobj     instance void [System.Runtime]System.Exception::.ctor(string)
    IL_000a:  throw

    IL_000b:  ldloc.0
    IL_000c:  ret

    IL_000d:  ldloc.0
    IL_000e:  ret
  } // end of method BASE::GetEnumerator

  .method private hidebysig newslot virtual final 
          instance class [System.Runtime]System.Collections.IEnumerator 
          System.Collections.IEnumerable.GetEnumerator() cil managed
  {
    .custom instance void [System.Runtime]System.Runtime.CompilerServices.CompilerGeneratedAttribute::.ctor() = ( 01 00 00 00 ) 
    .override [System.Runtime]System.Collections.IEnumerable::GetEnumerator
    // Code size       7 (0x7)
    .maxstack  8
    IL_0000:  ldarg.0
    IL_0001:  callvirt   instance class [System.Runtime]System.Collections.Generic.IEnumerator`1<!0> class Test.BASE<!T>::GetEnumerator()
    IL_0006:  ret
  } // end of method BASE::System.Collections.IEnumerable.GetEnumerator

  .property instance callconv(8) class [System.Runtime]System.Collections.Generic.IEnumerator`1<!T>
          iterator()
  {
    .get instance class [System.Runtime]System.Collections.Generic.IEnumerator`1<!T> Test.BASE::GetEnumerator()
  } // end of property BASE::iterator
} // end of class Test.BASE

.class public auto ansi beforefieldinit Test.DERIVED
       extends class Test.BASE<int32>
{
  .custom instance void ['ghul-runtime']Ghul.Internal.CLOSED_ATTRIBUTE::.ctor() = ( 01 00 00 00 ) 
  .method public hidebysig specialname rtspecialname 
          instance void  .ctor() cil managed
  {
    // Code size       7 (0x7)
    .maxstack  8
    IL_0000:  ldarg.0
    IL_0001:  call       instance void class Test.BASE<int32>::.ctor()
    IL_0006:  ret
  } // end of method DERIVED::.ctor

} // end of class Test.DERIVED
