have element: 1
have element: 2
have element: 3
have element: 4
have element: 5
have element: 6
have element: 7
have element: 8
have element: 9
have element: 1
have element: 2
have element: 3
have element: 4
have element: 5
have element: 6
have element: 7
have element: 8
have element: 9
range from 20 to 30
range from 5 to 25
