test.ghul: 15,25..15,26: error: member l not found in (i: int, j: int, k: int)
test.ghul: 49,13..49,29: error: (int, int, int) is not assignable to (a: string, b: string, c: string)
test.ghul: 52,13..52,47: error: (a: int, b: int, c: int) is not assignable to (a: string, b: string, c: string)
test.ghul: 63,25..63,26: error: member d not found in (a: (a1: int, a2: int), b: (b1: string, b2: string), c: (c1: char, c2: char))
test.ghul: 66,27..66,28: error: member d not found in (a1: int, a2: int)
test.ghul: 69,13..69,29: error: Ghul.string is not assignable to Ghul.int
test.ghul: 78,104..78,105: error: cannot return value of type TA where TC expected
test.ghul: 78,98..78,99: error: cannot return value of type TC where TA expected
