test.ghul: 15,24..15,129: error: cannot infer type here
test.ghul: 15,24..15,129: error: no static overload found for once_2(int -> *** -> *** -> int pure pure pure), tried Grid.once_2[T..,U](make: int -> int -> T.. -> U) -> T -> U
test.ghul: 15,29..15,30: error: cannot infer type here
test.ghul: 15,34..15,129: error: cannot destructure ***
test.ghul: 15,34..15,129: error: cannot infer type here
