test.ghul: 36,20..36,22: warn: [null-deref] _b may not hold a value here: the call to 'mutate()' can change it [this call can change _b: test.ghul: 35,13..35,21] [help: test '_b' again, or copy it into a local variable before the call]
test.ghul: 59,20..59,22: warn: [null-deref] _b may not hold a value here: the call to 'mutate()' can change it [this call can change _b: test.ghul: 58,13..58,21] [help: test '_b' again, or copy it into a local variable before the call]
