test.ghul: 36,20..36,22: warn: [null-deref] _b may not hold a value here: the call at line 35 can change it; test '_b' again, or copy it into a local variable before the call
test.ghul: 59,20..59,22: warn: [null-deref] _b may not hold a value here: the call at line 58 can change it; test '_b' again, or copy it into a local variable before the call
