test.ghul: 47,13..47,52: error: no overload found for test(O), tried Root.InsideA.TestA.test(a: A) -> A
test.ghul: 52,64..52,75: error: no overload found for init(A), tried Root.InsideA.TestA.init(s: string) -> Ghul.void
test.ghul: 69,13..69,51: error: no overload found for test(A), tried Outside.TestA.test(o: O) -> O
test.ghul: 72,63..72,80: error: no overload found for init(Ghul.string), tried Outside.TestA.init(a: A) -> Ghul.void
