test.ghul: 73,13..73,28: error: no overload found for test(Ghul.string), tried DifferentMethodInDerivedClassDoesNotOverrideDifferentMethodInBase.BASE.test(base: int) -> Ghul.void
test.ghul: 79,13..79,24: error: no overload found for test(Ghul.char), tried DifferentMethodInDerivedClassDoesNotOverrideDifferentMethodInBase.BASE.test(base: int) -> Ghul.void,DifferentMethodInDerivedClassDoesNotOverrideDifferentMethodInBase.DERIVED.test(derived: string) -> Ghul.void
