test.ghul: 73,20..73,27: error: no overload found for test(Ghul.string), tried DifferentMethodInDerivedClassDoesNotOverrideDifferentMethodInBase.BASE.test(base: int) -> Ghul.void
test.ghul: 79,20..79,23: error: no overload found for test(Ghul.char), tried DifferentMethodInDerivedClassDoesNotOverrideDifferentMethodInBase.BASE.test(base: int) -> Ghul.void, DifferentMethodInDerivedClassDoesNotOverrideDifferentMethodInBase.DERIVED.test(derived: string) -> Ghul.void
