test.ghul: 15,23..15,207: error: no static overload found for run_2(*** -> (*** -> ((int, int, int, int, int, int, int, int) -> Tasks.TASK[int] pure) pure) pure, int, int, int, int, int, int, int, int)
test.ghul: 15,23..15,24: error: cannot infer type here
test.ghul: 15,28..15,29: error: cannot infer type here
