test.ghul: 45,20..45,25: error: cannot rely on the narrowing of '_name' here: the call to 'init()' can change it [this call can change _name: test.ghul: 44,22..44,68] [help: test '_name' again, or copy it into a local variable before the call]
test.ghul: 51,20..51,25: error: cannot rely on the narrowing of '_name' here: the call to 'init()' can change it [this call can change _name: test.ghul: 50,20..50,52] [help: test '_name' again, or copy it into a local variable before the call]
