test.ghul: 49,20..49,25: error: cannot rely on the narrowing of '_name' here: the call to 'init()' can change it [this call can change _name: test.ghul: 48,22..48,68] [help: test '_name' again, or copy it into a local variable before the call]
test.ghul: 55,20..55,25: error: cannot rely on the narrowing of '_name' here: the call to 'init()' can change it [this call can change _name: test.ghul: 54,20..54,52] [help: test '_name' again, or copy it into a local variable before the call]
