increment 0 by 1
increment 1 by 2
increment 3 by 3
increment 6 by 4
increment 10 by 5
number is now 15
increment 15 by 1
increment 16 by 2
increment 18 by 3
increment 21 by 4
increment 25 by 5
number is now 30
decrement 30 by 1
decrement 29 by 2
decrement 27 by 3
decrement 24 by 4
decrement 20 by 5
number is now 15
decrement 15 by 1
decrement 14 by 2
decrement 12 by 3
decrement 9 by 4
decrement 5 by 5
number is now 0
increment 0 by 1
increment 1 by 2
increment 3 by 3
increment 6 by 4
increment 10 by 5
number is now 15
increment 15 by 1
increment 16 by 2
increment 18 by 3
increment 21 by 4
increment 25 by 5
number is now 30
decrement 30 by 1
decrement 29 by 2
decrement 27 by 3
decrement 24 by 4
decrement 20 by 5
number is now 15
decrement 15 by 1
decrement 14 by 2
decrement 12 by 3
decrement 9 by 4
decrement 5 by 5
number is now 0
