test.ghul: 10,24..10,25: error: in primary expression: expected (, [, [], assert, case, cast, char literal, default, false, float literal, identifier, if, int literal, isa, let, new, null, rec, self, string literal, super, true, typeof, val or { but found )
test.ghul: 10,24..10,25: error: in primary expression: expected (, [, [], assert, case, cast, char literal, default, false, float literal, identifier, if, int literal, isa, let, new, null, rec, self, string literal, super, true, typeof, val or { but found )
test.ghul: 10,24..10,25: error: syntax error: expected in but found )
test.ghul: 10,24..10,25: error: syntax error: expected then but found )
test.ghul: 11,13..11,15: error: syntax error: expected si but found fi
test.ghul: 12,9..12,11: error: in member: expected :, ;, = or => but found si
test.ghul: 14,1..14,3: error: in definition: expected @, [, class, enum, identifier, impl, namespace, operator, partial, struct, trait, union or use but found si
