test.ghul: 11,13..11,14: error: variable is not defined here
test.ghul: 22,43..22,44: error: variable is not defined here
test.ghul: 30,47..30,48: error: variable is not defined here
test.ghul: 33,47..33,48: error: variable is not defined here
test.ghul: 43,47..43,48: error: variable is not defined here
test.ghul: 46,47..46,48: error: variable is not defined here
test.ghul: 61,43..61,44: error: symbol not found: x
test.ghul: 64,47..64,48: error: variable is not defined here
test.ghul: 70,51..70,52: error: symbol not found: y
test.ghul: 83,47..83,48: error: symbol not found: x
test.ghul: 86,47..86,48: error: symbol not found: y
test.ghul: 9,43..9,44: error: symbol not found: x
