test.ghul: 19,43..19,44: error: variable is not defined here
test.ghul: 27,47..27,48: error: variable is not defined here
test.ghul: 30,47..30,48: error: variable is not defined here
test.ghul: 40,47..40,48: error: variable is not defined here
test.ghul: 43,47..43,48: error: variable is not defined here
test.ghul: 58,32..58,44: error: call is ambiguous write_line(***), tried IO.TextWriter.write_line(buffer: Ghul.char[]) -> Ghul.void, IO.TextWriter.write_line(buffer: ReadOnlySpan`1[char]) -> Ghul.void, IO.TextWriter.write_line(value: Decimal) -> Ghul.void, IO.TextWriter.write_line(value: StringBuilder) -> Ghul.void, IO.TextWriter.write_line(value: bool) -> Ghul.void, IO.TextWriter.write_line(value: char) -> Ghul.void, IO.TextWriter.write_line(value: double) -> Ghul.void, IO.TextWriter.write_line(value: int) -> Ghul.void, IO.TextWriter.write_line(value: long) -> Ghul.void, IO.TextWriter.write_line(value: single) -> Ghul.void, IO.TextWriter.write_line(value: string) -> Ghul.void, IO.TextWriter.write_line(value: uint) -> Ghul.void, IO.TextWriter.write_line(value: ulong) -> Ghul.void
test.ghul: 58,43..58,44: error: symbol not found: x
test.ghul: 6,32..6,44: error: call is ambiguous write_line(***), tried IO.TextWriter.write_line(buffer: Ghul.char[]) -> Ghul.void, IO.TextWriter.write_line(buffer: ReadOnlySpan`1[char]) -> Ghul.void, IO.TextWriter.write_line(value: Decimal) -> Ghul.void, IO.TextWriter.write_line(value: StringBuilder) -> Ghul.void, IO.TextWriter.write_line(value: bool) -> Ghul.void, IO.TextWriter.write_line(value: char) -> Ghul.void, IO.TextWriter.write_line(value: double) -> Ghul.void, IO.TextWriter.write_line(value: int) -> Ghul.void, IO.TextWriter.write_line(value: long) -> Ghul.void, IO.TextWriter.write_line(value: single) -> Ghul.void, IO.TextWriter.write_line(value: string) -> Ghul.void, IO.TextWriter.write_line(value: uint) -> Ghul.void, IO.TextWriter.write_line(value: ulong) -> Ghul.void
test.ghul: 6,43..6,44: error: symbol not found: x
test.ghul: 61,47..61,48: error: variable is not defined here
test.ghul: 67,40..67,52: error: call is ambiguous write_line(***), tried IO.TextWriter.write_line(buffer: Ghul.char[]) -> Ghul.void, IO.TextWriter.write_line(buffer: ReadOnlySpan`1[char]) -> Ghul.void, IO.TextWriter.write_line(value: Decimal) -> Ghul.void, IO.TextWriter.write_line(value: StringBuilder) -> Ghul.void, IO.TextWriter.write_line(value: bool) -> Ghul.void, IO.TextWriter.write_line(value: char) -> Ghul.void, IO.TextWriter.write_line(value: double) -> Ghul.void, IO.TextWriter.write_line(value: int) -> Ghul.void, IO.TextWriter.write_line(value: long) -> Ghul.void, IO.TextWriter.write_line(value: single) -> Ghul.void, IO.TextWriter.write_line(value: string) -> Ghul.void, IO.TextWriter.write_line(value: uint) -> Ghul.void, IO.TextWriter.write_line(value: ulong) -> Ghul.void
test.ghul: 67,51..67,52: error: symbol not found: y
test.ghul: 8,13..8,14: error: variable is not defined here
test.ghul: 80,36..80,48: error: call is ambiguous write_line(***), tried IO.TextWriter.write_line(buffer: Ghul.char[]) -> Ghul.void, IO.TextWriter.write_line(buffer: ReadOnlySpan`1[char]) -> Ghul.void, IO.TextWriter.write_line(value: Decimal) -> Ghul.void, IO.TextWriter.write_line(value: StringBuilder) -> Ghul.void, IO.TextWriter.write_line(value: bool) -> Ghul.void, IO.TextWriter.write_line(value: char) -> Ghul.void, IO.TextWriter.write_line(value: double) -> Ghul.void, IO.TextWriter.write_line(value: int) -> Ghul.void, IO.TextWriter.write_line(value: long) -> Ghul.void, IO.TextWriter.write_line(value: single) -> Ghul.void, IO.TextWriter.write_line(value: string) -> Ghul.void, IO.TextWriter.write_line(value: uint) -> Ghul.void, IO.TextWriter.write_line(value: ulong) -> Ghul.void
test.ghul: 80,47..80,48: error: symbol not found: x
test.ghul: 83,36..83,48: error: call is ambiguous write_line(***), tried IO.TextWriter.write_line(buffer: Ghul.char[]) -> Ghul.void, IO.TextWriter.write_line(buffer: ReadOnlySpan`1[char]) -> Ghul.void, IO.TextWriter.write_line(value: Decimal) -> Ghul.void, IO.TextWriter.write_line(value: StringBuilder) -> Ghul.void, IO.TextWriter.write_line(value: bool) -> Ghul.void, IO.TextWriter.write_line(value: char) -> Ghul.void, IO.TextWriter.write_line(value: double) -> Ghul.void, IO.TextWriter.write_line(value: int) -> Ghul.void, IO.TextWriter.write_line(value: long) -> Ghul.void, IO.TextWriter.write_line(value: single) -> Ghul.void, IO.TextWriter.write_line(value: string) -> Ghul.void, IO.TextWriter.write_line(value: uint) -> Ghul.void, IO.TextWriter.write_line(value: ulong) -> Ghul.void
test.ghul: 83,47..83,48: error: symbol not found: y
