for-interp <1>
for-interp <2>
for-interp <3>
consumer-interp <1>,<2>,<3>
for-cast 1
for-cast 2
for-cast 3
consumer-cast 1,2,3
for-if small
for-if small
for-if big
consumer-if small,small,big
for-case one
for-case two
for-case many
for-outer 11
for-outer 12
for-outer 13
consumer-outer 11,12,13
for-index 1
for-index 102
for-index 203
consumer-index 0:1,1:2,2:3
outer-deep 108
outer-deep 109
outer-deep 110
outer-arg 8
outer-arg 9
outer-arg 10
outer-deep 208
outer-deep 209
outer-deep 210
outer-arg 8
outer-arg 9
outer-arg 10
for-nested 101
for-nested 102
for-nested 103
consumer-nested a,b
