test.ghul: 10,15..10,36: error: member non_existant_function not found in Collections.LIST[Ghul.int]
test.ghul: 12,13..12,27: error: no overload found for add(System.String), tried Collections.LIST[Ghul.int].add(item: int) -> Ghul.void
test.ghul: 14,13..14,21: error: Ghul.int is not assignable to Collections.LIST[Ghul.int]
test.ghul: 18,13..18,18: error: Collections.LIST[Ghul.int] is not assignable to Ghul.int
test.ghul: 8,15..8,36: error: member non_existant_property not found in Collections.LIST[Ghul.int]
