array equal: True
array differing: False
array hash agrees: True
nested equal: True
nested hash agrees: True
list equal: True
list hash agrees: True
ordered member equal: True
ordered member differing: False
ordered hash agrees: True
set membership: True
set rejects differing: False
nested set membership: True
