array equal: true
array differing: false
array hash agrees: true
nested equal: true
nested hash agrees: true
list equal: true
list hash agrees: true
ordered member equal: true
ordered member differing: false
ordered hash agrees: true
set membership: true
set rejects differing: false
nested set membership: true
