equal: true
differing int: false
differing string: false
distinct equal strings: true
empty: true
computed excluded: true
field included: false
nested equal: true
nested differing: false
hash agrees: true
nested hash agrees: true
declared operator kept: true
ordering used: true
ordering differing: false
generic value: true
generic reference: true
both absent: true
one absent: false
both present: true
set membership: true
map key: 7
