equal: True
differing int: False
differing string: False
distinct equal strings: True
empty: True
computed excluded: True
field included: False
nested equal: True
nested differing: False
hash agrees: True
nested hash agrees: True
declared operator kept: True
ordering used: True
ordering differing: False
generic value: True
generic reference: True
both absent: True
one absent: False
both present: True
set membership: True
map key: 7
