ldtoken int32 
call class ['System.Runtime']'System'.'Type' class ['System.Runtime']'System'.'Type'::GetTypeFromHandle(valuetype ['System.Runtime']'System'.'RuntimeTypeHandle')
stloc 'ti.0'
ldtoken ['System.Runtime']'System'.'String' 
call class ['System.Runtime']'System'.'Type' class ['System.Runtime']'System'.'Type'::GetTypeFromHandle(valuetype ['System.Runtime']'System'.'RuntimeTypeHandle')
stloc 'ts.1'
ldtoken valuetype ['System.Runtime']'System'.'ValueTuple`3' <int32 ,int32 ,int32 > 
call class ['System.Runtime']'System'.'Type' class ['System.Runtime']'System'.'Type'::GetTypeFromHandle(valuetype ['System.Runtime']'System'.'RuntimeTypeHandle')
stloc 'tt.2'
