.class public auto ansi beforefieldinit TestTryCatchTwoExceptionsFinally.Main
       extends [System.Runtime]System.Object
{
  .custom instance void ['ghul-runtime']Ghul.Internal.CLOSED_ATTRIBUTE::.ctor() = ( 01 00 00 00 ) 
  .method public hidebysig static void  entry() cil managed
  {
    .entrypoint
    // Code size       26 (0x1a)
    .maxstack  64
    .locals init (bool V_0,
             class [System.Runtime]System.Exception V_1,
             class TestTryCatchTwoExceptionsFinally.MY_EXCEPTION V_2)
    .try
    {
      .try
      {
        IL_0000:  leave      IL_0012

      }  // end .try
      catch [System.Runtime]System.Exception 
      {
        IL_0005:  stloc.1
        IL_0006:  leave      IL_0012

      }  // end handler
      catch TestTryCatchTwoExceptionsFinally.MY_EXCEPTION 
      {
        IL_000b:  stloc.2
        IL_000c:  leave      IL_0012

      }  // end handler
    }  // end .try
    finally
    {
      IL_0011:  endfinally
    }  // end handler
    IL_0012:  ldloc.0
    IL_0013:  brfalse    IL_0019

    IL_0018:  ret

    IL_0019:  ret
  } // end of method Main::entry

} // end of class TestTryCatchTwoExceptionsFinally.Main

// *********** DISASSEMBLY COMPLETE ***********************
