.locals init (bool '.temp.0.1')
.try {
.try {
leave L_2
}
catch class [System.Runtime]'System'.'Exception' {
.locals init (class [System.Runtime]'System'.'Exception' 'ex.0')
stloc 'ex.0'
leave L_2
}
catch class 'Test'.'MyException' {
.locals init (class 'Test'.'MyException' 'ex.1')
stloc 'ex.1'
leave L_2
}
}
finally {
L_1:
endfinally
}
ldloc '.temp.0.1'
brfalse L_2
L_0:
ret
L_2:
