test.ghul: 118,22..118,31: error: symbol not found: Exception
test.ghul: 118,35..118,44: error: symbol not found: Exception
test.ghul: 156,26..156,35: error: symbol not found: Exception
test.ghul: 156,39..156,48: error: symbol not found: Exception
test.ghul: 23,9..23,29: error: cannot use member defined in current assembly
test.ghul: 39,23..39,29: error: symbol not found: TEST_4
test.ghul: 43,20..43,26: error: member test_2 not found in Test34.TEST_3
test.ghul: 46,20..46,26: error: member test_3 not found in Test12.TEST_2
test.ghul: 55,9..55,16: error: symbol not found: test_34
test.ghul: 57,9..57,16: error: symbol not found: test_56
test.ghul: 58,9..58,15: error: symbol not found: Test56
test.ghul: 60,15..60,22: error: member test_56 not found in .Outer
test.ghul: 66,12..66,18: error: member test_6 not found in Outer.Test56.TEST_5
test.ghul: 67,12..67,18: error: member test_5 not found in Outer.Test56.TEST_6
