expect True False: scalars: true false
expect False True: !~: false true
expect True: string element by value: true
expect True False: named elements: true false
expect True False: nested: true false
expect True False: =~ class element: true false
expect False: no-operator class element: false
expect True: call result on the left: true
expect False: after a change: false
