.locals init (bool '.temp.82515.1')
.try {
.try {
leave L_2
}
catch class [mscorlib]System.Exception {
.locals init (class [mscorlib]System.Exception 'ex.0')
stloc 'ex.0'
leave L_2
}
catch class 'Test'.'MyException' {
.locals init (class 'Test'.'MyException' 'ex.1')
stloc 'ex.1'
leave L_2
}
}
finally {
L_1:
endfinally
}
ldloc '.temp.82515.1'
brfalse L_2
L_0:
ret
L_2:
