test.ghul: 10,46..10,52: error: no overload found for <>(int?, int), tried Ghul.Intrinsics.<>(a: byte, b: byte) -> int, Ghul.Intrinsics.<>(a: char, b: char) -> int, Ghul.Intrinsics.<>(a: decimal, b: decimal) -> int, Ghul.Intrinsics.<>(a: double, b: double) -> int, Ghul.Intrinsics.<>(a: int, b: int) -> int, Ghul.Intrinsics.<>(a: long, b: long) -> int, Ghul.Intrinsics.<>(a: short, b: short) -> int, Ghul.Intrinsics.<>(a: single, b: single) -> int, Ghul.Intrinsics.<>(a: ubyte, b: ubyte) -> int, Ghul.Intrinsics.<>(a: uint, b: uint) -> int, Ghul.Intrinsics.<>(a: ulong, b: ulong) -> int, Ghul.Intrinsics.<>(a: ushort, b: ushort) -> int, Ghul.Intrinsics.<>(a: uword, b: uword) -> int, Ghul.Intrinsics.<>(a: word, b: word) -> int
