test.ghul: 16,73..16,89: error: cannot infer type here
test.ghul: 16,73..16,89: error: no static overload found for once_2(int -> *** -> (int, int, int, int, int, int, int, int) -> int pure pure pure), tried Grid.once_2[T..,U](make: int -> int -> T.. -> U) -> T -> U
test.ghul: 16,78..16,79: error: cannot infer type here
