cts object null 
cts array 1 2 3 
cts 123 
cts object o hello
cts object p 
cts thing 
cti object null 0
cti array 1 2 3 0
cti 'hello' 0
cti object o 0
cti object p 123
cti thing 0
ctt object null THING #0 default
ctt array 1 2 3 THING #0 default
ctt 'hello' THING #0 default
ctt object o THING #0 default
ctt object p THING #0 default
ctt thing THING #2 initialized
cfo string object null 
cfo string array 1 2 3 
cfo string 123 
cfo string object o hello
cfo string object p 
cfo string thing 
cfo int object null 0
cfo int array 1 2 3 0
cfo int 'hello' 0
cfo int object o 0
cfo int object p 123
cfo int thing 0
cfo THING object null THING #0 default
cfo THING array 1 2 3 THING #0 default
cfo THING 'hello' THING #0 default
cfo THING object o THING #0 default
cfo THING object p THING #0 default
cfo THING thing THING #5 initialized
cfs object hello hello
cfs int hello 0
cfs THING hello THING #0 default
