ldtoken int32
call class [mscorlib]System.Type class [mscorlib]System.Type::GetTypeFromHandle(valuetype [mscorlib]System.RuntimeTypeHandle)
stloc 'ti.0'
ldtoken ['System.Runtime']'System'.'String'
call class [mscorlib]System.Type class [mscorlib]System.Type::GetTypeFromHandle(valuetype [mscorlib]System.RuntimeTypeHandle)
stloc 'ts.1'
ldtoken valuetype ['System.Runtime']'System'.'ValueTuple`3'<int32,int32,int32>
call class [mscorlib]System.Type class [mscorlib]System.Type::GetTypeFromHandle(valuetype [mscorlib]System.RuntimeTypeHandle)
stloc 'tt.2'
