test.ghul: 15,9..15,19: error: syntax error: expected ; but found identifier test_after
test.ghul: 34,29..34,39: error: no overload found for test_incomplete(int, string), tried TEST.test_incomplete(a: int, b: int) -> void
test.ghul: 35,29..35,41: error: no overload found for test_incomplete(string, string), tried TEST.test_incomplete(a: int, b: int) -> void
