test.ghul: 15,9..15,19: error: syntax error: expected ; but found identifier test_after
test.ghul: 34,29..34,39: error: no overload found for test_incomplete(Ghul.int, Ghul.string), tried TestIncompleteMethodSignature18.TEST.test_incomplete(a: int, b: int) -> Ghul.void
test.ghul: 35,29..35,41: error: no overload found for test_incomplete(Ghul.string, Ghul.string), tried TestIncompleteMethodSignature18.TEST.test_incomplete(a: int, b: int) -> Ghul.void
