test.ghul: 83,33..83,40: warn: [null-deref] counted may not hold a value here: the getter of 'counted' is not provably stable [getter declared here: test.ghul: 42,5..42,12] [narrowed here: test.ghul: 83,12..83,19] [help: copy the value into a local variable]
test.ghul: 93,45..93,52: warn: [null-deref] current may not hold a value here
