test.ghul: 104,9..104,27: error: _static_field: int is not publicly assignable
test.ghul: 106,9..106,25: error: Base.static_auto: Ghul.int is not publicly assignable
test.ghul: 111,9..111,29: error: _instance_field: int is not publicly assignable
test.ghul: 113,9..113,27: error: Base.instance_auto: Ghul.int is not publicly assignable
test.ghul: 141,9..141,27: error: _static_field: int is not publicly assignable
test.ghul: 143,9..143,25: error: Base.static_auto: Ghul.int is not publicly assignable
test.ghul: 152,9..152,27: error: _static_field: int is not publicly assignable
test.ghul: 154,9..154,25: error: Base.static_auto: Ghul.int is not publicly assignable
test.ghul: 159,9..159,29: error: _instance_field: int is not publicly assignable
test.ghul: 161,9..161,27: error: Base.instance_auto: Ghul.int is not publicly assignable
test.ghul: 169,5..169,23: error: _static_field: int is not publicly assignable
test.ghul: 171,5..171,21: error: Base.static_auto: Ghul.int is not publicly assignable
test.ghul: 180,5..180,23: error: _static_field: int is not publicly assignable
test.ghul: 182,5..182,21: error: Base.static_auto: Ghul.int is not publicly assignable
test.ghul: 187,5..187,25: error: _instance_field: int is not publicly assignable
test.ghul: 189,5..189,23: error: Base.instance_auto: Ghul.int is not publicly assignable
test.ghul: 198,5..198,23: error: _static_field: int is not publicly assignable
test.ghul: 200,5..200,21: error: Base.static_auto: Ghul.int is not publicly assignable
test.ghul: 205,5..205,25: error: _instance_field: int is not publicly assignable
test.ghul: 207,5..207,23: error: Base.instance_auto: Ghul.int is not publicly assignable
test.ghul: 84,9..84,27: error: _static_field: int is not publicly assignable
test.ghul: 86,9..86,25: error: Base.static_auto: Ghul.int is not publicly assignable
