entry...
creating SELF_TEST name: entry is disposed: false
updated SELF_TEST name: entry (updated) is disposed: false
re-updated SELF_TEST name: entry is disposed: false
updated SELF_TEST name: updated in init is disposed: false from init
after test_update_name SELF_TEST name: entry is disposed: false
testing SELF_TEST name: entry is disposed: false from from entry via SELF_TEST A
testing SELF_TEST name: entry is disposed: false from from entry via SELF_TEST B
testing SELF_TEST name: entry is disposed: false from directly from entry B
testing SELF_TEST name: entry (updated from entry) is disposed: false from directly from entry (after field update) B
updated SELF_TEST name: updated in entry is disposed: false from entry
testing SELF_TEST name: entry (updated from entry) is disposed: false from directly from entry (after field update in test_update_name) B
disposing SELF_TEST name: entry (updated from entry) is disposed: false in entry
disposing SELF_TEST name: entry (updated from entry) is disposed: false
expect disposed: SELF_TEST name: entry (updated from entry) is disposed: true in entry

normal...
creating SELF_TEST name: test_normal is disposed: false
updated SELF_TEST name: test_normal (updated) is disposed: false
re-updated SELF_TEST name: test_normal is disposed: false
updated SELF_TEST name: updated in init is disposed: false from init
after test_update_name SELF_TEST name: test_normal is disposed: false
testing SELF_TEST name: test_normal is disposed: false from from test_normal via SELF_TEST A
testing SELF_TEST name: test_normal is disposed: false from from test_normal via SELF_TEST B
testing SELF_TEST name: test_normal is disposed: false from directly from test_normal B
testing SELF_TEST name: test_normal (updated from test_normal) is disposed: false from directly from test_normal (after field update) B
updated SELF_TEST name: updated in entry is disposed: false from entry
testing SELF_TEST name: test_normal (updated from test_normal) is disposed: false from directly from entry (after field update in test_update_name) B
disposing SELF_TEST name: test_normal (updated from test_normal) is disposed: false in test_normal
disposing SELF_TEST name: test_normal (updated from test_normal) is disposed: false
expect disposed: SELF_TEST name: test_normal (updated from test_normal) is disposed: true in test_normal

let use...
creating SELF_TEST name: test_let_use is disposed: false
updated SELF_TEST name: test_let_use (updated) is disposed: false
re-updated SELF_TEST name: test_let_use is disposed: false
updated SELF_TEST name: updated in init is disposed: false from init
after test_update_name SELF_TEST name: test_let_use is disposed: false
testing SELF_TEST name: test_let_use is disposed: false from from test_let_use via SELF_TEST A
testing SELF_TEST name: test_let_use is disposed: false from from test_let_use via SELF_TEST B
testing SELF_TEST name: test_let_use is disposed: false from directly from test_let_use B
testing SELF_TEST name: test_let_use (updated from test_let_use) is disposed: false from directly from test_let_use (after field update) B
updated SELF_TEST name: updated in entry is disposed: false from entry
testing SELF_TEST name: test_let_use (updated from test_let_use) is disposed: false from directly from entry (after field update in test_update_name) B
auto disposing SELF_TEST name: test_let_use (updated from test_let_use) is disposed: false in test_let_use
disposing SELF_TEST name: test_let_use (updated from test_let_use) is disposed: false
