Test.I =~ Test.I result True (expected True vs actual True)
Test.I =~ Test.I result True (expected True vs actual True)
Test.I =~ Test.I result True (expected False vs actual False)
Test.I !~ Test.I result True (expected False vs actual False)
Test.I !~ Test.I result True (expected False vs actual False)
Test.I !~ Test.I result True (expected True vs actual True)
Test.I > Test.I result True (expected False vs actual False)
Test.I > Test.I result True (expected False vs actual False)
Test.I > Test.I result True (expected False vs actual False)
Test.I > Test.I result True (expected True vs actual True)
Test.I >= Test.I result True (expected True vs actual True)
Test.I >= Test.I result True (expected True vs actual True)
Test.I >= Test.I result True (expected False vs actual False)
Test.I >= Test.I result True (expected True vs actual True)
Test.I < Test.I result True (expected False vs actual False)
Test.I < Test.I result True (expected False vs actual False)
Test.I < Test.I result True (expected True vs actual True)
Test.I < Test.I result True (expected False vs actual False)
Test.I <= Test.I result True (expected True vs actual True)
Test.I <= Test.I result True (expected True vs actual True)
Test.I <= Test.I result True (expected True vs actual True)
Test.I <= Test.I result True (expected False vs actual False)
