test.ghul: 16,27..16,31: error: no static overload found for to_t(null), tried Test.GenericFunctionTypeArgumentsAreAssignableFromNull.to_t[BLAH,BLAH](value: BLAH) -> BLAH
test.ghul: 17,33..17,43: error: no static overload found for set_from_t(null, null), tried Test.GenericFunctionTypeArgumentsAreAssignableFromNull.set_from_t[BLAH,BLAH](value: BLAH, other: BLAH) -> void
test.ghul: 20,25..20,29: error: no static overload found for to_t(null), tried Test.GenericFunctionTypeArgumentsAreAssignableFromNull.to_t[int,int](value: int) -> int
test.ghul: 21,31..21,41: error: no static overload found for set_from_t(null, null), tried Test.GenericFunctionTypeArgumentsAreAssignableFromNull.set_from_t[int,int](value: int, other: int) -> void
