test.ghul: 20,25..20,29: error: no static overload found for to_t(null), tried Test.GenericFunctionTypeArgumentsAreAssignableFromNull.to_t[int,int](value: int) -> int
test.ghul: 21,31..21,41: error: no static overload found for set_from_t(null, null), tried Test.GenericFunctionTypeArgumentsAreAssignableFromNull.set_from_t[int,int](value: int, other: int) -> void
