test.ghul: 12,22..12,29: error: expected function literal formal arguments
test.ghul: 12,33..12,34: error: symbol not found: n
test.ghul: 15,23..15,24: error: symbol not found: n
test.ghul: 15,24..15,25: error: in primary expression: expected (, [, [], assert, case, cast, char literal, default, false, float literal, identifier, if, int literal, isa, let, new, null, rec, self, string literal, super, true, typeof or { but found :
test.ghul: 15,24..15,25: error: in tuple: expected ) but found :
test.ghul: 15,24..15,25: error: syntax error: expected ; but found :
