test.ghul: 20,36..20,40: error: no static overload found for takes_non_optional(null), tried Test.takes_non_optional(s: string) -> int
test.ghul: 21,42..21,46: error: no overload found for takes_non_optional(null), tried BOX.takes_non_optional(s: string) -> int
test.ghul: 27,17..27,26: error: no overload found for init(null), tried BOX.init(s: string) -> void
test.ghul: 29,19..29,23: error: expected argument of type string but null supplied
test.ghul: 37,17..37,28: error: indexer [null] not found in BOX
