test.ghul: 20,36..20,40: warn: [non-optional] null where non-optional string expected
test.ghul: 21,42..21,46: warn: [non-optional] null where non-optional string expected
test.ghul: 27,21..27,25: warn: [non-optional] null where non-optional string expected
test.ghul: 29,19..29,23: warn: [non-optional] null where non-optional string expected
