cases/011-static-modifier-error/test.ghul: 10,9..13,7: warn: legacy compiler cannot infer type here, assuming void
cases/011-static-modifier-error/test.ghul: 16,9..21,7: warn: legacy compiler cannot infer type here, assuming void
cases/011-static-modifier-error/test.ghul: 3,9..6,26: warn: legacy compiler cannot infer type here, assuming void
cases/011-static-modifier-error/test.ghul: 6,9..10,24: warn: legacy compiler cannot infer type here, assuming void
