test.ghul: 33,11..33,15: error: must implement Test.MustDoStuff.do_other_stuff(to_thing: int) -> Ghul.void
test.ghul: 33,11..33,15: error: must implement Test.MustDoStuff.do_other_stuff(to_thing: string) -> Ghul.void
test.ghul: 33,11..33,15: error: must implement Test.MustDoStuff.do_stuff() -> Ghul.void
test.ghul: 37,11..37,23: error: must implement Test.MustDoStuff.do_other_stuff(to_thing: int) -> Ghul.void
test.ghul: 37,11..37,23: error: must implement Test.MustDoStuff.do_other_stuff(to_thing: string) -> Ghul.void
test.ghul: 37,11..37,23: error: must implement Test.MustDoStuff.do_stuff() -> Ghul.void
test.ghul: 41,11..41,25: error: must implement Test.MustDoStuff.do_other_stuff(to_thing: string) -> Ghul.void
test.ghul: 41,11..41,25: error: must implement Test.MustDoStuff.do_stuff() -> Ghul.void
test.ghul: 45,11..45,31: error: must implement Test.MustDoStuff.do_other_stuff(to_thing: int) -> Ghul.void
test.ghul: 45,11..45,31: error: must implement Test.MustDoStuff.do_other_stuff(to_thing: string) -> Ghul.void
test.ghul: 45,11..45,31: error: must implement Test.MustDoStuff.do_stuff() -> Ghul.void
