test.ghul: 24,11..24,15: error: must implement Test.MustDoStuff.do_other_stuff(to_thing: String) -> Ghul.void
test.ghul: 24,11..24,15: error: must implement Test.MustDoStuff.do_other_stuff(to_thing: int) -> Ghul.void
test.ghul: 24,11..24,15: error: must implement Test.MustDoStuff.do_stuff() -> Ghul.void
test.ghul: 28,11..28,23: error: must implement Test.MustDoStuff.do_other_stuff(to_thing: String) -> Ghul.void
test.ghul: 28,11..28,23: error: must implement Test.MustDoStuff.do_other_stuff(to_thing: int) -> Ghul.void
test.ghul: 28,11..28,23: error: must implement Test.MustDoStuff.do_stuff() -> Ghul.void
test.ghul: 32,11..32,25: error: must implement Test.MustDoStuff.do_other_stuff(to_thing: String) -> Ghul.void
test.ghul: 32,11..32,25: error: must implement Test.MustDoStuff.do_stuff() -> Ghul.void
test.ghul: 36,11..36,31: error: must implement Test.MustDoStuff.do_other_stuff(to_thing: String) -> Ghul.void
test.ghul: 36,11..36,31: error: must implement Test.MustDoStuff.do_other_stuff(to_thing: int) -> Ghul.void
test.ghul: 36,11..36,31: error: must implement Test.MustDoStuff.do_stuff() -> Ghul.void
