test.ghul: 32,13..32,30: error: cannot await NO_RESULT: awaiter NO_RESULT has no get_result method
test.ghul: 33,21..33,38: error: cannot await NO_NOTIFY: awaiter NO_NOTIFY does not implement System.Runtime.CompilerServices.INotifyCompletion
test.ghul: 34,21..34,42: error: cannot await BAD_COMPLETED: awaiter BAD_COMPLETED is_completed is not bool
