test.ghul: 32,13..32,38: error: Ghul.string is not assignable to Ghul.int
test.ghul: 35,13..35,38: error: Ghul.int is not assignable to Ghul.string
test.ghul: 38,33..38,47: error: member does_not_exist not found in (index: int, value: string)
test.ghul: 40,33..40,47: error: member does_not_exist not found in (index: int, value: string)
