ldc.i4.s   99
box        char
callvirt   instance class [System.Runtime]System.Type [System.Runtime]System.Object::GetType()
pop
ldc.i4.s   123
box        int32
callvirt   instance class [System.Runtime]System.Type [System.Runtime]System.Object::GetType()
pop
ldc.r8     123.456
box        float64
callvirt   instance class [System.Runtime]System.Type [System.Runtime]System.Object::GetType()
pop
newobj     instance void Tests.TEST::.ctor()
box        Tests.TEST
callvirt   instance class [System.Runtime]System.Type [System.Runtime]System.Object::GetType()
pop
