test.ghul: 15,22..15,196: error: no static overload found for run_1(int -> (int, int, int, int, int, int, int) -> int pure, (int, int, int, int, int, int, int)), tried Grid.run_1[T..,U](make: int -> T.. -> U, v: T) -> U
test.ghul: 15,80..15,175: error: cannot return value of type ((int, int, int, int, int, int, int)) -> int pure where (int, int, int, int, int, int, int) -> int expected
