test.ghul: 14,33..14,59: error: symbol not found: undefined_after_the_damage
test.ghul: 6,13..6,14: error: in primary expression: expected (, [, [], assert, case, cast, char literal, do, false, float literal, for, identifier, if, int literal, isa, let, new, null, rec, self, string literal, super, true, typeof, val, while or { but found )
