.class public auto ansi beforefieldinit TestTryBreakContinue.Main
       extends [System.Runtime]System.Object
{
  .custom instance void ['ghul-runtime']Ghul.Internal.CLOSED_ATTRIBUTE::.ctor() = ( 01 00 00 00 ) 
  .method public hidebysig static void  entry() cil managed
  {
    .entrypoint
    // Code size       41 (0x29)
    .maxstack  64
    .locals init (bool V_0,
             class [System.Runtime]System.Exception V_1)
    IL_0000:  ldc.i4.1
    IL_0001:  brfalse    IL_0027

    .try
    {
      IL_0006:  leave      IL_0027

      IL_000b:  leave      IL_001b

    }  // end .try
    catch [System.Runtime]System.Exception 
    {
      IL_0010:  stloc.1
      IL_0011:  leave      IL_0000

      IL_0016:  leave      IL_001b

    }  // end handler
    IL_001b:  ldloc.0
    IL_001c:  brfalse    IL_0022

    IL_0021:  ret

    IL_0022:  br         IL_0000

    IL_0027:  ret

    IL_0028:  ret
  } // end of method Main::entry

} // end of class TestTryBreakContinue.Main

// *********** DISASSEMBLY COMPLETE ***********************
