test.ghul: 11,25..11,26: error: A is not an argument pack: declare it [A..] to spread it here
test.ghul: 7,40..7,41: error: an argument pack is only spread into the parameter of this formal's own function type
test.ghul: 9,22..9,23: error: an argument pack is only spread into the parameter of this formal's own function type
