test.ghul: 10,40..10,41: error: an argument pack is only spread into the parameter of this formal's own function type
test.ghul: 12,22..12,23: error: an argument pack is only spread into the parameter of this formal's own function type
test.ghul: 14,25..14,26: error: A is not an argument pack: declare it [A..] to spread it here
test.ghul: 8,36..8,37: error: an argument pack is only spread into the parameter of this formal's own function type
