.namespace 'Test' {
.class public auto ansi beforefieldinit 'TEST' extends object
{
.field public int32 '_test_0'
.field public class [mscorlib]System.String '_test_1'
.method public hidebysig instance default  void .ctor() cil managed
{
.maxstack 64
ret
}
.method public virtual hidebysig instance default  void 'test'() cil managed
{
.maxstack 64
ldarg.0
ldc.i4 12345
stfld int32 class 'Test'.'TEST'::'_test_0'
ldarg.0
ldstr bytearray (68 00 65 00 6C 00 6C 00 6F 00 2C 00 20 00 77 00 6F 00 72 00 6C 00 64 00 )
stfld class [mscorlib]System.String class 'Test'.'TEST'::'_test_1'
.locals init (int32 't0.0')
ldarg.0
ldfld int32 class 'Test'.'TEST'::'_test_0'
stloc 't0.0'
.locals init (class [mscorlib]System.String 't1.1')
ldarg.0
ldfld class [mscorlib]System.String class 'Test'.'TEST'::'_test_1'
stloc 't1.1'
ret
}
}
}
