.class public auto ansi beforefieldinit 'TEST' extends object
{
.field public int32 '_test_0'
.field public 'System'.'String' '_test_1'
.method public virtual hidebysig instance default  void .ctor() cil managed
{
ret
}
.method public virtual hidebysig instance default  void 'test'() cil managed
{
ldarg.0
ldc.i4 12345
stfld int32 'Test'.'TEST'::'_test_0'
ldarg.0
ldstr "hello, world"
stfld 'System'.'String' 'Test'.'TEST'::'_test_1'
.locals init (int32 't0.0')
ldarg.0
ldfld int32 'Test'.'TEST'::'_test_0'
stloc 't0.0'
.locals init ('System'.'String' 't1.1')
ldarg.0
ldfld 'System'.'String' 'Test'.'TEST'::'_test_1'
stloc 't1.1'
ret
}
}
