test.ghul: 10,13..10,17: error: in definition: expected [, class, enum, identifier, import, namespace, operator, struct, trait or use but found else
test.ghul: 10,13..10,17: error: syntax error: expected si but found else
test.ghul: 11,17..11,22: error: variable must have explict type or initializer
test.ghul: 11,21..11,22: error: in definition: expected [, class, enum, identifier, import, namespace, operator, struct, trait or use but found int literal 2
test.ghul: 11,21..11,22: error: in identifier: expected identifier but found int literal 2
test.ghul: 11,21..11,22: error: syntax error: expected ; but found int literal 2
test.ghul: 11,22..11,23: error: in definition: expected [, class, enum, identifier, import, namespace, operator, struct, trait or use but found ;
test.ghul: 12,13..12,15: error: in definition: expected [, class, enum, identifier, import, namespace, operator, struct, trait or use but found fi
test.ghul: 15,1..15,3: error: in definition: expected [, class, enum, identifier, import, namespace, operator, struct, trait or use but found si
test.ghul: 9,17..9,18: error: syntax error: expected then but found identifier x
