test.ghul: 17,11..17,12: error: cannot inherit multiple symbols with the same name: A.thing() -> int, B.thing: int, C.thing: int [declared here: test.ghul: 6,9..6,14] [declared here: test.ghul: 10,9..10,14] [declared here: test.ghul: 14,9..14,14]
test.ghul: 17,11..17,12: error: must implement B.thing: int [member declared here: test.ghul: 10,9..10,14]
