ldc.i4.0
ldc.i4.1
newobj     instance void valuetype [System.Runtime]System.ValueTuple`2<int32,int32>::.ctor(!0,
ldsfld     class [System.Runtime]System.Func`2<valuetype [System.Runtime]System.ValueTuple`2<int32,int32>,class Test.STREAM.YIELD<int32,valuetype [System.Runtime]System.ValueTuple`2<int32,int32>>> Test.RUNNER::$packed_0$cache
dup
brtrue     IL_0025
pop
ldnull
ldftn      class Test.STREAM.YIELD<int32,valuetype [System.Runtime]System.ValueTuple`2<int32,int32>> Test.RUNNER::$packed_0(valuetype [System.Runtime]System.ValueTuple`2<int32,int32>)
newobj     instance void class [System.Runtime]System.Func`2<valuetype [System.Runtime]System.ValueTuple`2<int32,int32>,class Test.STREAM.YIELD<int32,valuetype [System.Runtime]System.ValueTuple`2<int32,int32>>>::.ctor(object,
dup
stsfld     class [System.Runtime]System.Func`2<valuetype [System.Runtime]System.ValueTuple`2<int32,int32>,class Test.STREAM.YIELD<int32,valuetype [System.Runtime]System.ValueTuple`2<int32,int32>>> Test.RUNNER::$packed_0$cache
call       class ['ghul-runtime']Ghul.Pipes.Pipe<!!0> Test.$globals::marked_stream<int32,valuetype [System.Runtime]System.ValueTuple`2<int32,int32>>(!!1,
stloc.0
