.class public auto ansi beforefieldinit Test.MAIN
       extends [System.Runtime]System.Object
{
  .custom instance void ['ghul-runtime']Ghul.Internal.CLOSED_ATTRIBUTE::.ctor() = ( 01 00 00 00 ) 
  .method public hidebysig virtual instance void 
          SomeFunction() cil managed
  {
    // Code size       1 (0x1)
    .maxstack  64
    IL_0000:  ret
  } // end of method MAIN::SomeFunction

} // end of class Test.MAIN
