.class public auto ansi beforefieldinit Test.MAIN
       extends [System.Runtime]System.Object
{
  .custom instance void ['ghul-runtime']Ghul.Internal.CLOSED_ATTRIBUTE::.ctor() = ( 01 00 00 00 ) 
  .method public hidebysig virtual instance void 
          SomeFunction() cil managed
  {
    .custom instance void ['ghul-runtime']Ghul.Internal.GHUL_NAME_ATTRIBUTE::.ctor(string) = ( 01 00 0D 73 6F 6D 65 5F 66 75 6E 63 74 69 6F 6E   // ...some_function
                                                                                               00 00 ) 
    // Code size       1 (0x1)
    .maxstack  64
    IL_0000:  ret
  } // end of method MAIN::SomeFunction

} // end of class Test.MAIN
