test.ghul: 10,15..10,36: error: member non_existant_property not found in Collections.LIST[Ghul.int]
test.ghul: 12,15..12,36: error: member non_existant_function not found in Collections.LIST[Ghul.int]
test.ghul: 14,19..14,26: error: no overload found for add(Ghul.string), tried Collections.LIST[Ghul.int].add(item: int) -> Ghul.void
test.ghul: 16,13..16,21: error: Ghul.int is not assignable to Collections.LIST[Ghul.int]
test.ghul: 20,13..20,18: error: Collections.LIST[Ghul.int] is not assignable to Ghul.int
