test.ghul: 18,15..18,36: error: member non_existant_property not found in Collections.LIST[Ghul.int]
test.ghul: 20,15..20,36: error: member non_existant_function not found in Collections.LIST[Ghul.int]
test.ghul: 22,13..22,27: error: no overload found for add(Ghul.string), tried Collections.LIST[Ghul.int].add(item: int) -> Ghul.void
test.ghul: 24,13..24,21: error: Ghul.int is not assignable to Collections.LIST[Ghul.int]
test.ghul: 28,13..28,18: error: Collections.LIST[Ghul.int] is not assignable to Ghul.int
