test.ghul: 10,11..10,20: error: symbol DUP_CLASS is redefined [redefined here: test.ghul: 16,11..16,20]
test.ghul: 16,11..16,20: error: redefining symbol DUP_CLASS [symbol declared here: test.ghul: 10,11..10,20]
test.ghul: 6,5..6,17: error: duplicate function [also declared here: test.ghul: 8,5..8,17]
test.ghul: 8,5..8,17: error: duplicate function [also declared here: test.ghul: 6,5..6,17]
