ldc.i4 100
ldc.i4 200
clt
stloc 'b.0'
ldc.i4 100
ldc.i4 200
cgt
stloc 'b.0'
ldc.i4 100
ldc.i4 100
cgt
ldc.i4 0
ceq
stloc 'b.0'
ldc.i4 100
ldc.i4 201
clt
ldc.i4 0
ceq
stloc 'b.0'
ldc.i4 100
ldc.i4 200
cgt
stloc 'b.0'
ldc.i4 200
ldc.i4 150
clt
stloc 'b.0'
ldc.i4 150
ldc.i4 50
clt
ldc.i4 0
ceq
stloc 'b.0'
ldc.i4 200
ldc.i4 100
cgt
ldc.i4 0
ceq
stloc 'b.0'
