describe_subject: DescribeSubject(123)
return_self: InheritedGenericMembers.Concrete
take_self: TakeSelf(InheritedGenericMembers.Concrete)
wrap_self.and: InheritedGenericMembers.Concrete
subject_field: subject-init
self_field: InheritedGenericMembers.Concrete
wrapped_self_field.and: InheritedGenericMembers.Concrete
