test.ghul: 20,18..20,21: error: expected argument of type Ghul.char but Ghul.int supplied
test.ghul: 21,18..21,25: error: expected argument of type Ghul.char but Ghul.string supplied
test.ghul: 23,19..23,26: error: expected argument of type Ghul.int but Ghul.string supplied
test.ghul: 24,24..24,31: error: expected argument of type Ghul.int but Ghul.string supplied
test.ghul: 26,18..26,44: error: expected 1 arguments but 3 supplied
test.ghul: 27,18..27,19: error: expected 1 arguments but 0 supplied
test.ghul: 35,13..35,25: error: Ghul.char -> Ghul.char is not assignable to (Ghul.int, Ghul.int) -> Ghul.int
test.ghul: 36,13..36,25: error: Ghul.FUNCTION_1[Ghul.char,Ghul.char] is not assignable to Ghul.FUNCTION_2[Ghul.int,Ghul.int,Ghul.int]
test.ghul: 38,13..38,20: error: cannot call value of non-function type Ghul.string
