test.ghul: 28,18..28,21: error: expected argument of type Ghul.char but Ghul.int supplied
test.ghul: 29,18..29,25: error: expected argument of type Ghul.char but Ghul.string supplied
test.ghul: 31,19..31,26: error: expected argument of type Ghul.int but Ghul.string supplied
test.ghul: 32,24..32,31: error: expected argument of type Ghul.int but Ghul.string supplied
test.ghul: 34,18..34,44: error: expected 1 arguments but 3 supplied
test.ghul: 35,18..35,19: error: expected 1 arguments but 0 supplied
test.ghul: 43,13..43,25: error: Ghul.char -> Ghul.char is not assignable to (Ghul.int,Ghul.int) -> Ghul.int
test.ghul: 44,13..44,25: error: Ghul.FUNCTION_1[Ghul.char,Ghul.char] is not assignable to Ghul.FUNCTION_2[Ghul.int,Ghul.int,Ghul.int]
test.ghul: 46,13..46,20: error: cannot call value of non-function type Ghul.string
