try enter monitor...
in monitor: locked is: True
could not get value for key 'X'
exit monitor...
try enter monitor...
in monitor: locked is: True
got value 'a' for key 'A'
exit monitor...
try enter monitor...
in monitor: locked is: True
got value 'b' for key 'B'
exit monitor...
try enter monitor...
in monitor: locked is: True
got value 'c' for key 'C'
exit monitor...
try enter monitor...
in monitor: locked is: True
could not get value for key 'Y'
exit monitor...
