test.ghul: 11,10..11,50: error: string cannot be returned from a shared library
test.ghul: 14,10..14,50: error: a method carrying DllImport is the call into the library, so it takes no body of its own
test.ghul: 17,10..17,50: error: a method carrying DllImport must be static
test.ghul: 8,10..8,50: error: values is a Collections.LIST[int], which cannot be passed to a shared library
