test.ghul: 104,22..104,36: error: cannot rely on the narrowing of 'h.non_monotone' here: the getter of 'non_monotone' is not provably stable [getter declared here: test.ghul: 50,5..50,17] [narrowed here: test.ghul: 103,14..103,28] [help: copy the value into a local variable]
test.ghul: 114,22..114,37: error: cannot rely on the narrowing of 'h.unguarded_arm' here: the getter of 'unguarded_arm' is not provably stable [getter declared here: test.ghul: 63,5..63,18] [narrowed here: test.ghul: 113,14..113,29] [help: copy the value into a local variable]
test.ghul: 125,22..125,29: error: cannot rely on the narrowing of 'h.frame' here: the call to 'bump()' can change it [this call can change h.frame: test.ghul: 124,9..124,17] [help: test 'h.frame' again, or copy it into a local variable before the call]
test.ghul: 95,26..95,33: error: cannot rely on the narrowing of 'h.frame' here: the getter of 'frame' is not provably stable [getter declared here: test.ghul: 35,5..35,10] [narrowed here: test.ghul: 94,22..94,29] [help: copy the value into a local variable]
