test.ghul: 104,22..104,36: error: no static overload found for takes(BASE?), tried takes(b: BASE) -> int
test.ghul: 114,22..114,37: error: no static overload found for takes(BASE?), tried takes(b: BASE) -> int
test.ghul: 125,22..125,29: error: no static overload found for takes(BASE?), tried takes(b: BASE) -> int
test.ghul: 95,26..95,33: error: no static overload found for takes_sub(BASE), tried takes_sub(s: SUB) -> int
