test.ghul: 10,18..10,26: error: no overload found for test(int, int), tried Main.test(o: object, p: string) -> void, Main.test(s: string, t: object) -> void
test.ghul: 12,18..12,37: error: no overload found for test(string, int, single), tried Main.test(i: object, j: int, k: int) -> void, Main.test(i: string, j: int, k: int) -> void
test.ghul: 14,18..14,33: error: no overload found for test(int, int, single), tried Main.test(i: object, j: int, k: int) -> void, Main.test(i: string, j: int, k: int) -> void
test.ghul: 16,18..16,34: error: call is ambiguous test(string, string), tried Main.test(o: object, p: string) -> void, Main.test(s: string, t: object) -> void
test.ghul: 6,18..6,22: error: no overload found for test(double), tried Main.test(i: int) -> void, Main.test(s: string) -> void
test.ghul: 8,18..8,27: error: no overload found for test(double, int), tried Main.test(o: object, p: string) -> void, Main.test(s: string, t: object) -> void
