.locals init (class ['System.Runtime']'System'.'Object'  '.cast.0')
ldloc 'o.1'
isinst valuetype 'convert_object_to_struct__test'.'STRUCT_THINGER' 
stloc '.cast.0'
ldloc '.cast.0'
brfalse L_0
ldloc '.cast.0'
unbox.any valuetype 'convert_object_to_struct__test'.'STRUCT_THINGER' 
br L_1
L_0:
.locals init (valuetype 'convert_object_to_struct__test'.'STRUCT_THINGER'  '.default.1')
ldloc '.default.1'
L_1:
stloc 't.2'
