test.ghul: 24,11..24,23: error: Test.DOES_NOTHING must implement Test.MustDoStuff.do_other_stuff(to_thing: String) -> Ghul.void
test.ghul: 24,11..24,23: error: Test.DOES_NOTHING must implement Test.MustDoStuff.do_other_stuff(to_thing: int) -> Ghul.void
test.ghul: 24,11..24,23: error: Test.DOES_NOTHING must implement Test.MustDoStuff.do_stuff() -> Ghul.void
test.ghul: 28,11..28,25: error: Test.DOES_SOMETHING must implement Test.MustDoStuff.do_other_stuff(to_thing: String) -> Ghul.void
test.ghul: 28,11..28,25: error: Test.DOES_SOMETHING must implement Test.MustDoStuff.do_stuff() -> Ghul.void
test.ghul: 32,11..32,31: error: Test.DOES_THE_WRONG_THING must implement Test.MustDoStuff.do_other_stuff(to_thing: String) -> Ghul.void
test.ghul: 32,11..32,31: error: Test.DOES_THE_WRONG_THING must implement Test.MustDoStuff.do_other_stuff(to_thing: int) -> Ghul.void
test.ghul: 32,11..32,31: error: Test.DOES_THE_WRONG_THING must implement Test.MustDoStuff.do_stuff() -> Ghul.void
