cases/assignment-type-check/test.ghul: 13,13..13,18: error: Ghul.int is not assignable to Ghul.bool
cases/assignment-type-check/test.ghul: 21,13..21,33: error: Ghul.long is not assignable to Ghul.int
cases/assignment-type-check/test.ghul: 25,13..25,34: error: Ghul.long is not assignable to Ghul.int
