cases/null-statement/test.ghul: 15,17..15,18: warn: empty statement
cases/null-statement/test.ghul: 18,13..18,14: warn: empty statement
cases/null-statement/test.ghul: 21,17..21,18: warn: empty statement
cases/null-statement/test.ghul: 27,17..27,18: warn: empty statement
cases/null-statement/test.ghul: 41,17..41,18: warn: empty statement
cases/null-statement/test.ghul: 44,13..44,14: warn: empty statement
cases/null-statement/test.ghul: 46,20..46,21: warn: empty statement
cases/null-statement/test.ghul: 46,22..46,23: warn: empty statement
cases/null-statement/test.ghul: 49,17..49,18: warn: empty statement
cases/null-statement/test.ghul: 57,13..57,14: warn: empty statement
cases/null-statement/test.ghul: 60,17..60,18: warn: empty statement
cases/null-statement/test.ghul: 62,17..62,18: warn: empty statement
cases/null-statement/test.ghul: 63,17..63,18: warn: empty statement
