test.ghul: 104,32..104,37: error: no overload found for %(TestA.A), tried TestB.B.%(other: B) -> TestB.B
test.ghul: 104,32..104,37: error: no overload found for %(TestB.B, TestA.A), tried Ghul.%(a: int, b: int) -> Ghul.int, Ghul.%(a: long, b: long) -> Ghul.long, TestA.%(left: A, right: A) -> TestA.A, TestC.DerivedC.%(a: A, b: B) -> TestC.DerivedC, TestC.DerivedC.%(c: DerivedC, a: A) -> TestC.DerivedC
test.ghul: 83,34..83,39: error: no overload found for %(TestA.A, TestB.B), tried Ghul.%(a: int, b: int) -> Ghul.int, Ghul.%(a: long, b: long) -> Ghul.long, TestA.%(left: A, right: A) -> TestA.A, TestC.DerivedB.%(a: string, b: string) -> Ghul.string
test.ghul: 84,34..84,39: error: no overload found for %(TestA.A), tried TestB.B.%(other: B) -> TestB.B
test.ghul: 84,34..84,39: error: no overload found for %(TestB.B, TestA.A), tried Ghul.%(a: int, b: int) -> Ghul.int, Ghul.%(a: long, b: long) -> Ghul.long, TestA.%(left: A, right: A) -> TestA.A, TestC.DerivedB.%(a: string, b: string) -> Ghul.string
test.ghul: 85,34..85,42: error: no overload found for %(TestA.A), tried TestB.B.%(other: B) -> TestB.B
test.ghul: 85,34..85,42: error: no overload found for %(TestC.DerivedB, TestA.A), tried Ghul.%(a: int, b: int) -> Ghul.int, Ghul.%(a: long, b: long) -> Ghul.long, TestA.%(left: A, right: A) -> TestA.A, TestC.DerivedB.%(a: string, b: string) -> Ghul.string
