test.ghul: 10,62..10,69: error: type argument System.ISpanFormattable for T must be a value type
test.ghul: 15,59..15,72: error: no overload found for /(int, string), tried Ghul./(a: byte, b: byte) -> byte, Ghul./(a: char, b: char) -> char, Ghul./(a: decimal, b: decimal) -> decimal, Ghul./(a: double, b: double) -> double, Ghul./(a: int, b: int) -> int, Ghul./(a: long, b: long) -> long, Ghul./(a: short, b: short) -> short, Ghul./(a: single, b: single) -> single, Ghul./(a: ubyte, b: ubyte) -> ubyte, Ghul./(a: uint, b: uint) -> uint, Ghul./(a: ulong, b: ulong) -> ulong, Ghul./(a: ushort, b: ushort) -> ushort, Ghul./(a: uword, b: uword) -> uword, Ghul./(a: word, b: word) -> word
test.ghul: 20,28..20,32: error: no overload found for filter(Iterable[int], Iterable[int]), tried Test.filter(l: Iterable[int], func: int -> bool) -> Iterable[int], Test.filter[T](l: Iterable[T], func: T -> bool) -> Iterable[T]
test.ghul: 23,49..23,52: error: no overload found for try_format(int)
