test.ghul: 10,62..10,69: error: no overload found for <>(Ghul.int, Ghul.char), tried Ghul.<>(a: byte, b: byte) -> Ghul.int, Ghul.<>(a: char, b: char) -> Ghul.int, Ghul.<>(a: double, b: double) -> Ghul.int, Ghul.<>(a: int, b: int) -> Ghul.int, Ghul.<>(a: long, b: long) -> Ghul.int, Ghul.<>(a: short, b: short) -> Ghul.int, Ghul.<>(a: single, b: single) -> Ghul.int, Ghul.<>(a: ubyte, b: ubyte) -> Ghul.int, Ghul.<>(a: uint, b: uint) -> Ghul.int, Ghul.<>(a: ulong, b: ulong) -> Ghul.int, Ghul.<>(a: ushort, b: ushort) -> Ghul.int, Ghul.<>(a: uword, b: uword) -> Ghul.int, Ghul.<>(a: word, b: word) -> Ghul.int
test.ghul: 15,59..15,72: error: no overload found for /(Ghul.int, Ghul.string), tried Ghul./(a: byte, b: byte) -> Ghul.byte, Ghul./(a: char, b: char) -> Ghul.char, Ghul./(a: double, b: double) -> Ghul.double, Ghul./(a: int, b: int) -> Ghul.int, Ghul./(a: long, b: long) -> Ghul.long, Ghul./(a: short, b: short) -> Ghul.short, Ghul./(a: single, b: single) -> Ghul.single, Ghul./(a: ubyte, b: ubyte) -> Ghul.ubyte, Ghul./(a: uint, b: uint) -> Ghul.uint, Ghul./(a: ulong, b: ulong) -> Ghul.ulong, Ghul./(a: ushort, b: ushort) -> Ghul.ushort, Ghul./(a: uword, b: uword) -> Ghul.uword, Ghul./(a: word, b: word) -> Ghul.word
test.ghul: 20,28..20,32: error: no overload found for filter(Collections.Iterable[Ghul.int], Collections.Iterable[Ghul.int]), tried Test.filter(l: Iterable[int], func: Ghul.int -> Ghul.bool) -> Collections.Iterable[Ghul.int], Test.filter[T](l: Iterable[T], func: T -> Ghul.bool) -> Collections.Iterable[T]
test.ghul: 23,49..23,52: error: no overload found for try_format(Ghul.int)
