test.ghul: 11,16..11,23: error: cannot return value of type Ghul.string where Ghul.int expected
test.ghul: 18,28..18,35: error: cannot return value of type Ghul.string where Ghul.int expected
test.ghul: 21,16..21,20: error: cannot return value from function of void type
test.ghul: 26,22..26,27: error: cannot return value from function of void type
