test.ghul: 10,14..10,15: warn: [redundant-semicolon] redundant ; - statement terminator inferred at end of line
test.ghul: 11,25..11,26: warn: [redundant-semicolon] redundant ; - statement terminator inferred at end of line
test.ghul: 12,31..12,32: warn: [redundant-semicolon] redundant ; - statement terminator inferred at end of line
test.ghul: 15,7..15,8: warn: [redundant-semicolon] redundant ; - statement terminator inferred at end of line
test.ghul: 16,41..16,42: warn: [redundant-semicolon] redundant ; - statement terminator inferred at end of line
test.ghul: 17,24..17,25: warn: [redundant-semicolon] redundant ; - statement terminator inferred at end of line
test.ghul: 5,22..5,23: warn: [redundant-semicolon] redundant ; - statement terminator inferred at end of line
test.ghul: 7,29..7,30: warn: [redundant-semicolon] redundant ; - statement terminator inferred at end of line
