test.ghul: 11,22..11,23: warn: [redundant-semicolon] redundant ; - statement terminator inferred at end of line
test.ghul: 13,29..13,30: warn: [redundant-semicolon] redundant ; - statement terminator inferred at end of line
test.ghul: 16,14..16,15: warn: [redundant-semicolon] redundant ; - statement terminator inferred at end of line
test.ghul: 17,25..17,26: warn: [redundant-semicolon] redundant ; - statement terminator inferred at end of line
test.ghul: 18,31..18,32: warn: [redundant-semicolon] redundant ; - statement terminator inferred at end of line
test.ghul: 20,31..20,32: warn: [redundant-semicolon] redundant ; - statement terminator inferred at end of line
test.ghul: 21,7..21,8: warn: [redundant-semicolon] redundant ; - statement terminator inferred at end of line
test.ghul: 22,41..22,42: warn: [redundant-semicolon] redundant ; - statement terminator inferred at end of line
test.ghul: 23,24..23,25: warn: [redundant-semicolon] redundant ; - statement terminator inferred at end of line
test.ghul: 24,22..24,23: warn: [redundant-semicolon] redundant ; - statement terminator inferred at end of line
test.ghul: 47,14..47,15: warn: [redundant-semicolon] redundant ; - statement terminator inferred at end of line
test.ghul: 59,19..59,20: warn: [redundant-semicolon] redundant ; - statement terminator inferred at end of line
