test.ghul: 6,19..6,22: error: enum member initializer must be an integer literal
test.ghul: 7,22..7,25: error: enum member initializer must be an integer literal
test.ghul: 8,18..8,21: error: enum member initializer must be an integer literal
test.ghul: 9,20..9,24: error: enum member initializer must be an integer literal
