test.ghul: 19,13..19,25: error: call is ambiguous test(Ghul.int), tried Test.CCCC[Ghul.int].test(cccc_i1: int) -> Ghul.void,Test.CCCC[Ghul.int].test(cccc_u: int) -> Ghul.void
test.ghul: 24,17..24,25: error: Test.DDDD is not assignable to Test.I
test.ghul: 26,13..26,25: error: call is ambiguous test(Ghul.int), tried Test.I.test(i_i: int) -> Ghul.void,Test.I.test(j: int) -> Ghul.void
test.ghul: 28,23..28,33: error: member test_value not found in Test.DDDD
test.ghul: 66,11..66,15: error: Test.CCCC[System.String].test_value: System.String does not implement Test.P.test_value: Ghul.int due to different return type System.String
test.ghul: 66,11..66,15: error: inherit multiple properties with the same name but different types Test.CCCC.test_value: System.String,Test.P.test_value: Ghul.int
