test.ghul: 29,13..29,25: error: call is ambiguous test(Ghul.int), tried Test.CCCC[Ghul.int].test(cccc_i1: int) -> Ghul.void,Test.CCCC[Ghul.int].test(cccc_u: int) -> Ghul.void
test.ghul: 34,17..34,25: error: Test.DDDD is not assignable to Test.I
test.ghul: 36,13..36,25: error: call is ambiguous test(Ghul.int), tried Test.I.test(i_i: int) -> Ghul.void,Test.I.test(j: int) -> Ghul.void
test.ghul: 38,23..38,33: error: member test_value not found in Test.DDDD
test.ghul: 76,11..76,15: error: Test.CCCC[Ghul.string].test_value: Ghul.string does not implement Test.P.test_value: Ghul.int due to different return type Ghul.string
test.ghul: 76,11..76,15: error: inherit multiple properties with the same name but different types Test.CCCC.test_value: Ghul.string,Test.P.test_value: Ghul.int
