test.ghul: 25,15..25,16: error: cannot rely on the narrowing of 's' here: the call at line 23 can change it [this call can change s: test.ghul: 23,9..23,16] [help: test 's' again, or copy it into a local variable before the call]
test.ghul: 41,34..41,35: error: cannot rely on the narrowing of 's' here: the call at line 39 can change it [this call can change s: test.ghul: 39,9..39,15] [help: test 's' again, or copy it into a local variable before the call]
