test.ghul: 27,20..27,25: error: cannot return value of type Test.GenericClassArgumentsAreObjects.THING.T from function of type Test.GenericClassArgumentsAreObjects.BLAH
test.ghul: 32,19..32,23: error: member blah not found in Test.GenericClassArgumentsAreObjects.THING.T
test.ghul: 37,13..37,25: error: Test.GenericClassArgumentsAreObjects.BLAH is not assignable to Test.GenericClassArgumentsAreObjects.THING.T
