.class private auto ansi beforefieldinit 'Test'.'_HIDDEN' extends ['System.Runtime']'System'.'Object' 
{
.custom instance void ['ghul-runtime']Ghul.Internal.CLOSED_ATTRIBUTE::.ctor() = ( 01 00 00 00 )
}
.class public auto ansi beforefieldinit 'Test'.'BOX' extends ['System.Runtime']'System'.'Object' 
{
.custom instance void ['ghul-runtime']Ghul.Internal.CLOSED_ATTRIBUTE::.ctor() = ( 01 00 00 00 )
.field famandassem int32 '_count'
.method famandassem virtual hidebysig instance  default int32 '_secret'() cil managed
{
.maxstack 64
ldc.i4 42
ret
.locals init (int32  '.default')
ldloc '.default'
ret
}
.method public virtual hidebysig instance  default int32 'reveal'() cil managed
{
.maxstack 64
ldarg.0
callvirt instance int32 class 'Test'.'BOX' ::'_secret'()
ret
.locals init (int32  '.default')
ldloc '.default'
ret
}
}
