test.ghul: 35,17..35,20: error: cannot return value of type Ghul.string from function of type Ghul.int
test.ghul: 46,17..46,20: error: cannot return value of type Ghul.string from function of type Ghul.int
test.ghul: 55,17..55,20: error: cannot return value of type Ghul.string from function of type Ghul.int
