test.ghul: 10,14..10,15: error: variable is not defined here
test.ghul: 15,16..15,17: error: variable is not defined here
test.ghul: 21,23..21,24: error: variable is not defined here
test.ghul: 24,43..24,56: error: explicit argument type required
test.ghul: 24,80..24,81: error: variable is not defined here
test.ghul: 24,84..24,85: error: variable is not defined here
test.ghul: 6,13..6,14: error: variable is not defined here
