test.ghul: 10,14..10,15: error: variable is not defined here
test.ghul: 15,16..15,17: error: variable is not defined here
test.ghul: 21,23..21,24: error: variable is not defined here
test.ghul: 24,43..24,56: error: explicit argument type required
test.ghul: 26,50..26,70: error: explicit argument type required
test.ghul: 29,26..29,27: error: incompatible types in if branches: !!! and int
test.ghul: 29,26..29,27: error: variable is not defined here
test.ghul: 33,28..33,29: error: incompatible types in if branches: !!! and string
test.ghul: 33,28..33,29: error: variable is not defined here
test.ghul: 6,13..6,14: error: variable is not defined here
