test.ghul: 6,20..6,22: error: in primary expression: expected (, [, cast, char literal, identifier, int literal, isa, new, none, null, self, string literal or super but found in
test.ghul: 6,20..6,22: error: in type_expression: expected ( or identifier but found in
test.ghul: 6,20..6,22: error: syntax error: expected ; but found in
