.method public virtual hidebysig instance default  void 'test'(bool 'bool_',char 'char_',int8 'byte_',unsigned int8 'ubyte_',int16 'short_',unsigned int16 'ushort_',int32 'int_',unsigned int32 'uint_',int64 'long_',unsigned int64 'ulong_',native int 'word_',native unsigned int 'uword_') cil managed
{
.maxstack 64
ret
}
