test.ghul: 11,26..11,27: error: top-level local variable a is not visible inside a function [a is declared as a top-level local variable here; to share it with functions, declare a global variable instead: test.ghul: 2,6..2,7]
test.ghul: 11,29..11,30: error: top-level local variable b is not visible inside a function [b is declared as a top-level local variable here; to share it with functions, declare a global variable instead: test.ghul: 2,9..2,10]
test.ghul: 5,23..5,31: error: top-level local variable greeting is not visible inside a function [greeting is declared as a top-level local variable here; to share it with functions, declare a global variable instead: test.ghul: 1,5..1,13]
