test.ghul: 28,51..28,52: error: operator THING? - THING not found [help: an operator declared on a type takes a left operand that always holds a value; narrow the left operand first]
test.ghul: 30,48..30,49: error: operator THING? <> THING not found [help: an operator declared on a type takes a left operand that always holds a value; narrow the left operand first]
