test.ghul: 28,51..28,52: error: operator THING? - THING not found [help: an operator declared on a type takes a left operand that always holds a value; narrow the left operand first]
test.ghul: 30,48..30,49: error: operator THING? <> THING not found [help: an operator declared on a type takes a left operand that always holds a value; narrow the left operand first]
test.ghul: 51,56..51,61: error: no overload found for -(THING?, string), tried Ghul.-(a: byte, b: byte) -> byte, Ghul.-(a: char, b: char) -> char, Ghul.-(a: decimal, b: decimal) -> decimal, Ghul.-(a: double, b: double) -> double, Ghul.-(a: int, b: int) -> int, Ghul.-(a: long, b: long) -> long, Ghul.-(a: short, b: short) -> short, Ghul.-(a: single, b: single) -> single, Ghul.-(a: ubyte, b: ubyte) -> ubyte, Ghul.-(a: uint, b: uint) -> uint, Ghul.-(a: ulong, b: ulong) -> ulong, Ghul.-(a: ushort, b: ushort) -> ushort, Ghul.-(a: uword, b: uword) -> uword, Ghul.-(a: word, b: word) -> word
test.ghul: 51,56..51,61: error: no overload found for -(string), tried THING.-(other: THING) -> int
test.ghul: 55,49..55,62: error: symbol not found: no_such_thing
