test.ghul: 14,14..14,22: error: an open generic type can only be named as the whole operand of a typeof
test.ghul: 18,27..18,35: error: an open generic type can only be named as the whole operand of a typeof
test.ghul: 20,40..20,43: error: every type argument must be _ when naming an open generic type
test.ghul: 21,38..21,49: error: THING does not take 2 type arguments
test.ghul: 22,34..22,42: error: a type alias has no open generic form
test.ghul: 23,34..23,42: error: an open generic type can only be named as the whole operand of a typeof
test.ghul: 24,38..24,46: error: an open generic type can only be named as the whole operand of a typeof
