test.ghul: 17,9..17,14: error: T is not assignable to Ghul.int
test.ghul: 18,9..18,14: error: U is not assignable to Ghul.string
test.ghul: 23,9..23,14: error: X is not assignable to Ghul.int
test.ghul: 24,9..24,14: error: Y is not assignable to Ghul.string
test.ghul: 26,9..26,21: error: Ghul.object is not assignable to T
test.ghul: 27,9..27,21: error: Ghul.object is not assignable to U
test.ghul: 29,9..29,21: error: Ghul.object is not assignable to X
test.ghul: 30,9..30,21: error: Ghul.object is not assignable to Y
test.ghul: 32,9..32,21: error: Ghul.object is not assignable to Ghul.int
test.ghul: 33,9..33,21: error: Ghul.object is not assignable to Ghul.string
test.ghul: 35,9..35,15: error: Ghul.int is not assignable to T
test.ghul: 36,9..36,20: error: Ghul.string is not assignable to Y
test.ghul: 47,13..47,21: error: Ghul.object is not assignable to T
test.ghul: 48,13..48,21: error: Ghul.object is not assignable to U
