test.ghul: 37,13..37,18: error: T is not assignable to Ghul.int
test.ghul: 38,13..38,18: error: U is not assignable to Ghul.string
test.ghul: 43,13..43,18: error: Test.Main.X is not assignable to Ghul.int
test.ghul: 44,13..44,18: error: Test.Main.Y is not assignable to Ghul.string
test.ghul: 46,13..46,25: error: Ghul.object is not assignable to T
test.ghul: 47,13..47,25: error: Ghul.object is not assignable to U
test.ghul: 49,13..49,25: error: Ghul.object is not assignable to Test.Main.X
test.ghul: 50,13..50,25: error: Ghul.object is not assignable to Test.Main.Y
test.ghul: 52,13..52,25: error: Ghul.object is not assignable to Ghul.int
test.ghul: 53,13..53,25: error: Ghul.object is not assignable to Ghul.string
test.ghul: 55,13..55,19: error: Ghul.int is not assignable to T
test.ghul: 56,13..56,24: error: Ghul.string is not assignable to Test.Main.Y
test.ghul: 67,17..67,25: error: Ghul.object is not assignable to T
test.ghul: 68,17..68,25: error: Ghul.object is not assignable to U
