siblings true: animal
siblings false: animal
narrow then wide: animal
narrow then wide: animal
wide then narrow: animal
wide then narrow: animal
three: animal
three: animal
three: animal
mixed: Test.Cat
mixed: Test.Plant
expr siblings: animal
expr siblings: animal
expr three: animal
expr three: animal
