test.ghul: 148,26..148,33: error: cannot rely on the narrowing of 'h.frame' here: the getter of 'frame' is not provably stable [getter declared here: test.ghul: 50,5..50,10] [narrowed here: test.ghul: 147,22..147,29] [help: copy the value into a local variable]
test.ghul: 158,29..158,36: error: cannot rely on the narrowing of 'h.dirty' here: the getter of 'dirty' is not provably stable [getter declared here: test.ghul: 33,5..33,10] [narrowed here: test.ghul: 157,14..157,21] [help: copy the value into a local variable]
test.ghul: 174,28..174,39: error: cannot rely on the narrowing of 'h.auto_prop' here: the call to 'bump()' can change it [this call can change h.auto_prop: test.ghul: 173,9..173,17] [help: test 'h.auto_prop' again, or copy it into a local variable before the call]
test.ghul: 69,28..69,35: error: cannot rely on the narrowing of 'h.dirty' here: the getter of 'dirty' is not provably stable [getter declared here: test.ghul: 33,5..33,10] [narrowed here: test.ghul: 68,14..68,21] [help: copy the value into a local variable]
test.ghul: 78,26..78,33: error: cannot rely on the narrowing of 'h.dirty' here: the getter of 'dirty' is not provably stable [getter declared here: test.ghul: 33,5..33,10] [narrowed here: test.ghul: 77,22..77,29] [help: copy the value into a local variable]
