test.ghul: 149,26..149,33: error: no static overload found for takes_sub(INNER), tried takes_sub(s: SUB) -> int
test.ghul: 159,29..159,36: error: no static overload found for takes_inner(INNER?), tried takes_inner(i: INNER) -> int
test.ghul: 175,28..175,39: error: no static overload found for takes_inner(INNER?), tried takes_inner(i: INNER) -> int
test.ghul: 70,28..70,35: error: no static overload found for takes_inner(INNER?), tried takes_inner(i: INNER) -> int
test.ghul: 79,26..79,33: error: no static overload found for takes_sub(INNER?), tried takes_sub(s: SUB) -> int
test.ghul: 89,20..89,27: error: receiver may not hold a value here
