test.ghul: 148,26..148,33: error: no static overload found for takes_sub(INNER), tried takes_sub(s: SUB) -> int
test.ghul: 158,29..158,36: error: no static overload found for takes_inner(INNER?), tried takes_inner(i: INNER) -> int
test.ghul: 174,28..174,39: error: no static overload found for takes_inner(INNER?), tried takes_inner(i: INNER) -> int
test.ghul: 69,28..69,35: error: no static overload found for takes_inner(INNER?), tried takes_inner(i: INNER) -> int
test.ghul: 78,26..78,33: error: no static overload found for takes_sub(INNER?), tried takes_sub(s: SUB) -> int
test.ghul: 88,20..88,27: error: receiver may not hold a value here
