test.ghul: 28,13..28,52: error: no overload found for test(O), tried Root.InsideA.TestA.test(a: A) -> A
test.ghul: 33,64..33,75: error: no overload found for init(A), tried Root.InsideA.TestA.init(s: String) -> Ghul.void
test.ghul: 50,13..50,51: error: no overload found for test(A), tried Outside.TestA.test(o: O) -> O
test.ghul: 53,63..53,80: error: no overload found for init(System.String), tried Outside.TestA.init(a: A) -> Ghul.void
