before: expect nothing
start: expect nothing
will not throw
after: expect nothing
before: expect my exception catch
start: expect my exception catch
will throw: MyException
caught my exception: my exception
after: expect my exception catch
before: expect other exception catch
start: expect other exception catch
will throw: Exception
caught other exception: system exception
after: expect other exception catch
before: expect other exception catch
start: expect other exception catch
will throw: IndexOutOfRangeException
caught other exception: bounds exception
after: expect other exception catch
