test.ghul: 16,18..16,21: error: expected argument of type Ghul.char but Ghul.int supplied
test.ghul: 17,18..17,25: error: expected argument of type Ghul.char but Ghul.string supplied
test.ghul: 19,19..19,26: error: expected argument of type Ghul.int but Ghul.string supplied
test.ghul: 20,24..20,31: error: expected argument of type Ghul.int but Ghul.string supplied
test.ghul: 22,18..22,44: error: expected 1 arguments but 3 supplied
test.ghul: 23,18..23,19: error: expected 1 arguments but 0 supplied
test.ghul: 25,13..25,20: error: cannot call value of non-function type Ghul.string
