test.ghul: 15,43..15,73: error: cannot infer type here
test.ghul: 15,43..15,73: error: no static overload found for once_2(int -> *** -> *** -> int pure pure pure), tried Grid.once_2[T..,U](make: int -> int -> T.. -> U) -> T -> U
test.ghul: 15,48..15,49: error: cannot infer type here
test.ghul: 15,53..15,73: error: cannot destructure ***
test.ghul: 15,53..15,73: error: cannot infer type here
