ldarg.0
ldftn      instance valuetype [System.Runtime]System.ValueTuple`2<!0,!0> class Test.BOX<!T>::$anon_0(valuetype [System.Runtime]System.ValueTuple`2<!0,!0>)
newobj     instance void class [System.Runtime]System.Func`2<valuetype [System.Runtime]System.ValueTuple`2<!T,!T>,valuetype [System.Runtime]System.ValueTuple`2<!T,!T>>::.ctor(object,
stloc.0
