.class public auto ansi beforefieldinit 'TestUnitVariantSingleton'.'COLOR' extends ['System.Runtime']'System'.'Object' 
{
.custom instance void ['ghul-runtime']Ghul.Internal.UNION_ATTRIBUTE::.ctor() = ( 01 00 00 00 )
.method public virtual hidebysig instance  default bool 'Equals'(class 'TestUnitVariantSingleton'.'COLOR' 'other') cil managed
{
.maxstack 64
ldc.i4 0
ret
.locals init (bool  '.default')
ldloc '.default'
ret
}
.method public virtual hidebysig instance  default bool 'Equals'(class ['System.Runtime']'System'.'Object' 'other') cil managed
{
.maxstack 64
ldc.i4 0
ldarg 'other'
isinst class 'TestUnitVariantSingleton'.'COLOR' 
ldnull
cgt.un
brfalse LE0
pop
ldarg.0
ldarg 'other'
isinst class 'TestUnitVariantSingleton'.'COLOR' 
callvirt instance bool class 'TestUnitVariantSingleton'.'COLOR' ::'Equals'(class 'TestUnitVariantSingleton'.'COLOR' )
LE0:
ret
.locals init (bool  '.default')
ldloc '.default'
ret
}
.method public virtual hidebysig specialname instance  default int32 'GetHashCode'() cil managed
{
.maxstack 64
ldc.i4 0
ret
.locals init (int32  '.default')
ldloc '.default'
ret
}
}
// variants for COLOR
.class public sealed auto ansi beforefieldinit 'TestUnitVariantSingleton'.'COLOR'.'RED' extends 'TestUnitVariantSingleton'.'COLOR' 
{
.custom instance void ['ghul-runtime']Ghul.Internal.VARIANT_ATTRIBUTE::.ctor() = ( 01 00 00 00 )
.method public virtual hidebysig instance  default bool 'Equals'(class 'TestUnitVariantSingleton'.'COLOR' 'other') cil managed
{
.maxstack 64
ldarg 'other'
isinst class 'TestUnitVariantSingleton'.'COLOR'.'RED' 
ldnull
cgt.un
ret
.locals init (bool  '.default')
ldloc '.default'
ret
}
.method public virtual hidebysig instance  default int32 'GetHashCode'() cil managed
{
.maxstack 64
ldstr bytearray (52 00 45 00 44 00 )
callvirt instance int32 class ['System.Runtime']'System'.'String' ::'GetHashCode'()
ret
.locals init (int32  '.default')
ldloc '.default'
ret
}
.method public hidebysig specialname instance  default void '.ctor'() cil managed
{
.maxstack 64
ret
}
.field public static class 'TestUnitVariantSingleton'.'COLOR'.'RED' '_instance'
.method private hidebysig specialname rtspecialname static default void '.cctor'() cil managed
{
.maxstack 1
newobj instance void class 'TestUnitVariantSingleton'.'COLOR'.'RED' ::'.ctor'()
stsfld class 'TestUnitVariantSingleton'.'COLOR'.'RED' class 'TestUnitVariantSingleton'.'COLOR'.'RED' ::'_instance'
ret
}
}
.class public sealed auto ansi beforefieldinit 'TestUnitVariantSingleton'.'COLOR'.'GREEN' extends 'TestUnitVariantSingleton'.'COLOR' 
{
.custom instance void ['ghul-runtime']Ghul.Internal.VARIANT_ATTRIBUTE::.ctor() = ( 01 00 00 00 )
.method public virtual hidebysig instance  default bool 'Equals'(class 'TestUnitVariantSingleton'.'COLOR' 'other') cil managed
{
.maxstack 64
ldarg 'other'
isinst class 'TestUnitVariantSingleton'.'COLOR'.'GREEN' 
ldnull
cgt.un
ret
.locals init (bool  '.default')
ldloc '.default'
ret
}
.method public virtual hidebysig instance  default int32 'GetHashCode'() cil managed
{
.maxstack 64
ldstr bytearray (47 00 52 00 45 00 45 00 4E 00 )
callvirt instance int32 class ['System.Runtime']'System'.'String' ::'GetHashCode'()
ret
.locals init (int32  '.default')
ldloc '.default'
ret
}
.method public hidebysig specialname instance  default void '.ctor'() cil managed
{
.maxstack 64
ret
}
.field public static class 'TestUnitVariantSingleton'.'COLOR'.'GREEN' '_instance'
.method private hidebysig specialname rtspecialname static default void '.cctor'() cil managed
{
.maxstack 1
newobj instance void class 'TestUnitVariantSingleton'.'COLOR'.'GREEN' ::'.ctor'()
stsfld class 'TestUnitVariantSingleton'.'COLOR'.'GREEN' class 'TestUnitVariantSingleton'.'COLOR'.'GREEN' ::'_instance'
ret
}
}
.class public sealed auto ansi beforefieldinit 'TestUnitVariantSingleton'.'COLOR'.'BLUE' extends 'TestUnitVariantSingleton'.'COLOR' 
{
.custom instance void ['ghul-runtime']Ghul.Internal.VARIANT_ATTRIBUTE::.ctor() = ( 01 00 00 00 )
.method public virtual hidebysig instance  default bool 'Equals'(class 'TestUnitVariantSingleton'.'COLOR' 'other') cil managed
{
.maxstack 64
ldarg 'other'
isinst class 'TestUnitVariantSingleton'.'COLOR'.'BLUE' 
ldnull
cgt.un
ret
.locals init (bool  '.default')
ldloc '.default'
ret
}
.method public virtual hidebysig instance  default int32 'GetHashCode'() cil managed
{
.maxstack 64
ldstr bytearray (42 00 4C 00 55 00 45 00 )
callvirt instance int32 class ['System.Runtime']'System'.'String' ::'GetHashCode'()
ret
.locals init (int32  '.default')
ldloc '.default'
ret
}
.method public hidebysig specialname instance  default void '.ctor'() cil managed
{
.maxstack 64
ret
}
.field public static class 'TestUnitVariantSingleton'.'COLOR'.'BLUE' '_instance'
.method private hidebysig specialname rtspecialname static default void '.cctor'() cil managed
{
.maxstack 1
newobj instance void class 'TestUnitVariantSingleton'.'COLOR'.'BLUE' ::'.ctor'()
stsfld class 'TestUnitVariantSingleton'.'COLOR'.'BLUE' class 'TestUnitVariantSingleton'.'COLOR'.'BLUE' ::'_instance'
ret
}
}
