.class public auto ansi beforefieldinit 'TestUnitVariantSingleton'.'Main' extends ['System.Runtime']'System'.'Object' 
{
.method public hidebysig static  default void 'entry'() cil managed
{
.entrypoint
.maxstack 64
.locals init (class 'TestUnitVariantSingleton'.'COLOR' 'c.0')
ldsfld class 'TestUnitVariantSingleton'.'COLOR'.'RED' class 'TestUnitVariantSingleton'.'COLOR'.'RED' ::'_instance'
stloc 'c.0'
.locals init (class 'TestUnitVariantSingleton'.'OPT' <int32 > 'n.1')
ldsfld class 'TestUnitVariantSingleton'.'OPT'.'NONE' <!0> class 'TestUnitVariantSingleton'.'OPT'.'NONE' <int32 > ::'_instance'
stloc 'n.1'
.locals init (class 'TestUnitVariantSingleton'.'OPT' <int32 > 's.2')
ldc.i4 42
newobj instance void class 'TestUnitVariantSingleton'.'OPT'.'SOME' <int32 > ::'.ctor'(!0 )
stloc 's.2'
ret
}
}
