.class public auto ansi beforefieldinit 'TestUnitVariantSingleton'.'OPT'<'T'>  extends ['System.Runtime']'System'.'Object' 
{
.custom instance void ['ghul-runtime']Ghul.Internal.UNION_ATTRIBUTE::.ctor() = ( 01 00 00 00 )
.property instance callconv(8) !0 'value'() { .get instance !0 'TestUnitVariantSingleton'.'OPT'::'$get_value'() }
.property instance callconv(8) bool 'has_value'() { .get instance bool 'TestUnitVariantSingleton'.'OPT'::'$get_has_value'() }
.method public virtual hidebysig instance  default bool 'Equals'(class 'TestUnitVariantSingleton'.'OPT' <!0 > 'other') cil managed
{
.maxstack 64
ldc.i4 0
ret
.locals init (bool  '.default')
ldloc '.default'
ret
}
.method public virtual hidebysig instance  default bool 'Equals'(class ['System.Runtime']'System'.'Object' 'other') cil managed
{
.maxstack 64
ldc.i4 0
ldarg 'other'
isinst class 'TestUnitVariantSingleton'.'OPT' <!0 > 
ldnull
cgt.un
brfalse LE2
pop
ldarg.0
ldarg 'other'
isinst class 'TestUnitVariantSingleton'.'OPT' <!0 > 
callvirt instance bool class 'TestUnitVariantSingleton'.'OPT' <!0 > ::'Equals'(class 'TestUnitVariantSingleton'.'OPT' <!0 > )
LE2:
ret
.locals init (bool  '.default')
ldloc '.default'
ret
}
.method public virtual hidebysig specialname instance  default int32 'GetHashCode'() cil managed
{
.maxstack 64
ldc.i4 0
ret
.locals init (int32  '.default')
ldloc '.default'
ret
}
.method public virtual hidebysig specialname instance  default !0 '$get_value'() cil managed
{
.maxstack 64
ldstr bytearray (74 00 68 00 69 00 73 00 20 00 75 00 6E 00 69 00 6F 00 6E 00 20 00 69 00 73 00 6E 00 27 00 74 00 20 00 68 00 6F 00 6C 00 64 00 69 00 6E 00 67 00 20 00 61 00 20 00 53 00 4F 00 4D 00 45 00 )
newobj instance void class ['System.Runtime']'System'.'Exception' ::'.ctor'(class ['System.Runtime']'System'.'String' )
throw
.locals init (!0  '.default')
ldloc '.default'
ret
}
.method public virtual hidebysig specialname instance  default bool '$get_has_value'() cil managed
{
.maxstack 64
ldc.i4 0
ret
.locals init (bool  '.default')
ldloc '.default'
ret
}
}
// variants for OPT
.class public sealed auto ansi beforefieldinit 'TestUnitVariantSingleton'.'OPT'.'SOME'<'T'>  extends class 'TestUnitVariantSingleton'.'OPT' <!0 > 
{
.custom instance void ['ghul-runtime']Ghul.Internal.VARIANT_ATTRIBUTE::.ctor() = ( 01 00 00 00 )
.field public !0 'value'
.method public virtual hidebysig specialname instance  default !0 '$get_value'() cil managed
{
.maxstack 64
ldarg.0
ldfld !0 class 'TestUnitVariantSingleton'.'OPT'.'SOME' <!0> ::'value'
ret
.locals init (!0  '.default')
ldloc '.default'
ret
}
.method public virtual hidebysig specialname instance  default bool '$get_has_value'() cil managed
{
.maxstack 64
ldc.i4 1
ret
.locals init (bool  '.default')
ldloc '.default'
ret
}
.method public virtual hidebysig instance  default bool 'Equals'(class 'TestUnitVariantSingleton'.'OPT' <!0 > 'other') cil managed
{
.maxstack 64
ldc.i4 0
ldarg 'other'
isinst class 'TestUnitVariantSingleton'.'OPT'.'SOME' <!0 > 
ldnull
cgt.un
brfalse LE1
pop
ldarg.0
ldfld !0 class 'TestUnitVariantSingleton'.'OPT'.'SOME' <!0 > ::'value'
box !0 
ldarg 'other'
isinst class 'TestUnitVariantSingleton'.'OPT'.'SOME' <!0 > 
ldfld !0 class 'TestUnitVariantSingleton'.'OPT'.'SOME' <!0 > ::'value'
box !0 
call bool class ['System.Runtime']'System'.'Object' ::'Equals'(class ['System.Runtime']'System'.'Object' ,class ['System.Runtime']'System'.'Object' )
LE1:
ret
.locals init (bool  '.default')
ldloc '.default'
ret
}
.method public virtual hidebysig instance  default int32 'GetHashCode'() cil managed
{
.maxstack 64
ldstr bytearray (53 00 4F 00 4D 00 45 00 )
callvirt instance int32 class ['System.Runtime']'System'.'String' ::'GetHashCode'()
ldc.i4 31
mul
ldarg.0
ldfld !0 class 'TestUnitVariantSingleton'.'OPT'.'SOME' <!0 > ::'value'
box !0 
isinst class ['System.Runtime']'System'.'Object' 
callvirt instance int32 class ['System.Runtime']'System'.'Object' ::'GetHashCode'()
add
ret
.locals init (int32  '.default')
ldloc '.default'
ret
}
.method public hidebysig specialname instance  default void '.ctor'(!0 'value') cil managed
{
.maxstack 64
ldarg.0
ldarg 'value'
stfld !0 class 'TestUnitVariantSingleton'.'OPT'.'SOME' <!0 > ::'value'
ret
}
}
.class public sealed auto ansi beforefieldinit 'TestUnitVariantSingleton'.'OPT'.'NONE'<'T'>  extends class 'TestUnitVariantSingleton'.'OPT' <!0 > 
{
.custom instance void ['ghul-runtime']Ghul.Internal.VARIANT_ATTRIBUTE::.ctor() = ( 01 00 00 00 )
.method public virtual hidebysig instance  default bool 'Equals'(class 'TestUnitVariantSingleton'.'OPT' <!0 > 'other') cil managed
{
.maxstack 64
ldarg 'other'
isinst class 'TestUnitVariantSingleton'.'OPT'.'NONE' <!0 > 
ldnull
cgt.un
ret
.locals init (bool  '.default')
ldloc '.default'
ret
}
.method public virtual hidebysig instance  default int32 'GetHashCode'() cil managed
{
.maxstack 64
ldstr bytearray (4E 00 4F 00 4E 00 45 00 )
callvirt instance int32 class ['System.Runtime']'System'.'String' ::'GetHashCode'()
ret
.locals init (int32  '.default')
ldloc '.default'
ret
}
.method public hidebysig specialname instance  default void '.ctor'() cil managed
{
.maxstack 64
ret
}
.field public static class 'TestUnitVariantSingleton'.'OPT'.'NONE' <!0> '_instance'
.method private hidebysig specialname rtspecialname static default void '.cctor'() cil managed
{
.maxstack 1
newobj instance void class 'TestUnitVariantSingleton'.'OPT'.'NONE' <!0> ::'.ctor'()
stsfld class 'TestUnitVariantSingleton'.'OPT'.'NONE' <!0> class 'TestUnitVariantSingleton'.'OPT'.'NONE' <!0> ::'_instance'
ret
}
}
