test.ghul: 15,122..15,179: error: cannot return value of type ((int, int)) -> Tasks.TASK[int] pure where (int, int) -> Tasks.TASK[int] expected
test.ghul: 15,77..15,179: error: cannot return value of type int -> (int, int) -> Tasks.TASK[int] pure where int -> ((int, int)) -> Tasks.TASK[int] expected
