test.ghul: 15,23..15,24: error: cannot infer the type of j
test.ghul: 15,23..15,78: error: no static overload found for run_2(*** -> (*** -> (() -> Tasks.TASK[int] pure) pure) pure), tried Grid.run_2[T..,U](make: int -> int -> T.. -> U, v: T) -> U
test.ghul: 15,28..15,29: error: cannot infer the type of k
