ldloc.2
ldloc.3
add
stloc.1
ldloc.2
ldloc.3
sub
stloc.1
ldloc.2
ldloc.3
mul
stloc.1
ldloc.2
ldloc.3
div
stloc.1
ldloc.2
ldloc.3
clt.un
stloc.0
ldloc.2
ldloc.3
cgt.un
ldc.i4.0
ceq
stloc.0
ldloc.2
ldloc.3
cgt.un
stloc.0
ldloc.2
ldloc.3
clt.un
ldc.i4.0
ceq
stloc.0
ldloc.2
ldloc.3
ceq
stloc.0
ldloc.2
ldloc.3
ceq
ldc.i4.0
ceq
stloc.0
ldloc.2
not
stloc.1
ldloc.2
ldloc.3
shl
stloc.1
ldloc.2
ldloc.3
shr
stloc.1
ldloc.2
ldloc.3
and
stloc.1
ldloc.2
ldloc.3
or
stloc.1
