outer: 0
outer: did not continue or break
inner: 0
inner: did not continue or break
inner: 1
inner: did not continue or break
inner: 2
inner: did not continue or break
inner: 3
inner: did not continue or break
inner: 4
inner: will continue
inner: 5
inner: will continue
inner: 6
inner: did not continue or break
inner: 7
inner: will break
outer: 1
outer: did not continue or break
inner: 0
inner: did not continue or break
inner: 1
inner: did not continue or break
inner: 2
inner: did not continue or break
inner: 3
inner: did not continue or break
inner: 4
inner: will continue
inner: 5
inner: will continue
inner: 6
inner: did not continue or break
inner: 7
inner: will break
outer: 2
outer: did not continue or break
inner: 0
inner: did not continue or break
inner: 1
inner: did not continue or break
inner: 2
inner: did not continue or break
inner: 3
inner: did not continue or break
inner: 4
inner: will continue
inner: 5
inner: will continue
inner: 6
inner: did not continue or break
inner: 7
inner: will break
outer: 3
outer: will continue
outer: 4
outer: did not continue or break
inner: 0
inner: did not continue or break
inner: 1
inner: did not continue or break
inner: 2
inner: did not continue or break
inner: 3
inner: did not continue or break
inner: 4
inner: will continue
inner: 5
inner: will continue
inner: 6
inner: did not continue or break
inner: 7
inner: will break
outer: 5
outer: did not continue or break
inner: 0
inner: did not continue or break
inner: 1
inner: did not continue or break
inner: 2
inner: did not continue or break
inner: 3
inner: did not continue or break
inner: 4
inner: will continue
inner: 5
inner: will continue
inner: 6
inner: did not continue or break
inner: 7
inner: will break
outer: 6
outer: did not continue or break
inner: 0
inner: did not continue or break
inner: 1
inner: did not continue or break
inner: 2
inner: did not continue or break
inner: 3
inner: did not continue or break
inner: 4
inner: will continue
inner: 5
inner: will continue
inner: 6
inner: did not continue or break
inner: 7
inner: will break
outer: 7
outer: will continue
outer: 8
outer: will break
outer: 9
outer: did not continue or break
inner: 0
inner: did not continue or break
inner: 1
inner: did not continue or break
inner: 2
inner: did not continue or break
inner: 3
inner: did not continue or break
inner: 4
inner: will continue
inner: 5
inner: will continue
inner: 6
inner: did not continue or break
inner: 7
inner: will break
