test.ghul: 3,9..3,10: error: in primary expression: expected (, [, [], assert, case, cast, char literal, do, false, float literal, for, identifier, if, int literal, isa, let, new, null, rec, self, string literal, super, true, typeof, val, while or { but found )
test.ghul: 3,9..4,1: error: syntax error: expected si but found end of input
