DerivedA.check() is true
da.check() is true
DerivedB.check() is false
DerivedB.check() is false
db.check() is false
DerivedC.check() for 1 returns True
dc.check() is true for 0
DerivedC.check() for 2 returns True
dc.check() is true for 1
DerivedC.check() for 3 returns True
dc.check() is true for 2
DerivedC.check() for 4 returns True
dc.check() is true for 3
DerivedC.check() for 5 returns True
dc.check() is true for 4
DerivedC.check() for 6 returns True
dc.check() is true for 5
DerivedC.check() for 7 returns True
dc.check() is true for 6
DerivedC.check() for 8 returns True
dc.check() is true for 7
DerivedC.check() for 9 returns True
dc.check() is true for 8
DerivedC.check() for 10 returns False
DerivedA.check() is true
within if expression: da.check() is true
da.check() is true
DerivedB.check() is false
within if expression: db.check() is false
DerivedB.check() is false
db.check() is false
1 is between 1 and 4
1 is between 1 and 2
1 is one
2 is between 1 and 4
2 is between 1 and 2
2 is two
3 is between 1 and 4
3 is between 3 and 4
3 is three
4 is between 1 and 4
4 is between 3 and 4
4 is four
5 is between 5 and 8
5 is between 5 and 6
5 is five
6 is between 5 and 8
6 is between 5 and 6
6 is six
7 is between 5 and 8
7 is between 7 and 8
7 is seven
8 is between 5 and 8
8 is between 7 and 8
8 is eight
