test.ghul: 24,18..24,23: warn: [definite-assignment] v may be used before it is assigned
test.ghul: 56,20..56,21: warn: [definite-assignment] v may be used before it is assigned
test.ghul: 67,20..67,21: warn: [definite-assignment] v may be used before it is assigned
test.ghul: 74,20..74,21: warn: [definite-assignment] n may be used before it is assigned
