test.ghul: 12,28..12,36: error: == cannot be applied to values of type bigint [help: use =~ to compare by value]
test.ghul: 16,25..16,31: error: no overload found for +(bigint, int), tried bigint.+(left: bigint, right: bigint) -> bigint, int.+(a: int, b: int) -> int
test.ghul: 8,28..8,31: error: bigint literal cannot be unsigned
