01-basic-is_xxx: 42
02-isa-class: whiskers purrs
03-and-chain: 7 > 0
04-or-cancels: at least one yes (True,False)
05-not-cancels: not-no (True)
06-deep-outer: luna purrs
06-deep-inner: luna is fluffy
06-deep-outer-after: luna purrs
07-nested-diff: nala purrs | rex barks
07-nested-diff-outer: nala purrs
08-sibling-cat-branch: simba purrs
09-reassign-pre: panther purrs
09-reassign-post: animal rex
10-scope-inside: tom purrs
10-scope-after: animal tom
11-independent: misty purrs | animal buster
12-generic-args: 1000
13-inner-reassign: buddy purrs (a now animal rocky)
13-inner-reassign-after-inner: animal rocky
14-cancel-renarrow-cat: luna purrs
14-cancel-renarrow-dog: buddy barks
15-and-across: 20 - milo purrs
16-destructure: a=1 b=two
17-elif-dog: rex barks
18-else-base: animal buddy
19-closure: misty purrs
20-assign-in-else: animal ginger
