bool true false, optional bool null true
formatted bool   True
optional null text null 42
sequence [1, 2, 3] [a, b] [1, 2, 3]
pipe [10, 20, 30] generator [0, 1, 2]
tuple (1, one) record POINT(x = 3, y = 4) NAMELESS(label = x)
union Shape.DOT(size = 2) Shape.EMPTY
own named inherited named through a trait holder seven
generic 5 [1, 2, 3] null 8
number 3.5 0012
