test.ghul: 502,30..502,34: error: cannot return value of type null where THING[T] expected
test.ghul: 503,19..503,23: error: cannot return value of type null where T expected
test.ghul: 504,28..504,32: error: cannot return value of type null where List[T] expected
test.ghul: 505,36..505,40: error: cannot return value of type null where Iterable[T] expected
test.ghul: 507,39..507,43: error: cannot return value of type null where Iterable[T] expected
test.ghul: 509,33..509,37: error: cannot return value of type null where THING[T] expected
test.ghul: 510,22..510,26: error: cannot return value of type null where T expected
test.ghul: 511,31..511,35: error: cannot return value of type null where List[T] expected
