.method public virtual hidebysig instance  default bool 'Equals'(class 'Test'.'BOX' 'other') cil managed
{
.custom instance void ['ghul-runtime']Ghul.Internal.PURE_ATTRIBUTE::.ctor() = ( 01 00 00 00 )
.maxstack 64
ldc.i4 0
ldarg 'other'
ldnull
cgt.un
brfalse LE0
pop
ldarg.0
callvirt instance int32 class 'Test'.'BOX' ::'$get_value'()
ldarg 'other'
callvirt instance int32 class 'Test'.'BOX' ::'$get_value'()
ceq
LE0:
ret
.locals init (bool  '.default')
ldloc '.default'
ret
}
