// Metadata version: v4.0.30319
.assembly extern System.Runtime
{
  .ver 8:0:0:0
}
.assembly extern 'ghul-runtime'
{
  .ver 8:0:1:0
}
.assembly extern System.Console
{
  .ver 5:0:0:0
}
.assembly binary
{
  .ver 0:0:0:0
}
.module binary.dll
.imagebase 0x00400000
.file alignment 0x00000200
.stackreserve 0x00100000
.subsystem 0x0003       // WINDOWS_CUI
.corflags 0x00000001    //  ILONLY


// =============== CLASS MEMBERS DECLARATION ===================

.class public auto ansi beforefieldinit Test.BOX
       extends [System.Runtime]System.Object
{
  .custom instance void ['ghul-runtime']Ghul.Internal.CLOSED_ATTRIBUTE::.ctor() = ( 01 00 00 00 ) 
  .field public int32 $value
  .method public hidebysig specialname virtual 
          instance int32  $get_value() cil managed
  {
    // Code size       9 (0x9)
    .maxstack  64
    .locals init (int32 V_0)
    IL_0000:  ldarg.0
    IL_0001:  ldfld      int32 Test.BOX::$value
    IL_0006:  ret

    IL_0007:  ldloc.0
    IL_0008:  ret
  } // end of method BOX::$get_value

  .method public hidebysig specialname virtual 
          instance void  $set_value(int32 $$value) cil managed
  {
    // Code size       8 (0x8)
    .maxstack  64
    IL_0000:  ldarg.0
    IL_0001:  ldarg.1
    IL_0002:  stfld      int32 Test.BOX::$value
    IL_0007:  ret
  } // end of method BOX::$set_value

  .method public hidebysig specialname rtspecialname 
          instance void  .ctor(int32 'value') cil managed
  {
    // Code size       8 (0x8)
    .maxstack  64
    IL_0000:  ldarg.0
    IL_0001:  ldarg.1
    IL_0002:  callvirt   instance void Test.BOX::$set_value(int32)
    IL_0007:  ret
  } // end of method BOX::.ctor

  .method public hidebysig virtual instance bool 
          Equals(class Test.BOX other) cil managed
  {
    // Code size       28 (0x1c)
    .maxstack  64
    .locals init (bool V_0)
    IL_0000:  ldc.i4.0
    IL_0001:  ldarg.1
    IL_0002:  ldnull
    IL_0003:  cgt.un
    IL_0005:  brfalse    IL_0019

    IL_000a:  pop
    IL_000b:  ldarg.0
    IL_000c:  callvirt   instance int32 Test.BOX::$get_value()
    IL_0011:  ldarg.1
    IL_0012:  callvirt   instance int32 Test.BOX::$get_value()
    IL_0017:  ceq
    IL_0019:  ret

    IL_001a:  ldloc.0
    IL_001b:  ret
  } // end of method BOX::Equals

  .property instance callconv(8) int32 'value'()
  {
    .get instance int32 Test.BOX::$get_value()
    .set instance void Test.BOX::$set_value(int32)
  } // end of property BOX::'value'
} // end of class Test.BOX

.class public auto ansi beforefieldinit Test.Main
       extends [System.Runtime]System.Object
{
  .custom instance void ['ghul-runtime']Ghul.Internal.CLOSED_ATTRIBUTE::.ctor() = ( 01 00 00 00 ) 
  .method public hidebysig static void  entry() cil managed
  {
    .entrypoint
    // Code size       118 (0x76)
    .maxstack  64
    .locals init (class Test.BOX V_0,
             class Test.BOX V_1,
             class Test.BOX V_2,
             valuetype [System.Runtime]System.Runtime.CompilerServices.DefaultInterpolatedStringHandler V_3,
             valuetype [System.Runtime]System.Runtime.CompilerServices.DefaultInterpolatedStringHandler V_4)
    IL_0000:  ldc.i4.s   42
    IL_0002:  newobj     instance void Test.BOX::.ctor(int32)
    IL_0007:  stloc.0
    IL_0008:  ldc.i4.s   42
    IL_000a:  newobj     instance void Test.BOX::.ctor(int32)
    IL_000f:  stloc.1
    IL_0010:  ldc.i4.7
    IL_0011:  newobj     instance void Test.BOX::.ctor(int32)
    IL_0016:  stloc.2
    IL_0017:  ldc.i4.8
    IL_0018:  ldc.i4.1
    IL_0019:  newobj     instance void [System.Runtime]System.Runtime.CompilerServices.DefaultInterpolatedStringHandler::.ctor(int32,
                                                                                                                               int32)
    IL_001e:  stloc.3
    IL_001f:  ldloca.s   V_3
    IL_0021:  ldstr      "a =~ b: "
    IL_0026:  call       instance void [System.Runtime]System.Runtime.CompilerServices.DefaultInterpolatedStringHandler::AppendLiteral(string)
    IL_002b:  ldloca.s   V_3
    IL_002d:  ldloc.0
    IL_002e:  ldloc.1
    IL_002f:  callvirt   instance bool Test.BOX::Equals(class Test.BOX)
    IL_0034:  call       instance void [System.Runtime]System.Runtime.CompilerServices.DefaultInterpolatedStringHandler::AppendFormatted<bool>(!!0)
    IL_0039:  ldloca.s   V_3
    IL_003b:  call       instance string [System.Runtime]System.Runtime.CompilerServices.DefaultInterpolatedStringHandler::ToStringAndClear()
    IL_0040:  call       void [System.Console]System.Console::WriteLine(string)
    IL_0045:  ldc.i4.8
    IL_0046:  ldc.i4.1
    IL_0047:  newobj     instance void [System.Runtime]System.Runtime.CompilerServices.DefaultInterpolatedStringHandler::.ctor(int32,
                                                                                                                               int32)
    IL_004c:  stloc.s    V_4
    IL_004e:  ldloca.s   V_4
    IL_0050:  ldstr      "a =~ c: "
    IL_0055:  call       instance void [System.Runtime]System.Runtime.CompilerServices.DefaultInterpolatedStringHandler::AppendLiteral(string)
    IL_005a:  ldloca.s   V_4
    IL_005c:  ldloc.0
    IL_005d:  ldloc.2
    IL_005e:  callvirt   instance bool Test.BOX::Equals(class Test.BOX)
    IL_0063:  call       instance void [System.Runtime]System.Runtime.CompilerServices.DefaultInterpolatedStringHandler::AppendFormatted<bool>(!!0)
    IL_0068:  ldloca.s   V_4
    IL_006a:  call       instance string [System.Runtime]System.Runtime.CompilerServices.DefaultInterpolatedStringHandler::ToStringAndClear()
    IL_006f:  call       void [System.Console]System.Console::WriteLine(string)
    IL_0074:  ret

    IL_0075:  ret
  } // end of method Main::entry

} // end of class Test.Main


// =============================================================

// *********** DISASSEMBLY COMPLETE ***********************
