expecting -5, -4, -3, -2, -1, 0: -4
expecting -5, -4, -3, -2, -1, 0: -3
expecting -5, -4, -3, -2, -1, 0: -2
expecting -5, -4, -3, -2, -1, 0: -1
expecting -5, -4, -3, -2, -1, 0: 0
expecting -5, -4, -3, -2, -1, 0: -4
expecting -5, -4, -3, -2, -1, 0: -3
expecting -5, -4, -3, -2, -1, 0: -2
expecting -5, -4, -3, -2, -1, 0: -1
expecting -5, -4, -3, -2, -1, 0: 0
expecting 5, 6, 7, 8, 9: 6
expecting 5, 6, 7, 8, 9: 7
expecting 5, 6, 7, 8, 9: 8
expecting 5, 6, 7, 8, 9: 9
expecting 5, 6, 7, 8, 9, 10: 6
expecting 5, 6, 7, 8, 9, 10: 7
expecting 5, 6, 7, 8, 9, 10: 8
expecting 5, 6, 7, 8, 9, 10: 9
expecting 5, 6, 7, 8, 9, 10: 10
