Test.Base isa Trait: False
Test.Base isa Base: True
Test.Base do_base()
Test.NOT_DERIVED isa Trait: False
Test.NOT_DERIVED isa Base: False
Test.DERIVED_BASE isa Trait: False
Test.DERIVED_BASE isa Base: True
Test.DERIVED_BASE do_base()
Test.DERIVED_TRAIT isa Trait: True
Test.DERIVED_TRAIT do_trait()
Test.DERIVED_TRAIT isa Base: False
Test.DERIVED_BASE_AND_TRAIT isa Trait: True
Test.DERIVED_BASE_AND_TRAIT do_trait()
Test.DERIVED_BASE_AND_TRAIT isa Base: True
Test.DERIVED_BASE_AND_TRAIT do_base()
Test.MORE_DERIVED isa Trait: True
Test.MORE_DERIVED do_trait()
Test.MORE_DERIVED isa Base: True
Test.MORE_DERIVED do_base()
