test.ghul: 6,50..6,58: error: cannot access instance member function in THING[int,int]
test.ghul: 7,54..7,62: error: cannot access instance member function in THING[int,int]
test.ghul: 8,45..8,53: error: cannot access instance member function in THING[int,string]
test.ghul: 9,48..9,56: error: cannot access instance member function in THING[int,string]
