test.ghul: 6,59..6,67: error: no static overload found for function(int, int)
test.ghul: 7,63..7,75: error: no static overload found for function(int, string)
test.ghul: 8,54..8,57: error: no static overload found for function(int)
test.ghul: 9,57..9,64: error: no static overload found for function(string)
