assert true should not throw
did not throw

assert 12345 != 67890 should not throw
did not throw

assert false should throw with false as message
threw: AssertFailedException test.ghul 17,17..17,28: false

assert 12345 == 67890 should throw with 12345 == 67890 as message
threw: AssertFailedException test.ghul 21,17..21,37: 12345 == 67890

assert true else message should not throw
did not throw

assert true else message should throw with message as message
threw: AssertFailedException test.ghul 29,17..29,43: message

assert true else string expression should not throw
did not throw

assert true else string expression should throw with string expression as message
threw: AssertFailedException test.ghul 37,17..37,65: string expression

