assert true should not throw
did not throw

assert 12345 != 67890 should not throw
did not throw

assert false should throw with false as message
threw: Exception test.ghul 27,17..27,28: false

assert 12345 == 67890 should throw with 12345 == 67890 as message
threw: Exception test.ghul 31,17..31,37: 12345 == 67890

assert true else message should not throw
did not throw

assert true else message should throw with message as message
threw: Exception test.ghul 39,17..39,43: message

assert true else string expression should not throw
did not throw

assert true else string expression should throw with string expression as message
threw: Exception test.ghul 47,17..47,65: string expression

