test.ghul: 32,13..32,14: error: cannot access instance member from non-instance context
test.ghul: 33,13..33,17: error: cannot access self from non-instance context
test.ghul: 35,13..35,14: error: cannot access instance member from non-instance context
test.ghul: 36,13..36,17: error: cannot access self from non-instance context
test.ghul: 38,22..38,23: error: cannot access instance member from non-instance context
test.ghul: 39,18..39,22: error: cannot access self from non-instance context
test.ghul: 41,13..41,14: error: cannot access instance member from non-instance context
test.ghul: 42,13..42,17: error: cannot access self from non-instance context
test.ghul: 44,22..44,23: error: cannot access instance member from non-instance context
test.ghul: 45,18..45,22: error: cannot access self from non-instance context
test.ghul: 47,13..47,17: error: cannot access self from non-instance context
test.ghul: 48,18..48,22: error: cannot access self from non-instance context
test.ghul: 5,16..5,20: error: cannot access self from non-instance context
