.class public sealed auto ansi beforefieldinit 'Test'.'Blah' extends ['System.Runtime']'System'.'Enum' 
{
.field public specialname rtspecialname int32 value__ 
.field public static literal valuetype 'Test'.'Blah' 'BLOOP' = int32(0)
.field public static literal valuetype 'Test'.'Blah' 'BLIP' = int32(1)
.field public static literal valuetype 'Test'.'Blah' 'BLERGH' = int32(2)
.field public static literal valuetype 'Test'.'Blah' 'BLOGGLE' = int32(40)
.field public static literal valuetype 'Test'.'Blah' 'BLANGER' = int32(50)
}
