.class public auto ansi sealed beforefieldinit Test.Blah
       extends [System.Runtime]System.Enum
{
  .field public specialname rtspecialname int32 value__
  .field public static literal valuetype Test.Blah BLOOP = int32(0x00000000)
  .field public static literal valuetype Test.Blah BLIP = int32(0x00000001)
  .field public static literal valuetype Test.Blah BLERGH = int32(0x00000002)
  .field public static literal valuetype Test.Blah BLOGGLE = int32(0x00000028)
  .field public static literal valuetype Test.Blah BLANGER = int32(0x00000032)
} // end of class Test.Blah

// *********** DISASSEMBLY COMPLETE ***********************
