.class public auto ansi sealed 'Test'.'Blah' extends [mscorlib]System.Enum
{
.field public specialname rtspecialname int32 value__ 
.field public static literal valuetype 'Test'.'Blah' 'Bloop' = int32(0)
.field public static literal valuetype 'Test'.'Blah' 'Blip' = int32(1)
.field public static literal valuetype 'Test'.'Blah' 'Blergh' = int32(2)
.field public static literal valuetype 'Test'.'Blah' 'Bloggle' = int32(40)
.field public static literal valuetype 'Test'.'Blah' 'Blanger' = int32(50)
}
