.class public auto ansi beforefieldinit Test.Main
       extends [System.Runtime]System.Object
{
  .custom instance void ['ghul-runtime']Ghul.Internal.CLOSED_ATTRIBUTE::.ctor() = ( 01 00 00 00 ) 
  .field static assembly int32 _test_0
  .field static assembly string _test_1
  .method public hidebysig static void  entry() cil managed
  {
    .entrypoint
    // Code size       19 (0x13)
    .maxstack  64
    IL_0000:  ldc.i4.s   123
    IL_0002:  stsfld     int32 Test.Main::_test_0
    IL_0007:  ldstr      "hello, world"
    IL_000c:  stsfld     string Test.Main::_test_1
    IL_0011:  ret

    IL_0012:  ret
  } // end of method Main::entry

} // end of class Test.Main

// *********** DISASSEMBLY COMPLETE ***********************
