test if 0...
test_return_if: 0...
test elif 0...
test_return_elif: 0...
0 is less than five
test else 0...
test_return_else: 0...
0 is less than five
test if 1...
test_return_if: 1...
test elif 1...
test_return_elif: 1...
1 is less than five
test else 1...
test_return_else: 1...
1 is less than five
test if 2...
test_return_if: 2...
test elif 2...
test_return_elif: 2...
2 is less than five
test else 2...
test_return_else: 2...
2 is less than five
test if 3...
test_return_if: 3...
test elif 3...
test_return_elif: 3...
3 is less than five
test else 3...
test_return_else: 3...
3 is less than five
test if 4...
test_return_if: 4...
test elif 4...
test_return_elif: 4...
4 is less than five
test else 4...
test_return_else: 4...
4 is less than five
test if 5...
test_return_if: 5...
5 is less than ten
test elif 5...
test_return_elif: 5...
test else 5...
test_return_else: 5...
5 is less than ten
test if 6...
test_return_if: 6...
6 is less than ten
test elif 6...
test_return_elif: 6...
test else 6...
test_return_else: 6...
6 is less than ten
test if 7...
test_return_if: 7...
7 is less than ten
test elif 7...
test_return_elif: 7...
test else 7...
test_return_else: 7...
7 is less than ten
test if 8...
test_return_if: 8...
8 is less than ten
test elif 8...
test_return_elif: 8...
test else 8...
test_return_else: 8...
8 is less than ten
test if 9...
test_return_if: 9...
9 is less than ten
test elif 9...
test_return_elif: 9...
test else 9...
test_return_else: 9...
9 is less than ten
test if 10...
test_return_if: 10...
10 is ten or more
test elif 10...
test_return_elif: 10...
10 is too big
test else 10...
test_return_else: 10...
test if 11...
test_return_if: 11...
11 is ten or more
test elif 11...
test_return_elif: 11...
11 is too big
test else 11...
test_return_else: 11...
test if 12...
test_return_if: 12...
12 is ten or more
test elif 12...
test_return_elif: 12...
12 is too big
test else 12...
test_return_else: 12...
test if 13...
test_return_if: 13...
13 is ten or more
test elif 13...
test_return_elif: 13...
13 is too big
test else 13...
test_return_else: 13...
test if 14...
test_return_if: 14...
14 is ten or more
test elif 14...
test_return_elif: 14...
14 is too big
test else 14...
test_return_else: 14...
