test.ghul: 24,5..24,29: error: union_1__test.Result.ERROR[Ghul.int,Ghul.string] is not assignable to union_1__test.Result.OK[Ghul.int,Ghul.string]
test.ghul: 25,5..25,29: error: union_1__test.Result.OK[Ghul.int,Ghul.string] is not assignable to union_1__test.Result.ERROR[Ghul.int,Ghul.string]
test.ghul: 32,5..32,27: error: Ghul.string is not assignable to Ghul.int
test.ghul: 34,5..34,24: error: Ghul.int is not assignable to Ghul.string
test.ghul: 38,15..38,20: error: member error not found in union_1__test.Result.OK[Ghul.int,Ghul.string]
test.ghul: 39,18..39,23: error: member value not found in union_1__test.Result.ERROR[Ghul.int,Ghul.string]
test.ghul: 48,5..48,30: error: union_1__test.Option.NONE[Ghul.int] is not assignable to union_1__test.Option.SOME[Ghul.int]
test.ghul: 49,5..49,30: error: union_1__test.Option.SOME[Ghul.int] is not assignable to union_1__test.Option.NONE[Ghul.int]
test.ghul: 57,5..57,25: error: Ghul.int is not assignable to Ghul.string
test.ghul: 58,5..58,26: error: Ghul.int is not assignable to Ghul.string
test.ghul: 61,17..61,22: error: member value not found in union_1__test.Option.NONE[Ghul.int]
