test.ghul: 11,41..11,42: warn: [unmarked-pack-slot] T is an argument pack but this function type takes it as one tuple [help: write T.. to take it spread out]
test.ghul: 13,32..13,33: warn: [unmarked-pack-slot] T is an argument pack but this function type takes it as one tuple [help: write T.. to take it spread out]
test.ghul: 15,35..15,36: warn: [unmarked-pack-slot] T is an argument pack but this function type takes it as one tuple [help: write T.. to take it spread out]
test.ghul: 9,39..9,40: warn: [unmarked-pack-slot] T is an argument pack but this function type takes it as one tuple [help: write T.. to take it spread out]
