test.ghul: 11,51..11,52: error: expected for, if or ']' in list comprehension
test.ghul: 15,5..15,8: error: expected for, if or ']' in list comprehension
test.ghul: 3,44..3,46: error: in list comprehension: expected in but found identifier xs
test.ghul: 5,48..5,50: error: in variable: expected ( or identifier but found in
test.ghul: 7,51..7,52: error: in primary expression: expected (, [, [], assert, case, cast, char literal, do, false, float literal, for, identifier, if, int literal, isa, let, new, null, rec, self, string literal, super, true, typeof, val, while or { but found ] 
test.ghul: 9,59..9,60: error: in primary expression: expected (, [, [], assert, case, cast, char literal, do, false, float literal, for, identifier, if, int literal, isa, let, new, null, rec, self, string literal, super, true, typeof, val, while or { but found ] 
