test.ghul: 10,24..10,34: error: cannot use this here
test.ghul: 10,24..10,34: error: no overload found for write_line(entry(...)), tried IO.Std.write_line(buffer: Ghul.char[]) -> Ghul.void, IO.Std.write_line(value: Decimal) -> Ghul.void, IO.Std.write_line(value: bool) -> Ghul.void, IO.Std.write_line(value: char) -> Ghul.void, IO.Std.write_line(value: double) -> Ghul.void, IO.Std.write_line(value: int) -> Ghul.void, IO.Std.write_line(value: long) -> Ghul.void, IO.Std.write_line(value: object) -> Ghul.void, IO.Std.write_line(value: single) -> Ghul.void, IO.Std.write_line(value: string) -> Ghul.void, IO.Std.write_line(value: uint) -> Ghul.void, IO.Std.write_line(value: ulong) -> Ghul.void
test.ghul: 12,16..12,20: error: cannot use this here
test.ghul: 12,24..12,28: error: cannot use this here
test.ghul: 16,19..16,23: error: cannot use this here
test.ghul: 22,20..22,21: error: cannot use this as a type
test.ghul: 24,17..24,21: error: cannot use this here
test.ghul: 25,13..25,27: error: entry(...) is not assignable to Ghul.object
test.ghul: 25,17..25,27: error: cannot use this here
test.ghul: 27,21..27,31: error: cannot use this here
test.ghul: 29,13..29,23: error: cannot assign to this
test.ghul: 31,13..31,18: error: cannot assign to this
test.ghul: 33,13..33,17: error: cannot assign to this
test.ghul: 35,13..35,16: error: cannot assign to this
test.ghul: 35,19..35,22: error: cannot use this here
test.ghul: 39,18..39,22: error: cannot use this here
test.ghul: 39,24..39,28: error: cannot use this here
test.ghul: 44,13..44,15: error: cannot access instance member from non-instance context
test.ghul: 9,24..9,28: error: cannot use this here
