test.ghul: 10,17..10,20: error: type BOX requires 1 type argument
test.ghul: 15,20..15,23: error: type BOX requires 1 type argument
test.ghul: 19,26..19,29: error: type BOX requires 1 type argument
test.ghul: 20,38..20,41: error: type BOX requires 1 type argument
test.ghul: 21,20..21,23: error: type BOX requires 1 type argument
