test.ghul: 40,71..40,94: error: cannot convert EQUALS_ONLY to EQUALS_ONLY
test.ghul: 45,25..45,53: error: no static overload found for =~(HANDLE, HANDLE), tried Ghul.=~(a: string?, b: string?) -> bool
test.ghul: 46,25..46,49: error: no static overload found for =~(GUARDED, GUARDED), tried Ghul.=~(a: string?, b: string?) -> bool
test.ghul: 47,25..47,65: error: no static overload found for =~(PROTECTED_STATE, PROTECTED_STATE), tried Ghul.=~(a: string?, b: string?) -> bool
test.ghul: 48,25..48,53: error: no static overload found for =~(HASH_ONLY, HASH_ONLY), tried Ghul.=~(a: string?, b: string?) -> bool
test.ghul: 49,25..49,57: error: no static overload found for =~(EQUALS_ONLY, EQUALS_ONLY), tried Ghul.=~(a: string?, b: string?) -> bool
