test.ghul: 104,26..104,30: error: cannot rely on the narrowing of 'name' here: the call to 'mutate()' can change it [this call can change name: test.ghul: 103,21..103,29] [help: test 'name' again, or copy it into a local variable before the call]
test.ghul: 110,27..110,31: error: cannot rely on the narrowing of 'item' here: the call to 'mutate()' can change it [this call can change item: test.ghul: 109,33..109,41] [help: test 'item' again, or copy it into a local variable before the call]
test.ghul: 98,26..98,31: error: cannot rely on the narrowing of '_name' here: the call to 'mutate()' can change it [this call can change _name: test.ghul: 97,22..97,30] [help: test '_name' again, or copy it into a local variable before the call]
