test.ghul: 104,26..104,30: error: no overload found for takes_string(string?), tried HOST.takes_string(s: string) -> void
test.ghul: 110,27..110,31: error: no overload found for takes_derived(BASE?), tried HOST.takes_derived(d: DERIVED) -> void
test.ghul: 98,26..98,31: error: no overload found for takes_string(string?), tried HOST.takes_string(s: string) -> void
