cases/016-simple-case/test.ghul: 12,9..27,13: warn: legacy compiler cannot infer type here, assuming void
cases/016-simple-case/test.ghul: 27,9..32,7: warn: legacy compiler cannot infer type here, assuming void
cases/016-simple-case/test.ghul: 6,9..9,7: warn: legacy compiler cannot infer type here, assuming void
