123 =~ 123 result True (expected True vs actual True)
123 =~ 123 result True (expected True vs actual True)
123 =~ 456 result True (expected False vs actual False)
123 !~ 123 result True (expected False vs actual False)
123 !~ 123 result True (expected False vs actual False)
123 !~ 456 result True (expected True vs actual True)
123 > 123 result True (expected False vs actual False)
123 > 123 result True (expected False vs actual False)
123 > 456 result True (expected False vs actual False)
123 > 100 result True (expected True vs actual True)
123 >= 123 result True (expected True vs actual True)
123 >= 123 result True (expected True vs actual True)
123 >= 456 result True (expected False vs actual False)
123 >= 100 result True (expected True vs actual True)
123 < 123 result True (expected False vs actual False)
123 < 123 result True (expected False vs actual False)
123 < 456 result True (expected True vs actual True)
123 < 100 result True (expected False vs actual False)
123 <= 123 result True (expected True vs actual True)
123 <= 123 result True (expected True vs actual True)
123 <= 456 result True (expected True vs actual True)
123 <= 100 result True (expected False vs actual False)
