test.ghul: 15,68..15,173: error: cannot infer type here
test.ghul: 15,68..15,173: error: no static overload found for once_2(int -> *** -> *** -> int pure pure pure), tried Grid.once_2[T..,U](make: int -> int -> T.. -> U) -> T -> U
test.ghul: 15,73..15,74: error: cannot infer type here
test.ghul: 15,78..15,173: error: cannot destructure ***
test.ghul: 15,78..15,173: error: cannot infer type here
