test.ghul: 3,9..3,14: error: in primary expression: expected (, [, cast, char literal, false, float literal, identifier, if, int literal, isa, let, new, null, rec, self, string literal, super, true, typeof or { but found union
test.ghul: 7,1..7,3: error: in definition: expected @, [, class, enum, identifier, namespace, operator, struct, trait, union or use but found si
