ldc.i4.s   100
ldc.i4     0xc8
clt
stloc.0
ldc.i4.s   100
ldc.i4     0xc8
cgt
stloc.0
ldc.i4.s   100
ldc.i4.s   100
cgt
ldc.i4.0
ceq
stloc.0
ldc.i4.s   100
ldc.i4     0xc9
clt
ldc.i4.0
ceq
stloc.0
ldc.i8     0x64
ldc.i8     0xc8
cgt
stloc.0
ldc.i8     0xc8
ldc.i8     0x96
clt
stloc.0
ldc.i8     0x96
ldc.i8     0x32
clt
ldc.i4.0
ceq
stloc.0
ldc.i8     0xc8
ldc.i8     0x64
cgt
ldc.i4.0
ceq
stloc.0
