test.ghul: 11,31..11,32: error: A is not an argument pack: declare it [A..] to spread it here
test.ghul: 13,41..13,42: error: a return type can only spread an argument pack into the last parameter of a function type it returns
test.ghul: 7,60..7,61: error: a return type can only spread an argument pack into the last parameter of a function type it returns
test.ghul: 9,43..9,44: error: a return type can only spread an argument pack into the last parameter of a function type it returns
