test.ghul: 11,5..11,45: warn: [definite-return] function may not return a value on all paths
test.ghul: 13,5..13,50: warn: [definite-return] function may not return a value on all paths
test.ghul: 7,5..7,75: warn: [definite-return] function may not return a value on all paths
test.ghul: 9,5..9,63: warn: [definite-return] function may not return a value on all paths
