test.ghul: 11,5..11,39: warn: [definite-return] function may not return a value on all paths
test.ghul: 13,5..13,42: warn: [definite-return] function may not return a value on all paths
test.ghul: 7,5..7,69: warn: [definite-return] function may not return a value on all paths
test.ghul: 9,5..9,57: warn: [definite-return] function may not return a value on all paths
