expect true: 100 < 200: True
expect false: 100 < 100: False
expect false: 100 < 50: False
expect true: 100 <= 200: True
expect true: 100 <= 100: True
expect false: 100 <= 50: False
expect true: 200 > 100: True
expect false: 100 > 100: False
expect false: 50 > 10: False
expect true: 200 >= 100L: True
expect true: 100 >= 100L: True
expect false: 50 >= 10L: False
expect true: 100L < 200L: True
expect false: 100L < 100L: False
expect false: 100L < 50L: False
expect true: 100L <= 200L: True
expect true: 100L <= 100L: True
expect false: 100L <= 50L: False
expect true: 200L > 100L: True
expect false: 100L > 100L: False
expect false: 50L > 10L: False
expect true: 200L >= 100L: True
expect true: 100L >= 100L: True
expect false: 50L >= 10L: False
