test.ghul: 10,1..10,3: error: in definition: expected @, [, class, enum, identifier, namespace, operator, struct, trait or use but found si
test.ghul: 11,1..11,3: error: in definition: expected @, [, class, enum, identifier, namespace, operator, struct, trait or use but found si
test.ghul: 7,1..7,3: error: in definition: expected @, [, class, enum, identifier, namespace, operator, struct, trait or use but found si
test.ghul: 8,1..8,3: error: in definition: expected @, [, class, enum, identifier, namespace, operator, struct, trait or use but found si
test.ghul: 9,1..9,3: error: in definition: expected @, [, class, enum, identifier, namespace, operator, struct, trait or use but found si
