call Object.to_string(): 12345
have assigned to object typed variable: 12345
have passed as object typed argument: 12345
reference not equal: 12345 vs 12345
reference not equal: 12345 vs 12345
have compared with == to null
have compared with != to null
call Object.to_string(): hello world
have assigned to object typed variable: hello world
have passed as object typed argument: hello world
reference equal: hello world vs hello world
reference equal: hello world vs hello world
have compared with == to null
have compared with != to null
