test.ghul: 102,20..102,24: error: receiver may not hold a value here
test.ghul: 110,18..110,30: error: receiver may not hold a value here
test.ghul: 120,13..120,18: error: cannot destructure (INNER, int)?
test.ghul: 121,22..121,23: error: variable is not defined here
test.ghul: 121,39..121,40: error: variable is not defined here
test.ghul: 146,15..146,22: error: no static overload found for takes(INNER?), tried takes(b: BASE) -> void
test.ghul: 154,9..154,16: error: receiver may not hold a value here
test.ghul: 162,13..164,11: error: () -> INNER? is not assignable to () -> INNER
test.ghul: 174,17..174,28: error: receiver may not hold a value here
test.ghul: 65,13..65,30: error: INNER? is not assignable to BASE
test.ghul: 75,20..75,21: error: a may not hold a value here
test.ghul: 84,20..84,23: error: receiver may not hold a value here
test.ghul: 92,20..92,27: error: cannot return value of type INNER? where INNER expected
