test.ghul: 120,13..120,18: error: cannot destructure (INNER, int)?
test.ghul: 121,22..121,23: error: variable is not defined here
test.ghul: 121,39..121,40: error: variable is not defined here
test.ghul: 146,15..146,22: error: no static overload found for takes(INNER?), tried takes(b: BASE) -> void
test.ghul: 162,13..164,11: error: () -> INNER? is not assignable to () -> INNER
test.ghul: 65,13..65,30: error: INNER? is not assignable to BASE
test.ghul: 92,20..92,27: error: cannot return value of type INNER? where INNER expected
