test.ghul: 110,18..110,30: warn: [null-deref] h.dirty_list may not hold a value here: the getter of 'dirty_list' is not provably stable [getter declared here: test.ghul: 39,5..39,15] [narrowed here: test.ghul: 109,8..109,20] [help: copy the value into a local variable]
test.ghul: 120,22..120,34: warn: [null-deref] h.dirty_pair may not hold a value here: the getter of 'dirty_pair' is not provably stable [getter declared here: test.ghul: 44,5..44,15] [narrowed here: test.ghul: 119,8..119,20] [help: copy the value into a local variable]
test.ghul: 154,9..154,16: warn: [null-deref] h.dirty may not hold a value here: the getter of 'dirty' is not provably stable [getter declared here: test.ghul: 34,5..34,10] [narrowed here: test.ghul: 153,8..153,15] [help: copy the value into a local variable]
test.ghul: 174,17..174,28: warn: [null-deref] h.dirty_map may not hold a value here: the getter of 'dirty_map' is not provably stable [getter declared here: test.ghul: 49,5..49,14] [narrowed here: test.ghul: 173,8..173,19] [help: copy the value into a local variable]
