test.ghul: 3,9..3,12: error: in for statement: expected do but found let
test.ghul: 4,5..4,7: error: in definition: expected @, [, class, enum, identifier, namespace, operator, struct, trait, union or use but found od
test.ghul: 4,5..4,7: error: syntax error: expected si but found od
test.ghul: 5,1..5,3: error: in definition: expected @, [, class, enum, identifier, namespace, operator, struct, trait, union or use but found si
