present: 7
absent: 9
no call: 7
fallback evaluated
call: 99
call left: 7 5
chain: 7 1
bool absent means false
maybe ref present: hit
maybe val present: 21
ref then maybe: hit
generic empty: dflt
generic stored: stored
generic int: 64
generic or_slot absent: 0
generic or_slot other: 8
generic or_slot self: 3
