passing assert yields inner expression value
ok
did not throw

failing assert throws with else message
threw: AssertFailedException test.ghul 14,25..14,79: math broken

assert with no else throws with condition as message
threw: AssertFailedException test.ghul 19,25..19,56: 1 == 2

inner expression value flows out as the function result
n is 5
did not throw

failing assert in expression-body throws
threw: AssertFailedException test.ghul 56,13..57,23: n must be positive

assert-in chains with let-in
doubled = 8
did not throw

inner expression evaluation is skipped when assert fails
threw: AssertFailedException test.ghul 41,21..42,33: expected fail

assert narrows optional for inner expression
length = 5
did not throw

assert-in inside expression-body, value flows up the chain
even
did not throw

