test.ghul: 10,28..10,54: error: no constructor of attribute NEEDS_INT matches the supplied arguments
test.ghul: 10,28..10,54: error: no overload found for init(string), tried NEEDS_INT.init(value: int) -> void
test.ghul: 14,14..14,29: error: attribute is not allowed here
test.ghul: 6,29..6,40: error: unknown attribute Nonexistent
