.class public auto ansi beforefieldinit Test.Main
       extends [System.Runtime]System.Object
{
  .custom instance void ['ghul-runtime']Ghul.Internal.CLOSED_ATTRIBUTE::.ctor() = ( 01 00 00 00 ) 
  .method public hidebysig static void  entry() cil managed
  {
    .entrypoint
    // Code size       2 (0x2)
    .maxstack  64
    IL_0000:  ret

    IL_0001:  ret
  } // end of method Main::entry

} // end of class Test.Main

.class public auto ansi beforefieldinit Test.BASE
       extends [System.Runtime]System.Object
{
  .custom instance void ['ghul-runtime']Ghul.Internal.CLOSED_ATTRIBUTE::.ctor() = ( 01 00 00 00 ) 
  .method public hidebysig virtual instance void 
          ActuallyTest() cil managed
  {
    // Code size       1 (0x1)
    .maxstack  64
    IL_0000:  ret
  } // end of method BASE::ActuallyTest

  .method public hidebysig virtual instance void 
          ActuallyOther(string s) cil managed
  {
    // Code size       1 (0x1)
    .maxstack  64
    IL_0000:  ret
  } // end of method BASE::ActuallyOther

} // end of class Test.BASE

.class public auto ansi beforefieldinit Test.DERIVED
       extends Test.BASE
{
  .custom instance void ['ghul-runtime']Ghul.Internal.CLOSED_ATTRIBUTE::.ctor() = ( 01 00 00 00 ) 
  .method public hidebysig virtual instance void 
          ActuallyTest() cil managed
  {
    // Code size       1 (0x1)
    .maxstack  64
    IL_0000:  ret
  } // end of method DERIVED::ActuallyTest

  .method public hidebysig virtual instance void 
          ActuallyOther(string s) cil managed
  {
    // Code size       1 (0x1)
    .maxstack  64
    IL_0000:  ret
  } // end of method DERIVED::ActuallyOther

  .method public hidebysig virtual instance void 
          test(int32 i) cil managed
  {
    // Code size       1 (0x1)
    .maxstack  64
    IL_0000:  ret
  } // end of method DERIVED::test

} // end of class Test.DERIVED
