true expected: True actual: True result: True
false expected: False actual: False result: True
false /\ false expected: False actual: False result: True
false /\ true expected: False actual: False result: True
true /\ false expected: False actual: False result: True
true /\ true expected: True actual: True result: True
false \/ false expected: False actual: False result: True
false \/ true expected: True actual: True result: True
true \/ false expected: True actual: True result: True
true \/ true expected: True actual: True result: True
