test.ghul: 12,13..12,14: error: in primary expression: expected (, [, [], assert, case, cast, char literal, do, false, float literal, for, identifier, if, int literal, isa, let, new, null, rec, self, string literal, super, true, typeof, val, while or { but found )
test.ghul: 15,29..15,54: error: symbol not found: undefined_inside_the_body
test.ghul: 20,33..20,59: error: symbol not found: undefined_after_the_damage
