test.ghul: 54,11..54,16: error: member value is on every variant of {OK, SKIP} but not on the union — narrow further with `if v.is_<variant>` before access
test.ghul: 63,8..63,16: error: member nonsense not found in Carries.OK[Ghul.int]
test.ghul: 76,19..76,25: error: member reason not found in Carries[int]{OK|SKIP}
