.class public auto ansi beforefieldinit Test.Main
       extends [System.Runtime]System.Object
{
  .custom instance void ['ghul-runtime']Ghul.Internal.CLOSED_ATTRIBUTE::.ctor() = ( 01 00 00 00 ) 
  .method public hidebysig static void  entry() cil managed
  {
    .entrypoint
    // Code size       13 (0xd)
    .maxstack  64
    .locals init (int32 V_0,
             string V_1)
    IL_0000:  ldc.i4     0x3039
    IL_0005:  stloc.0
    IL_0006:  ldstr      "hello world"
    IL_000b:  stloc.1
    IL_000c:  ret
  } // end of method Main::entry

} // end of class Test.Main

// *********** DISASSEMBLY COMPLETE ***********************
