01-present: port 8080
02-absent: <null>
03-widened: [8080]
03-absent: <null>
04-absent: <null>
04-present: [8080]
05-skipped: False
05-ran: True
06-generic-present: [4]
06-generic-absent: <null>
07-value-callee: [9]
08-async-present: [21]
08-async-absent: <null>
09-generator-present: 5,50
09-generator-absent: <null>
10-mixed-present: [8080]
10-mixed-absent: closed
