test.ghul: 13,13..13,19: warn: [return-without-value] return without value from non void function returns default value of type bool
test.ghul: 17,13..17,19: warn: [return-without-value] return without value from non void function returns default value of type int
test.ghul: 21,13..21,19: warn: [return-without-value] return without value from non void function returns default value of type string
