test.ghul: 25,13..25,16: error: cannot use void value here
test.ghul: 25,13..25,16: error: has value operand must be a reference type
test.ghul: 28,13..28,16: error: cannot use void value here
test.ghul: 28,20..28,23: error: cannot use void value here
test.ghul: 29,13..29,16: error: cannot use void value here
test.ghul: 30,21..30,24: error: cannot use void value here
