test.ghul: 12,20..12,27: error: no overload found for init(Ghul.string), tried D.init(i: int) -> Ghul.void
test.ghul: 14,20..14,23: error: no constructor found init(Ghul.int)
test.ghul: 15,20..15,31: error: no constructor found init(Ghul.int, Ghul.int, Ghul.int)
test.ghul: 16,20..16,27: error: no constructor found init(Ghul.string)
test.ghul: 7,20..7,21: error: no constructor found init()
test.ghul: 8,20..8,23: error: no constructor found init(Ghul.int)
test.ghul: 9,20..9,27: error: no constructor found init(Ghul.string)
