test.ghul: 16,22..16,25: error: no constructor found init()
test.ghul: 17,22..17,28: error: no constructor found init(int)
test.ghul: 18,22..18,32: error: no constructor found init(string)
test.ghul: 21,22..21,32: error: no overload found for init(string), tried D.init(i: int) -> void
test.ghul: 23,22..23,28: error: no constructor found init(int)
test.ghul: 24,22..24,36: error: no constructor found init(int, int, int)
test.ghul: 25,22..25,32: error: no constructor found init(string)
