test.ghul: 105,13..109,15: error: expected else in if expression
test.ghul: 114,13..120,15: error: expected else in if expression
test.ghul: 119,17..119,22: error: cannot return value of type int where BASE expected
test.ghul: 124,9..124,44: error: expected else in if expression
test.ghul: 127,9..127,92: error: expected else in if expression
test.ghul: 130,9..130,92: error: expected else in if expression
test.ghul: 17,13..21,15: error: expected else in if expression
test.ghul: 24,13..30,15: error: expected else in if expression
test.ghul: 33,13..37,15: error: expected else in if expression
test.ghul: 34,17..34,25: error: object is not assignable to BASE
test.ghul: 40,13..44,15: error: expected else in if expression
test.ghul: 43,17..43,25: error: object is not assignable to BASE
test.ghul: 65,13..69,15: error: expected else in if expression
test.ghul: 74,13..78,15: error: expected else in if expression
test.ghul: 75,17..75,20: error: cannot return value of type string where int expected
test.ghul: 83,13..87,15: error: expected else in if expression
test.ghul: 86,17..86,20: error: cannot return value of type string where int expected
test.ghul: 92,13..100,15: error: expected else in if expression
test.ghul: 95,17..95,20: error: cannot return value of type string where int expected
