test.ghul: 105,13..109,16: error: expected else in if expression
test.ghul: 114,13..120,16: error: expected else in if expression
test.ghul: 124,9..124,45: error: expected else in if expression
test.ghul: 127,9..127,90: error: expected else in if expression
test.ghul: 130,9..130,90: error: expected else in if expression
test.ghul: 17,13..21,16: error: expected else in if expression
test.ghul: 24,13..30,16: error: expected else in if expression
test.ghul: 33,13..37,16: error: expected else in if expression
test.ghul: 40,13..44,16: error: expected else in if expression
test.ghul: 47,13..51,16: error: expected else in if expression
test.ghul: 54,13..60,16: error: expected else in if expression
test.ghul: 65,13..69,16: error: expected else in if expression
test.ghul: 74,13..78,16: error: expected else in if expression
test.ghul: 83,13..87,16: error: expected else in if expression
test.ghul: 92,13..100,16: error: expected else in if expression
