test.ghul: 68,9..68,13: warn: [field-definite-assignment] _value is not assigned on every path out of this constructor [_value declared here: test.ghul: 66,9..66,15]
test.ghul: 81,9..81,13: warn: [field-definite-assignment] _value is not assigned on every path out of this constructor [_value declared here: test.ghul: 79,9..79,15]
