test.ghul: 139,5..139,10: error: value overrides stable BASE_STORE.value so must be declared stable or provably self-stable [stable property declared here: test.ghul: 111,5..111,10]
test.ghul: 157,25..157,31: error: stable is only valid on a property
test.ghul: 206,15..206,26: error: no static overload found for takes(string?), tried takes(s: string) -> void
test.ghul: 211,15..211,29: error: no static overload found for takes(string?), tried takes(s: string) -> void
test.ghul: 218,25..218,43: error: no static overload found for takes_inner(INNER?), tried takes_inner(i: INNER) -> void
