test.ghul: 139,5..139,10: error: value overrides stable BASE_STORE.value so must be declared stable or provably self-stable [stable property declared here: test.ghul: 111,5..111,10]
test.ghul: 157,25..157,31: error: stable is only valid on a property
test.ghul: 203,15..203,26: error: cannot rely on the narrowing of 'cache.value' here: the call to 'invalidate()' can change it [this call can change cache.value: test.ghul: 202,24..202,42] [help: test 'cache.value' again, or copy it into a local variable before the call]
test.ghul: 208,15..208,29: error: cannot rely on the narrowing of 'unstable.value' here: the getter of 'value' is not provably stable [getter declared here: test.ghul: 81,5..81,10] [narrowed here: test.ghul: 207,8..207,22] [help: copy the value into a local variable]
