ldloca 'ii.0'
stloc 'i.2'
ldloca 'oo.1'
stloc 'o.3'
ldarg.0
ldflda int32 class 'Test'.'Test'::'_iii'
stloc 'i.2'
ldsflda int32 class 'Test'.'Test'::'_jjj'
stloc 'i.2'
ldarg.0
ldflda class [System.Runtime]System.Object class 'Test'.'Test'::'_ooo'
stloc 'o.3'
.locals init (int32& '.address.19')
ldarg.0
callvirt instance int32 class 'Test'.'Test'::'__read_iii'()
stloc '.address.19'
ldloca '.address.19'
stloc 'i.2'
.locals init (int32& '.address.20')
call int32 class 'Test'.'Test'::'__read_jjj'()
stloc '.address.20'
ldloca '.address.20'
stloc 'i.2'
ldarg.0
ldflda int32 class 'Test'.'Test'::'_iii'
stloc 'i.2'
ldsflda int32 class 'Test'.'Test'::'_jjj'
stloc 'i.2'
.locals init (int32& '.address.23')
ldc.i4 1
ldloc 'ii.0'
add
stloc '.address.23'
ldloca '.address.23'
stloc 'i.2'
.locals init (int32& '.address.24')
ldc.i4 123
stloc '.address.24'
ldloca '.address.24'
stloc 'i.2'
