ldloca 'ii.0'
stloc 'i.2'
ldloca 'oo.1'
stloc 'o.3'
ldarg.0
ldflda int32 class 'Test'.'Test' ::'_iii'
stloc 'i.2'
ldsflda int32 class 'Test'.'Test' ::'_jjj'
stloc 'i.2'
ldarg.0
ldflda class ['System.Runtime']'System'.'Object' class 'Test'.'Test' ::'_ooo'
stloc 'o.3'
.locals init (int32 &  '.address.0')
ldarg.0
callvirt instance int32 class 'Test'.'Test' ::'$get_iii'()
stloc '.address.0'
ldloca '.address.0'
stloc 'i.2'
.locals init (int32 &  '.address.1')
call int32 class 'Test'.'Test' ::'$get_jjj'()
stloc '.address.1'
ldloca '.address.1'
stloc 'i.2'
ldarg.0
ldflda int32 class 'Test'.'Test' ::'_iii'
stloc 'i.2'
ldsflda int32 class 'Test'.'Test' ::'_jjj'
stloc 'i.2'
.locals init (int32 &  '.address.2')
ldc.i4 1
ldloc 'ii.0'
add
stloc '.address.2'
ldloca '.address.2'
stloc 'i.2'
.locals init (int32 &  '.address.3')
ldc.i4 123
stloc '.address.3'
ldloca '.address.3'
stloc 'i.2'
