.property instance callconv(8) int32 'thing'() {
.get instance int32 'Test'.'Main'::'$get_thing'().set instance void 'Test'.'Main'::'$set_thing'(int32)
}

.property instance callconv(8) class ['mscorlib']'System'.'Collections'.'Generic'.'IEnumerable`1'<!0> 'things'() {
.get instance class ['mscorlib']'System'.'Collections'.'Generic'.'IEnumerable`1'<!0> 'Test'.'Thing'::'$get_things'().set instance void 'Test'.'Thing'::'$set_things'(class ['mscorlib']'System'.'Collections'.'Generic'.'IEnumerable`1'<!0>)
}

