.class public auto ansi TestStaticConstructor.FOO
       extends [System.Runtime]System.Object
{
  .custom instance void ['ghul-runtime']Ghul.Internal.CLOSED_ATTRIBUTE::.ctor() = ( 01 00 00 00 ) 
  .field public static int32 $count
  .method public hidebysig specialname static 
          int32  $get_count() cil managed
  {
    // Code size       8 (0x8)
    .maxstack  64
    .locals init (int32 V_0)
    IL_0000:  ldsfld     int32 TestStaticConstructor.FOO::$count
    IL_0005:  ret

    IL_0006:  ldloc.0
    IL_0007:  ret
  } // end of method FOO::$get_count

  .method public hidebysig specialname static 
          void  $set_count(int32 $$value) cil managed
  {
    // Code size       7 (0x7)
    .maxstack  64
    IL_0000:  ldarg.0
    IL_0001:  stsfld     int32 TestStaticConstructor.FOO::$count
    IL_0006:  ret
  } // end of method FOO::$set_count

  .method private hidebysig specialname rtspecialname static 
          void  .cctor() cil managed
  {
    // Code size       8 (0x8)
    .maxstack  64
    IL_0000:  ldc.i4.s   42
    IL_0002:  call       void TestStaticConstructor.FOO::$set_count(int32)
    IL_0007:  ret
  } // end of method FOO::.cctor

  .property callconv(8) int32 count()
  {
    .get int32 TestStaticConstructor.FOO::$get_count()
    .set void TestStaticConstructor.FOO::$set_count(int32)
  } // end of property FOO::count
} // end of class TestStaticConstructor.FOO

// *********** DISASSEMBLY COMPLETE ***********************
