.class public auto ansi 'TestStaticConstructor'.'FOO' extends ['System.Runtime']'System'.'Object' 
{
.custom instance void ['ghul-runtime']Ghul.Internal.CLOSED_ATTRIBUTE::.ctor() = ( 01 00 00 00 )
.property callconv(8) int32 'count'() { .get int32 'TestStaticConstructor'.'FOO'::'$get_count'() .set void 'TestStaticConstructor'.'FOO'::'$set_count'(int32 )}
.method private hidebysig specialname rtspecialname static  default void '.cctor'() cil managed
{
.maxstack 64
ldc.i4 42
call void class 'TestStaticConstructor'.'FOO' ::'$set_count'(int32 )
ret
}
.field public static int32 '$count'
.method public hidebysig specialname static  default int32 '$get_count'() cil managed
{
.maxstack 64
ldsfld int32 class 'TestStaticConstructor'.'FOO' ::'$count'
ret
.locals init (int32  '.default')
ldloc '.default'
ret
}
.method public hidebysig specialname static  default void '$set_count'(int32 '$$value') cil managed
{
.maxstack 64
ldarg '$$value'
stsfld int32 class 'TestStaticConstructor'.'FOO' ::'$count'
ret
}
}
