g(123) is 246
doubled: 2, 4, 6, 8, 10
evens: 2, 4
sum: 15
classifyNumber(-10): Negative even and multiple of 5
classifyNumber(-3): Negative odd
classifyNumber(0): Zero
classifyNumber(4): Positive even
classifyNumber(25): Positive odd and multiple of 5
factorial(5): 120
fibonacci(5): 5
even(10): True
odd(10): False
list: 1, 2, 3, 4, 5
add(5, 3): 8
apply(times_2, 5): 10
apply(square, 5): 25
apply_twice(times_2, 5): 20
apply_twice_times_2(5): 20
42
none
1, 2, 3, nil
A, B, C, nil
((1, 2), (3, 4))
((A, B), (C, D))
curryed_add(5)(3): 8
add_5(3): 8
add_10(3): 13
add_5(3): 8
add_10(3): 13
first 10 fibonacci numbers: 1, 2, 3, 5, 8, 13, 21, 34, 55, 89
first 10 factorial numbers: 2, 6, 24, 120, 720, 5040, 40320, 362880, 3628800, 39916800
first 10 even fibonacci numbers: 2, 8, 34, 144, 610, 2584, 10946, 46368, 196418, 832040
fibonacci 0 is 1
factorial 0 is 2
fibonacci 1 is 2
factorial 1 is 6
fibonacci 2 is 3
factorial 2 is 24
fibonacci 3 is 5
factorial 3 is 120
fibonacci 4 is 8
factorial 4 is 720
fibonacci 5 is 13
factorial 5 is 5040
fibonacci 6 is 21
factorial 6 is 40320
fibonacci 7 is 34
factorial 7 is 362880
fibonacci 8 is 55
factorial 8 is 3628800
fibonacci 9 is 89
factorial 9 is 39916800
