test.ghul: 10,29..10,36: error: property cannot be of reference type
test.ghul: 12,35..12,45: error: ptr element cannot be a reference type
test.ghul: 13,29..13,36: error: property cannot be of reference type
test.ghul: 15,42..15,52: error: array element cannot be a reference type
test.ghul: 16,36..16,43: error: property cannot be of reference type
test.ghul: 18,30..18,37: error: function cannot return a reference
test.ghul: 19,36..19,43: error: array element cannot be a reference type
test.ghul: 24,29..24,36: error: variable cannot be of reference type
test.ghul: 25,35..25,42: error: array element cannot be a reference type
test.ghul: 27,34..27,41: error: cannot cast to a reference type
test.ghul: 28,40..28,47: error: ptr element cannot be a reference type
test.ghul: 31,59..31,66: error: return type cannot be a reference type
test.ghul: 32,65..32,72: error: ptr element cannot be a reference type
test.ghul: 35,60..35,67: error: return type cannot be a reference type
test.ghul: 36,66..36,73: error: ptr element cannot be a reference type
test.ghul: 42,69..42,76: error: function cannot return a reference
test.ghul: 45,29..45,36: error: tuple element cannot be a reference
test.ghul: 45,48..45,55: error: tuple element cannot be a reference
test.ghul: 5,22..5,29: error: field cannot be of reference type
test.ghul: 51,45..51,50: error: function cannot return a reference
test.ghul: 54,32..54,42: error: cannot use reference type here
test.ghul: 54,44..54,55: error: cannot use reference type here
test.ghul: 57,47..57,54: error: cannot use reference type here
test.ghul: 57,56..57,66: error: cannot use reference type here
test.ghul: 6,28..6,35: error: array element cannot be a reference type
test.ghul: 7,36..7,43: error: ref element cannot be a reference type
test.ghul: 7,36..7,47: error: field cannot be of reference type
test.ghul: 9,35..9,45: error: ptr element cannot be a reference type
