object? holding a string: isa True, if let a, case a, payload a
int? holding 5: isa False, if let no, case no, payload True
MAYBE[object] holding a string: isa True, if let abc, case abc, payload abc
narrowed length 3
MAYBE[int] holding 5: isa False, if let no, case no, payload True
absent MAYBE[object]: isa False, if let no, case no, payload none
generic over object: True b b b
generic over int: False no no none
