object? holding a string: isa true, if let a, case a, payload a
int? holding 5: isa false, if let no, case no, payload true
MAYBE[object] holding a string: isa true, if let abc, case abc, payload abc
narrowed length 3
MAYBE[int] holding 5: isa false, if let no, case no, payload true
absent MAYBE[object]: isa false, if let no, case no, payload none
generic over object: true b b b
generic over int: false no no none
