test.ghul: 23,18..23,23: warn: [definite-assignment] v may be used before it is assigned [variable declared here: test.ghul: 21,17..21,18]
test.ghul: 55,20..55,21: warn: [definite-assignment] v may be used before it is assigned [variable declared here: test.ghul: 50,17..50,18]
test.ghul: 66,20..66,21: warn: [definite-assignment] v may be used before it is assigned [variable declared here: test.ghul: 61,17..61,18]
test.ghul: 73,20..73,21: warn: [definite-assignment] n may be used before it is assigned [variable declared here: test.ghul: 71,17..71,18]
