test.ghul: 23,18..23,23: warn: [definite-assignment] v may be used before it is assigned
test.ghul: 55,20..55,21: warn: [definite-assignment] v may be used before it is assigned
test.ghul: 66,20..66,21: warn: [definite-assignment] v may be used before it is assigned
test.ghul: 73,20..73,21: warn: [definite-assignment] n may be used before it is assigned
