test.ghul: 29,9..29,19: warn: Test.DERIVED.add_things(things: LIST[ANIMAL]) -> Ghul.void hides Test.BASE.add_things(things: List[ANIMAL]) -> Ghul.void due to narrower argument types
test.ghul: 34,9..34,14: warn: Test.DERIVED.greet(a: CAT) -> Ghul.string hides Test.BASE.greet(a: ANIMAL) -> Ghul.string due to narrower argument types
