test.ghul: 29,9..29,19: warn: [likely-override-mismatch] DERIVED.add_things(things: LIST[ANIMAL]) -> void hides BASE.add_things(things: List[ANIMAL]) -> void due to narrower argument types
test.ghul: 34,9..34,14: warn: [likely-override-mismatch] DERIVED.greet(a: CAT) -> string hides BASE.greet(a: ANIMAL) -> string due to narrower argument types
