test.ghul: 39,5..39,18: error: hides public assign accessor for BasePublic.auto_property: Ghul.int
test.ghul: 41,5..41,24: error: hides public assign accessor for BasePublic.assignable_property: Ghul.int
test.ghul: 46,5..46,18: error: does not override public assign accessor for BasePublic.auto_property: Ghul.int
test.ghul: 51,5..51,24: error: does not override public assign accessor for BasePublic.assignable_property: Ghul.int
