expect true: 100 < 200: true
expect false: 100 < 100: false
expect false: 100 < 50: false
expect true: 100 <= 200: true
expect true: 100 <= 100: true
expect false: 100 <= 50: false
expect true: 200 > 100: true
expect false: 100 > 100: false
expect false: 50 > 10: false
expect true: 200 >= 100L: true
expect true: 100 >= 100L: true
expect false: 50 >= 10L: false
expect true: 100L < 200L: true
expect false: 100L < 100L: false
expect false: 100L < 50L: false
expect true: 100L <= 200L: true
expect true: 100L <= 100L: true
expect false: 100L <= 50L: false
expect true: 200L > 100L: true
expect false: 100L > 100L: false
expect false: 50L > 10L: false
expect true: 200L >= 100L: true
expect true: 100L >= 100L: true
expect false: 50L >= 10L: false
