test.ghul: 38,15..38,17: error: in definition: expected @, [, class, enum, identifier, namespace, operator, struct, trait or use but found is
test.ghul: 38,15..38,17: error: in member: expected :, ;, = or => but found is
test.ghul: 38,5..38,14: error: syntax error: expected is but found identifier ICS_STATE
