test.ghul: 27,11..27,23: error: must implement Test.Other.do_other_stuff(to_thing: String) -> Ghul.void
test.ghul: 27,11..27,23: error: must implement Test.Stuff.do_other_stuff(to_thing: int) -> Ghul.void
test.ghul: 27,11..27,23: error: must implement Test.Stuff.do_stuff() -> Ghul.void
test.ghul: 32,11..32,25: error: must implement Test.Other.do_other_stuff(to_thing: String) -> Ghul.void
test.ghul: 32,11..32,25: error: must implement Test.Stuff.do_stuff() -> Ghul.void
test.ghul: 37,11..37,31: error: must implement Test.Other.do_other_stuff(to_thing: String) -> Ghul.void
test.ghul: 37,11..37,31: error: must implement Test.Stuff.do_other_stuff(to_thing: int) -> Ghul.void
test.ghul: 37,11..37,31: error: must implement Test.Stuff.do_stuff() -> Ghul.void
