test.ghul: 26,13..26,15: error: incompatible types in if branches: Ghul.string and Ghul.int
test.ghul: 30,13..30,23: error: expected a value
test.ghul: 38,13..38,23: error: expected a value
test.ghul: 44,13..44,23: error: expected a value
test.ghul: 46,13..46,14: error: incompatible types in if branches: Ghul.string and Ghul.int
test.ghul: 54,13..54,23: error: expected a value
