test.ghul: 24,31..24,38: warn: [null-deref] receiver may not hold a value here
test.ghul: 27,31..27,37: warn: [null-deref] receiver may not hold a value here
test.ghul: 31,31..31,36: warn: [null-deref] maybe may not hold a value here
test.ghul: 42,33..42,36: warn: [null-deref] receiver may not hold a value here
