Running test: Calling Test[string]("hello").test_instance_with_closure("hello")
test_instance_with_closure blah(hello) => hello
Running test: Calling Test[string]("hello").test_generic_class_static_method_capture_class_type_argument_indirectly_via_type_expression()
test_generic_class_static_method_capture_class_type_argument_indirectly_via_type_expression blah() => System.Collections.Generic.List`1[System.String]
Running test: Calling Test[string]("hello").test_generic_class_instance_method_capture_class_type_argument_implicitly_via_method_argument("hello")
test_generic_class_instance_method_capture_class_type_argument_implicitly_via_method_argument t = hello; blah() => hello
Running test: Calling Test[string]("hello").test_generic_class_instance_method_capture_class_type_argument_implicitly_via_instance_property()
test_generic_class_instance_method_capture_class_type_argument_implicitly_via_instance_property tt = hello; blah() => hello
Running test: Calling Test[string]("hello").test_generic_class_instance_method_capture_class_type_argument_indirectly_via_type_expression()
test_generic_class_instance_method_capture_class_type_argument_indirectly_via_type_expression blah() => System.Collections.Generic.List`1[System.String]
Running test: Calling Test[string]("hello").test_generic_class_instance_method_capture_class_type_argument_indirectly_via_self()
test_generic_class_instance_method_capture_class_type_argument_indirectly_via_self self = anon_function_generic_instance__test.Test[System.String](tt = hello); blah() => anon_function_generic_instance__test.Test[System.String](tt = hello)
Running test: Calling Test[string]("hello").test_generic_class_instance_method_capture_class_type_argument_indirectly_via_rec()
test_generic_class_instance_method_capture_class_type_argument_indirectly_via_self blah() => 0
Running test: Calling Test[string]("hello").test_generic_class_instance_generic_method_capture_class_type_argument_implicitly_via_method_argument("hello", 1234)
test_generic_class_instance_generic_method_capture_class_type_argument_implicitly_via_method_argument t = hello, u = 1234; blah() => hello
Running test: Calling Test[string]("hello").test_generic_class_instance_generic_method_capture_method_type_argument_implicitly_via_method_argument("hello", 1234)
test_generic_class_instance_generic_method_capture_method_type_argument_implicitly_via_method_argument t = hello, u = 1234; blah() => 1234
