test.ghul: 37,20..41,7: warn: [impure-function-value] cannot prove this value is store-free where a pure function type is expected
test.ghul: 48,16..52,7: warn: [impure-function-value] cannot prove this value is store-free where a pure function type is expected
test.ghul: 59,17..59,68: warn: [impure-function-value] cannot prove this argument is store-free where a pure function type is expected
test.ghul: 62,42..66,7: warn: [impure-function-value] cannot prove this value is store-free where a pure function type is expected
test.ghul: 73,12..77,7: warn: [impure-function-value] cannot prove this value is store-free where a pure function type is expected
