test.ghul: 35,20..39,7: warn: [impure-function-value] cannot prove this value is store-free where a pure function type is expected
test.ghul: 46,16..50,7: warn: [impure-function-value] cannot prove this value is store-free where a pure function type is expected
test.ghul: 57,17..57,68: warn: [impure-function-value] cannot prove this argument is store-free where a pure function type is expected
