test.ghul: 15,24..15,126: error: no static overload found for once_1(int -> (int, int) -> Tasks.TASK[int] pure), tried Grid.once_1[T..,U](make: int -> T.. -> U) -> T -> U
test.ghul: 15,69..15,126: error: cannot return value of type ((int, int)) -> Tasks.TASK[int] pure where (int, int) -> Tasks.TASK[int] expected
