will call Base().method()...
---- Base.Method()
Base: from Base.Method()

will call Derived().method()...
>>>> OverrideSameReturnType.Method()
---- Base.Method()
<<<< OverrideSameReturnType.Method()
OverrideSameReturnType: from Base.Method() via OverrideSameReturnType.Method()

will call NewSameReturnType().method()...
---- NewSameReturnType.Method()
NewSameReturnType: from NewSameReturnType.Method()

will call NewVirtualSameReturnType().method()...
---- NewVirtualSameReturnType.Method()
NewVirtualSameReturnType: from NewVirtualSameReturnType.Method()

will call OverrideCovariantReturnType().method()...
>>>> OverrideCovariantReturnType.Method()
---- Base.Method()
<<<< OverrideCovariantReturnType.Method()
OverrideCovariantReturnType: from Base.Method() via OverrideCovariantReturnType.Method()

will call NewCovariantReturnType().method()...
---- NewCovariantReturnType.Method()
NewCovariantReturnType: from NewCovariantReturnType.Method()

will call NewVirtualCovariantReturnType().method()...
---- NewVirtualCovariantReturnType.Method()
NewVirtualCovariantReturnType: from NewVirtualCovariantReturnType.Method()

