test.ghul: 11,33..11,35: error: syntax error: incomplete return type
test.ghul: 31,21..31,33: error: no static overload found for test_incomplete(Ghul.string, Ghul.string), tried incomplete_function_signature_9__test.test_incomplete(a: int, b: int) -> Ghul.void
test.ghul: 39,18..39,43: error: cannot use void value here
