test.ghul: 39,9..39,21: warn: [field-definite-assignment] thing is not assigned on every path out of this constructor
test.ghul: 46,9..50,11: warn: [field-definite-assignment] thing is not assigned on every path out of this constructor
test.ghul: 62,9..64,11: warn: [field-definite-assignment] thing is not assigned on every path out of this constructor
