test.ghul: 119,9..119,14: warn: [field-definite-assignment] first is not assigned on every path out of this constructor
test.ghul: 120,9..120,15: warn: [field-definite-assignment] second is not assigned on every path out of this constructor
test.ghul: 122,9..122,13: warn: [field-definite-assignment] second is not assigned on every path out of this constructor
test.ghul: 126,9..126,13: warn: [field-definite-assignment] first is not assigned on every path out of this constructor
test.ghul: 139,9..139,14: warn: [field-definite-assignment] thing is not assigned on every path out of this constructor
test.ghul: 141,9..141,13: warn: [field-definite-assignment] thing is not assigned on every path out of this constructor
test.ghul: 153,9..153,14: warn: [field-definite-assignment] thing is not assigned on every path out of this constructor
test.ghul: 155,9..155,13: warn: [field-definite-assignment] thing is not assigned on every path out of this constructor
test.ghul: 21,9..21,14: warn: [field-definite-assignment] thing is not assigned on every path out of this constructor
test.ghul: 23,9..23,13: warn: [field-definite-assignment] thing is not assigned on every path out of this constructor
test.ghul: 49,9..49,14: warn: [field-definite-assignment] thing is not assigned on every path out of this constructor
test.ghul: 51,9..51,13: warn: [field-definite-assignment] thing is not assigned on every path out of this constructor
test.ghul: 56,9..56,14: warn: [field-definite-assignment] thing is not assigned on every path out of this constructor
test.ghul: 58,9..58,13: warn: [field-definite-assignment] thing is not assigned on every path out of this constructor
test.ghul: 72,9..72,14: warn: [field-definite-assignment] thing is not assigned on every path out of this constructor
test.ghul: 74,9..74,13: warn: [field-definite-assignment] thing is not assigned on every path out of this constructor
