test.ghul: 122,9..124,11: warn: [field-definite-assignment] second is not assigned on every path out of this constructor
test.ghul: 126,9..128,11: warn: [field-definite-assignment] first is not assigned on every path out of this constructor
test.ghul: 141,9..143,11: warn: [field-definite-assignment] thing is not assigned on every path out of this constructor
test.ghul: 155,9..157,11: warn: [field-definite-assignment] thing is not assigned on every path out of this constructor
test.ghul: 23,9..27,11: warn: [field-definite-assignment] thing is not assigned on every path out of this constructor
test.ghul: 51,9..51,21: warn: [field-definite-assignment] thing is not assigned on every path out of this constructor
test.ghul: 58,9..62,11: warn: [field-definite-assignment] thing is not assigned on every path out of this constructor
test.ghul: 74,9..76,11: warn: [field-definite-assignment] thing is not assigned on every path out of this constructor
