testing try finally
Check created
Hello World!
disposing Check...
disposed Check
finished try finally
testing let use
Check created
Hello World!
finished let use
disposing Check...
disposed Check
verify dispose definitely called
Test created
Check created
finished verify dispose definitely called
disposing Check...
disposed Check
disposing Test...
disposing Test: disposing True disposed False...
disposing managed resource...
mark as disposed done
disposing Test done
suppresing finalize...
disposed Test
