ldarg.0
ldarg 't'
callvirt instance void class 'Test'.TEST<!0,!1>::'$set_t'(!0)
ldarg.0
ldarg 'u'
callvirt instance void class 'Test'.TEST<!0,!1>::'$set_u'(!1)
ldarg.0
callvirt instance !0 class 'Test'.'TEST'<!0,!1>::'$get_t'()
ret
ldarg.0
callvirt instance !1 class 'Test'.'TEST'<!0,!1>::'$get_u'()
ret
