ldarg.0
ldarg 't'
callvirt instance void class 'Test'.TEST`2<!0,!1>::'__assign_t'(!0)
ldarg.0
ldarg 'u'
callvirt instance void class 'Test'.TEST`2<!0,!1>::'__assign_u'(!1)
ldarg.0
callvirt instance !0 class 'Test'.'TEST`2'<!0,!1>::'__read_t'()
ret
ldarg.0
callvirt instance !1 class 'Test'.'TEST`2'<!0,!1>::'__read_u'()
ret
