init int: 123
init String: hello
init char: x
method int: 123
method String: hello
method char: x
method int: 123
method String: hello
method char: x
method int: 123
method String: hello
method char: x
method x int: 123
method x String: hello
method x char: x
method y int: 123
method y String: hello
method y char: x
