.locals init (class ['ghul-runtime']'Ghul'.'Pipes'.'Pipe' <int32 > 'a.0')
ldc.i4 3
call class ['ghul-runtime']'Ghul'.'Pipes'.'Pipe' <int32 > class 'Test'.'Main' ::'nums'(int32 )
ldc.i4 2
callvirt instance class ['ghul-runtime']'Ghul'.'Pipes'.'Pipe' <!0 > class ['ghul-runtime']'Ghul'.'Pipes'.'Pipe' <int32 > ::'take'(int32 )
stloc 'a.0'
.locals init (class ['ghul-runtime']'Ghul'.'Pipes'.'Pipe' <int32 > 'b.1')
ldc.i4 3
newarr int32 
dup
ldc.i4 0
ldc.i4 1
stelem int32 
dup
ldc.i4 1
ldc.i4 2
stelem int32 
dup
ldc.i4 2
ldc.i4 3
stelem int32 
call class ['ghul-runtime']'Ghul'.'Pipes'.'Pipe' <!!0 > ['ghul-runtime']'Ghul'.'Pipes'.'$globals'::'pipe'<int32 >(class ['System.Runtime']'System'.'Collections'.'Generic'.'IEnumerable`1' <!!0 > )
ldc.i4 2
callvirt instance class ['ghul-runtime']'Ghul'.'Pipes'.'Pipe' <!0 > class ['ghul-runtime']'Ghul'.'Pipes'.'Pipe' <int32 > ::'take'(int32 )
stloc 'b.1'
