.class public auto ansi beforefieldinit Test.Main
       extends [System.Runtime]System.Object
{
  .custom instance void ['ghul-runtime']Ghul.Internal.CLOSED_ATTRIBUTE::.ctor() = ( 01 00 00 00 ) 
  .method public hidebysig static void  entry() cil managed
  {
    .entrypoint
    // Code size       122 (0x7a)
    .maxstack  64
    .locals init (class ['ghul-runtime']Ghul.Pipes.Pipe<int32> V_0,
             class ['ghul-runtime']Ghul.Pipes.Pipe<int32> V_1,
             valuetype [System.Runtime]System.Runtime.CompilerServices.DefaultInterpolatedStringHandler V_2,
             valuetype [System.Runtime]System.Runtime.CompilerServices.DefaultInterpolatedStringHandler V_3)
    IL_0000:  ldc.i4.3
    IL_0001:  call       class ['ghul-runtime']Ghul.Pipes.Pipe<int32> Test.Main::nums(int32)
    IL_0006:  ldc.i4.2
    IL_0007:  callvirt   instance class ['ghul-runtime']Ghul.Pipes.Pipe<!0> class ['ghul-runtime']Ghul.Pipes.Pipe<int32>::take(int32)
    IL_000c:  stloc.0
    IL_000d:  ldc.i4.3
    IL_000e:  newarr     int32
    IL_0013:  dup
    IL_0014:  ldc.i4.0
    IL_0015:  ldc.i4.1
    IL_0016:  stelem     int32
    IL_001b:  dup
    IL_001c:  ldc.i4.1
    IL_001d:  ldc.i4.2
    IL_001e:  stelem     int32
    IL_0023:  dup
    IL_0024:  ldc.i4.2
    IL_0025:  ldc.i4.3
    IL_0026:  stelem     int32
    IL_002b:  call       class ['ghul-runtime']Ghul.Pipes.Pipe<!!0> ['ghul-runtime']Ghul.Pipes.$globals::pipe<int32>(class [System.Runtime]System.Collections.Generic.IEnumerable`1<!!0>)
    IL_0030:  ldc.i4.2
    IL_0031:  callvirt   instance class ['ghul-runtime']Ghul.Pipes.Pipe<!0> class ['ghul-runtime']Ghul.Pipes.Pipe<int32>::take(int32)
    IL_0036:  stloc.1
    IL_0037:  call       class [System.Runtime]System.IO.TextWriter [System.Console]System.Console::get_Out()
    IL_003c:  ldc.i4.0
    IL_003d:  ldc.i4.1
    IL_003e:  newobj     instance void [System.Runtime]System.Runtime.CompilerServices.DefaultInterpolatedStringHandler::.ctor(int32,
                                                                                                                               int32)
    IL_0043:  stloc.2
    IL_0044:  ldloca.s   V_2
    IL_0046:  ldloc.0
    IL_0047:  call       instance void [System.Runtime]System.Runtime.CompilerServices.DefaultInterpolatedStringHandler::AppendFormatted<class ['ghul-runtime']Ghul.Pipes.Pipe<int32>>(!!0)
    IL_004c:  ldloca.s   V_2
    IL_004e:  call       instance string [System.Runtime]System.Runtime.CompilerServices.DefaultInterpolatedStringHandler::ToStringAndClear()
    IL_0053:  callvirt   instance void [System.Runtime]System.IO.TextWriter::WriteLine(string)
    IL_0058:  call       class [System.Runtime]System.IO.TextWriter [System.Console]System.Console::get_Out()
    IL_005d:  ldc.i4.0
    IL_005e:  ldc.i4.1
    IL_005f:  newobj     instance void [System.Runtime]System.Runtime.CompilerServices.DefaultInterpolatedStringHandler::.ctor(int32,
                                                                                                                               int32)
    IL_0064:  stloc.3
    IL_0065:  ldloca.s   V_3
    IL_0067:  ldloc.1
    IL_0068:  call       instance void [System.Runtime]System.Runtime.CompilerServices.DefaultInterpolatedStringHandler::AppendFormatted<class ['ghul-runtime']Ghul.Pipes.Pipe<int32>>(!!0)
    IL_006d:  ldloca.s   V_3
    IL_006f:  call       instance string [System.Runtime]System.Runtime.CompilerServices.DefaultInterpolatedStringHandler::ToStringAndClear()
    IL_0074:  callvirt   instance void [System.Runtime]System.IO.TextWriter::WriteLine(string)
    IL_0079:  ret
  } // end of method Main::entry

} // end of class Test.Main

// *********** DISASSEMBLY COMPLETE ***********************
