test.ghul: 39,11..39,26: error: must implement Test.Stuff.do_stuff() -> Ghul.void
test.ghul: 42,11..42,26: error: must implement Test.Other.do_other_stuff(to_thing: int) -> Ghul.void
test.ghul: 42,11..42,26: error: must implement Test.Other.do_other_stuff(to_thing: string) -> Ghul.void
test.ghul: 45,11..45,35: error: must implement Test.Other.do_other_stuff(to_thing: int) -> Ghul.void
test.ghul: 45,11..45,35: error: must implement Test.Other.do_other_stuff(to_thing: string) -> Ghul.void
test.ghul: 45,11..45,35: error: must implement Test.Stuff.do_stuff() -> Ghul.void
test.ghul: 49,11..49,25: error: must implement Test.Other.do_other_stuff(to_thing: string) -> Ghul.void
test.ghul: 49,11..49,25: error: must implement Test.Stuff.do_stuff() -> Ghul.void
test.ghul: 53,11..53,31: error: must implement Test.Other.do_other_stuff(to_thing: int) -> Ghul.void
test.ghul: 53,11..53,31: error: must implement Test.Other.do_other_stuff(to_thing: string) -> Ghul.void
test.ghul: 53,11..53,31: error: must implement Test.Stuff.do_stuff() -> Ghul.void
