test.ghul: 12,5..12,21: error: init modifier is only valid on a primary constructor parameter
test.ghul: 19,5..19,21: error: init modifier is only valid on a primary constructor parameter
test.ghul: 4,20..4,26: error: init modifier cannot combine with visibility modifiers
test.ghul: 7,9..7,25: error: init modifier cannot combine with a _-prefixed parameter name
