header only, same: equal True, same hash True
header only, differ: equal False, same hash False
own and header, same: equal True, same hash True
own same, header differs: equal False, same hash False
own differs, header same: equal False, same hash False
different variants: equal False, same hash False
private header, same: equal True, same hash True
private header differs: equal False, same hash False
public header differs: equal False, same hash False
private differs beside own: equal False, same hash False
distinct in a set: 2
