header only, same: equal true, same hash true
header only, differ: equal false, same hash false
own and header, same: equal true, same hash true
own same, header differs: equal false, same hash false
own differs, header same: equal false, same hash false
different variants: equal false, same hash false
private header, same: equal true, same hash true
private header differs: equal false, same hash false
public header differs: equal false, same hash false
private differs beside own: equal false, same hash false
distinct in a set: 2
