run test: ADAPTOR_PIPE_SHOULD.count_empty_array_returns_zero
expect_equal: 0 == 0
finished: ADAPTOR_PIPE_SHOULD.count_empty_array_returns_zero

run test: ADAPTOR_PIPE_SHOULD.count_non_empty_array_returns_element_count
expect_equal: 5 == 5
finished: ADAPTOR_PIPE_SHOULD.count_non_empty_array_returns_element_count

run test: ADAPTOR_PIPE_SHOULD.iterator_returns_correct_elements
expect_equal: a, b, c == a, b, c
finished: ADAPTOR_PIPE_SHOULD.iterator_returns_correct_elements

run test: ADAPTOR_PIPE_SHOULD.iterator_returns_self
expect_equal: a, b, c == a, b, c
finished: ADAPTOR_PIPE_SHOULD.iterator_returns_self

run test: ADAPTOR_PIPE_SHOULD.pipe_from_array_returns_instance_of_adaptor_pipe
expect_equal: Ghul.Pipes.ADAPTOR_PIPE[System.Int32] == Ghul.Pipes.ADAPTOR_PIPE[System.Int32]
finished: ADAPTOR_PIPE_SHOULD.pipe_from_array_returns_instance_of_adaptor_pipe

run test: CAT_PIPE_SHOULD.cat_chained_calls_count_returns_sum_of_all_counts
expect_equal: 10 == 10
finished: CAT_PIPE_SHOULD.cat_chained_calls_count_returns_sum_of_all_counts

run test: CAT_PIPE_SHOULD.cat_chained_calls_returns_concatenation_of_all_inputs
3, 4, 5, 1, 2, 1, 2, 3, 4, 5
expect_equal: 3, 4, 5, 1, 2, 1, 2, 3, 4, 5 == 3, 4, 5, 1, 2, 1, 2, 3, 4, 5
finished: CAT_PIPE_SHOULD.cat_chained_calls_returns_concatenation_of_all_inputs

run test: CAT_PIPE_SHOULD.cat_empty_plus_non_empty_returns_second_sequence
expect_equal: 1, 2, 3, 4, 5 == 1, 2, 3, 4, 5
finished: CAT_PIPE_SHOULD.cat_empty_plus_non_empty_returns_second_sequence

run test: CAT_PIPE_SHOULD.cat_empty_sequences_returns_empty_sequence
expect_equal:  == 
finished: CAT_PIPE_SHOULD.cat_empty_sequences_returns_empty_sequence

run test: CAT_PIPE_SHOULD.cat_non_empty_plus_empty_returns_first_sequence
expect_equal: 1, 2, 3, 4, 5 == 1, 2, 3, 4, 5
finished: CAT_PIPE_SHOULD.cat_non_empty_plus_empty_returns_first_sequence

run test: CAT_PIPE_SHOULD.cat_non_empty_plus_non_empty_returns_both_sequences_in_order
expect_equal: 1, 2, 3, 4, 5, 6, 7, 8, 9, 10 == 1, 2, 3, 4, 5, 6, 7, 8, 9, 10
finished: CAT_PIPE_SHOULD.cat_non_empty_plus_non_empty_returns_both_sequences_in_order

run test: FILTER_PIPE_SHOULD.count_always_true_predicate_returns_element_count
expect_equal: 4 == 4
finished: FILTER_PIPE_SHOULD.count_always_true_predicate_returns_element_count

run test: FILTER_PIPE_SHOULD.count_empty_list_returns_zero
expect_equal: 0 == 0
finished: FILTER_PIPE_SHOULD.count_empty_list_returns_zero

run test: FILTER_PIPE_SHOULD.filter_called_twice_returns_only_elements_that_match_both_predicates
expect_equal: 4, 6, 8 == 4, 6, 8
finished: FILTER_PIPE_SHOULD.filter_called_twice_returns_only_elements_that_match_both_predicates

run test: FILTER_PIPE_SHOULD.filter_consecutive_non_matching_values_are_removed
expect_equal: 3, 4, 5, 3, 4, 5 == 3, 4, 5, 3, 4, 5
finished: FILTER_PIPE_SHOULD.filter_consecutive_non_matching_values_are_removed

run test: FILTER_PIPE_SHOULD.filter_leading_non_matching_values_are_removed
expect_equal: 3, 4, 5, 6, 7 == 3, 4, 5, 6, 7
finished: FILTER_PIPE_SHOULD.filter_leading_non_matching_values_are_removed

run test: FILTER_PIPE_SHOULD.filter_non_consecutive_non_matching_values_are_removed
expect_equal: 3, 4, 5, 3, 4, 5 == 3, 4, 5, 3, 4, 5
finished: FILTER_PIPE_SHOULD.filter_non_consecutive_non_matching_values_are_removed

run test: FILTER_PIPE_SHOULD.filter_trailing_non_matching_values_are_removed
expect_equal: 7, 6, 5, 4, 3 == 7, 6, 5, 4, 3
finished: FILTER_PIPE_SHOULD.filter_trailing_non_matching_values_are_removed

run test: FILTER_PIPE_SHOULD.iterator_always_true_predicate_result_equals_input
finished: FILTER_PIPE_SHOULD.iterator_always_true_predicate_result_equals_input

run test: FILTER_PIPE_SHOULD.iterator_returns_self
expect_equal: a, b, c == a, b, c
finished: FILTER_PIPE_SHOULD.iterator_returns_self

run test: INDEX_PIPE_SHOULD.index_empty_array_returns_empty_sequence
expect_equal:  == 
finished: INDEX_PIPE_SHOULD.index_empty_array_returns_empty_sequence

run test: INDEX_PIPE_SHOULD.index_multiple_elements_negative_initial_index_returns_expected_sequence
expect_equal: (-3,3), (-2,4), (-1,1), (0,5), (1,2), (2,3), (3,1), (4,4), (5,5) == (-3,3), (-2,4), (-1,1), (0,5), (1,2), (2,3), (3,1), (4,4), (5,5)
finished: INDEX_PIPE_SHOULD.index_multiple_elements_negative_initial_index_returns_expected_sequence

run test: INDEX_PIPE_SHOULD.index_multiple_elements_positive_initial_index_returns_expected_sequence
expect_equal: (3,3), (4,4), (5,1), (6,5), (7,2), (8,3), (9,1), (10,4), (11,5) == (3,3), (4,4), (5,1), (6,5), (7,2), (8,3), (9,1), (10,4), (11,5)
finished: INDEX_PIPE_SHOULD.index_multiple_elements_positive_initial_index_returns_expected_sequence

run test: INDEX_PIPE_SHOULD.index_multiple_elements_returns_expected_sequence
expect_equal: (0,3), (1,4), (2,1), (3,5), (4,2), (5,3), (6,1), (7,4), (8,5) == (0,3), (1,4), (2,1), (3,5), (4,2), (5,3), (6,1), (7,4), (8,5)
finished: INDEX_PIPE_SHOULD.index_multiple_elements_returns_expected_sequence

run test: INDEX_PIPE_SHOULD.indexed_value_to_string_returns_index_and_value_in_parentheses
expect_equal: (1234,ABCD) == (1234,ABCD)
finished: INDEX_PIPE_SHOULD.indexed_value_to_string_returns_index_and_value_in_parentheses

run test: MAP_PIPE_SHOULD.map_called_twice_applies_both_functions_to_every_element_in_correct_order
expect_equal: 1-first-second, 2-first-second, 3-first-second, 4-first-second, 5-first-second, 6-first-second == 1-first-second, 2-first-second, 3-first-second, 4-first-second, 5-first-second, 6-first-second
finished: MAP_PIPE_SHOULD.map_called_twice_applies_both_functions_to_every_element_in_correct_order

run test: MAP_PIPE_SHOULD.map_empty_array_returns_empty_sequence
expect_equal:  == 
finished: MAP_PIPE_SHOULD.map_empty_array_returns_empty_sequence

run test: MAP_PIPE_SHOULD.map_ints_to_strings_returns_expected_sequence
expect_equal: 3, 4, 1, 5, 2, 3, 1, 4, 5 == 3, 4, 1, 5, 2, 3, 1, 4, 5
finished: MAP_PIPE_SHOULD.map_ints_to_strings_returns_expected_sequence

run test: PIPE_OPERATOR_SHOULD.append_to_called_twice_appends_string_representation_of_all_elements_twice
finished: PIPE_OPERATOR_SHOULD.append_to_called_twice_appends_string_representation_of_all_elements_twice

run test: PIPE_OPERATOR_SHOULD.append_to_with_no_separator_argument_appends_string_representation_of_all_elements_separated_with_a_comma_and_space
finished: PIPE_OPERATOR_SHOULD.append_to_with_no_separator_argument_appends_string_representation_of_all_elements_separated_with_a_comma_and_space

run test: PIPE_OPERATOR_SHOULD.append_to_with_separator_argument_appends_string_representation_of_all_elements_separated_with_that_separator
finished: PIPE_OPERATOR_SHOULD.append_to_with_separator_argument_appends_string_representation_of_all_elements_separated_with_that_separator

run test: PIPE_OPERATOR_SHOULD.pipe_filter_then_filter_returns_only_elements_that_match_both_predicates
finished: PIPE_OPERATOR_SHOULD.pipe_filter_then_filter_returns_only_elements_that_match_both_predicates

run test: PIPE_OPERATOR_SHOULD.pipe_filter_then_index_applies_new_indexes
finished: PIPE_OPERATOR_SHOULD.pipe_filter_then_index_applies_new_indexes

run test: PIPE_OPERATOR_SHOULD.pipe_filter_then_skip_returns_filtered_tail_sequence
finished: PIPE_OPERATOR_SHOULD.pipe_filter_then_skip_returns_filtered_tail_sequence

run test: PIPE_OPERATOR_SHOULD.pipe_filter_then_take_returns_filtered_head_sequence
finished: PIPE_OPERATOR_SHOULD.pipe_filter_then_take_returns_filtered_head_sequence

run test: PIPE_OPERATOR_SHOULD.pipe_find_empty_sequence_returns_maybe_not
finished: PIPE_OPERATOR_SHOULD.pipe_find_empty_sequence_returns_maybe_not

run test: PIPE_OPERATOR_SHOULD.pipe_find_multiple_matching_element_returns_first_matching_element
finished: PIPE_OPERATOR_SHOULD.pipe_find_multiple_matching_element_returns_first_matching_element

run test: PIPE_OPERATOR_SHOULD.pipe_find_non_empty_sequence_but_no_match_returns_maybe_not
finished: PIPE_OPERATOR_SHOULD.pipe_find_non_empty_sequence_but_no_match_returns_maybe_not

run test: PIPE_OPERATOR_SHOULD.pipe_find_single_matching_element_returns_that_element
finished: PIPE_OPERATOR_SHOULD.pipe_find_single_matching_element_returns_that_element

run test: PIPE_OPERATOR_SHOULD.pipe_first_empty_sequence_returns_maybe_not
finished: PIPE_OPERATOR_SHOULD.pipe_first_empty_sequence_returns_maybe_not

run test: PIPE_OPERATOR_SHOULD.pipe_has_no_elements_returns_false
finished: PIPE_OPERATOR_SHOULD.pipe_has_no_elements_returns_false

run test: PIPE_OPERATOR_SHOULD.pipe_has_some_elements_but_none_match_returns_false
finished: PIPE_OPERATOR_SHOULD.pipe_has_some_elements_but_none_match_returns_false

run test: PIPE_OPERATOR_SHOULD.pipe_has_some_elements_multiple_matches_returns_true
finished: PIPE_OPERATOR_SHOULD.pipe_has_some_elements_multiple_matches_returns_true

run test: PIPE_OPERATOR_SHOULD.pipe_has_some_elements_one_matches_returns_true
finished: PIPE_OPERATOR_SHOULD.pipe_has_some_elements_one_matches_returns_true

run test: PIPE_OPERATOR_SHOULD.pipe_index_then_filter_retains_original_indexes
finished: PIPE_OPERATOR_SHOULD.pipe_index_then_filter_retains_original_indexes

run test: PIPE_OPERATOR_SHOULD.pipe_index_then_skip_starts_indexing_from_correct_offset
finished: PIPE_OPERATOR_SHOULD.pipe_index_then_skip_starts_indexing_from_correct_offset

run test: PIPE_OPERATOR_SHOULD.pipe_index_then_take_starts_indexing_from_zero
finished: PIPE_OPERATOR_SHOULD.pipe_index_then_take_starts_indexing_from_zero

run test: PIPE_OPERATOR_SHOULD.pipe_map_then_map_applies_both_functions_to_every_element_in_correct_order
finished: PIPE_OPERATOR_SHOULD.pipe_map_then_map_applies_both_functions_to_every_element_in_correct_order

run test: PIPE_OPERATOR_SHOULD.pipe_map_then_skip_returns_mapped_tail_sequence
finished: PIPE_OPERATOR_SHOULD.pipe_map_then_skip_returns_mapped_tail_sequence

run test: PIPE_OPERATOR_SHOULD.pipe_map_then_take_returns_mapped_head_sequence
finished: PIPE_OPERATOR_SHOULD.pipe_map_then_take_returns_mapped_head_sequence

run test: PIPE_OPERATOR_SHOULD.pipe_mapped_running
finished: PIPE_OPERATOR_SHOULD.pipe_mapped_running

run test: PIPE_OPERATOR_SHOULD.pipe_running
finished: PIPE_OPERATOR_SHOULD.pipe_running

run test: PIPE_OPERATOR_SHOULD.pipe_skip_then_filter_returns_filtered_tail_sequence
finished: PIPE_OPERATOR_SHOULD.pipe_skip_then_filter_returns_filtered_tail_sequence

run test: PIPE_OPERATOR_SHOULD.pipe_skip_then_first_returns_correct_element
expect_equal: 6 == 6
finished: PIPE_OPERATOR_SHOULD.pipe_skip_then_first_returns_correct_element

run test: PIPE_OPERATOR_SHOULD.pipe_skip_then_index_starts_indexing_from_zero
finished: PIPE_OPERATOR_SHOULD.pipe_skip_then_index_starts_indexing_from_zero

run test: PIPE_OPERATOR_SHOULD.pipe_skip_then_map_returns_mapped_tail_sequence
finished: PIPE_OPERATOR_SHOULD.pipe_skip_then_map_returns_mapped_tail_sequence

run test: PIPE_OPERATOR_SHOULD.pipe_take_then_filter_returns_filtered_head_sequence
finished: PIPE_OPERATOR_SHOULD.pipe_take_then_filter_returns_filtered_head_sequence

run test: PIPE_OPERATOR_SHOULD.pipe_take_then_first_returns_first_element
finished: PIPE_OPERATOR_SHOULD.pipe_take_then_first_returns_first_element

run test: PIPE_OPERATOR_SHOULD.pipe_take_then_index_starts_indexing_from_zero
finished: PIPE_OPERATOR_SHOULD.pipe_take_then_index_starts_indexing_from_zero

run test: PIPE_OPERATOR_SHOULD.pipe_take_then_map_returns_mapped_head_sequence
finished: PIPE_OPERATOR_SHOULD.pipe_take_then_map_returns_mapped_head_sequence

run test: PIPE_OPERATOR_SHOULD.sort_called_twice_sorts_in_last_comparer_order
finished: PIPE_OPERATOR_SHOULD.sort_called_twice_sorts_in_last_comparer_order

run test: PIPE_OPERATOR_SHOULD.sort_enumerated_twice_returns_same_result_both_times
finished: PIPE_OPERATOR_SHOULD.sort_enumerated_twice_returns_same_result_both_times

run test: PIPE_OPERATOR_SHOULD.sort_given_compare_function_sorts_in_compare_function_order
finished: PIPE_OPERATOR_SHOULD.sort_given_compare_function_sorts_in_compare_function_order

run test: PIPE_OPERATOR_SHOULD.sort_given_comparer_sorts_in_comparer_order
finished: PIPE_OPERATOR_SHOULD.sort_given_comparer_sorts_in_comparer_order

run test: PIPE_OPERATOR_SHOULD.sort_no_comparer_sorts_in_default_order
finished: PIPE_OPERATOR_SHOULD.sort_no_comparer_sorts_in_default_order

run test: PIPE_OPERATOR_SHOULD.to_string_called_twice_returns_string_representation_of_all_elements
finished: PIPE_OPERATOR_SHOULD.to_string_called_twice_returns_string_representation_of_all_elements

run test: PIPE_OPERATOR_SHOULD.to_string_with_no_separator_argument_returns_string_representation_of_all_elements_separated_with_a_comma_and_space
finished: PIPE_OPERATOR_SHOULD.to_string_with_no_separator_argument_returns_string_representation_of_all_elements_separated_with_a_comma_and_space

run test: PIPE_OPERATOR_SHOULD.to_string_with_separator_argument_returns_string_representation_of_all_elements_separated_with_that_separator
finished: PIPE_OPERATOR_SHOULD.to_string_with_separator_argument_returns_string_representation_of_all_elements_separated_with_that_separator

run test: PIPE_SHOULD.append_to_called_twice_appends_string_representation_of_all_elements_twice
finished: PIPE_SHOULD.append_to_called_twice_appends_string_representation_of_all_elements_twice

run test: PIPE_SHOULD.append_to_with_no_separator_argument_appends_string_representation_of_all_elements_separated_with_a_comma_and_space
finished: PIPE_SHOULD.append_to_with_no_separator_argument_appends_string_representation_of_all_elements_separated_with_a_comma_and_space

run test: PIPE_SHOULD.append_to_with_separator_argument_appends_string_representation_of_all_elements_separated_with_that_separator
finished: PIPE_SHOULD.append_to_with_separator_argument_appends_string_representation_of_all_elements_separated_with_that_separator

run test: PIPE_SHOULD.pipe_filter_then_filter_returns_only_elements_that_match_both_predicates
finished: PIPE_SHOULD.pipe_filter_then_filter_returns_only_elements_that_match_both_predicates

run test: PIPE_SHOULD.pipe_filter_then_index_applies_new_indexes
finished: PIPE_SHOULD.pipe_filter_then_index_applies_new_indexes

run test: PIPE_SHOULD.pipe_filter_then_skip_returns_filtered_tail_sequence
finished: PIPE_SHOULD.pipe_filter_then_skip_returns_filtered_tail_sequence

run test: PIPE_SHOULD.pipe_filter_then_take_returns_filtered_head_sequence
finished: PIPE_SHOULD.pipe_filter_then_take_returns_filtered_head_sequence

run test: PIPE_SHOULD.pipe_find_empty_sequence_returns_maybe_not
finished: PIPE_SHOULD.pipe_find_empty_sequence_returns_maybe_not

run test: PIPE_SHOULD.pipe_find_multiple_matching_element_returns_first_matching_element
finished: PIPE_SHOULD.pipe_find_multiple_matching_element_returns_first_matching_element

run test: PIPE_SHOULD.pipe_find_non_empty_sequence_but_no_match_returns_maybe_not
finished: PIPE_SHOULD.pipe_find_non_empty_sequence_but_no_match_returns_maybe_not

run test: PIPE_SHOULD.pipe_find_single_matching_element_returns_that_element
finished: PIPE_SHOULD.pipe_find_single_matching_element_returns_that_element

run test: PIPE_SHOULD.pipe_first_empty_sequence_returns_maybe_not
finished: PIPE_SHOULD.pipe_first_empty_sequence_returns_maybe_not

run test: PIPE_SHOULD.pipe_has_no_elements_returns_false
finished: PIPE_SHOULD.pipe_has_no_elements_returns_false

run test: PIPE_SHOULD.pipe_has_some_elements_but_none_match_returns_false
finished: PIPE_SHOULD.pipe_has_some_elements_but_none_match_returns_false

run test: PIPE_SHOULD.pipe_has_some_elements_multiple_matches_returns_true
finished: PIPE_SHOULD.pipe_has_some_elements_multiple_matches_returns_true

run test: PIPE_SHOULD.pipe_has_some_elements_one_matches_returns_true
finished: PIPE_SHOULD.pipe_has_some_elements_one_matches_returns_true

run test: PIPE_SHOULD.pipe_index_then_filter_retains_original_indexes
finished: PIPE_SHOULD.pipe_index_then_filter_retains_original_indexes

run test: PIPE_SHOULD.pipe_index_then_skip_starts_indexing_from_correct_offset
finished: PIPE_SHOULD.pipe_index_then_skip_starts_indexing_from_correct_offset

run test: PIPE_SHOULD.pipe_index_then_take_starts_indexing_from_zero
finished: PIPE_SHOULD.pipe_index_then_take_starts_indexing_from_zero

run test: PIPE_SHOULD.pipe_map_then_map_applies_both_functions_to_every_element_in_correct_order
finished: PIPE_SHOULD.pipe_map_then_map_applies_both_functions_to_every_element_in_correct_order

run test: PIPE_SHOULD.pipe_map_then_skip_returns_mapped_tail_sequence
finished: PIPE_SHOULD.pipe_map_then_skip_returns_mapped_tail_sequence

run test: PIPE_SHOULD.pipe_map_then_take_returns_mapped_head_sequence
finished: PIPE_SHOULD.pipe_map_then_take_returns_mapped_head_sequence

run test: PIPE_SHOULD.pipe_mapped_running
finished: PIPE_SHOULD.pipe_mapped_running

run test: PIPE_SHOULD.pipe_running
finished: PIPE_SHOULD.pipe_running

run test: PIPE_SHOULD.pipe_skip_then_filter_returns_filtered_tail_sequence
finished: PIPE_SHOULD.pipe_skip_then_filter_returns_filtered_tail_sequence

run test: PIPE_SHOULD.pipe_skip_then_first_returns_correct_element
finished: PIPE_SHOULD.pipe_skip_then_first_returns_correct_element

run test: PIPE_SHOULD.pipe_skip_then_index_starts_indexing_from_zero
finished: PIPE_SHOULD.pipe_skip_then_index_starts_indexing_from_zero

run test: PIPE_SHOULD.pipe_skip_then_map_returns_mapped_tail_sequence
finished: PIPE_SHOULD.pipe_skip_then_map_returns_mapped_tail_sequence

run test: PIPE_SHOULD.pipe_take_then_filter_returns_filtered_head_sequence
finished: PIPE_SHOULD.pipe_take_then_filter_returns_filtered_head_sequence

run test: PIPE_SHOULD.pipe_take_then_first_returns_first_element
finished: PIPE_SHOULD.pipe_take_then_first_returns_first_element

run test: PIPE_SHOULD.pipe_take_then_index_starts_indexing_from_zero
finished: PIPE_SHOULD.pipe_take_then_index_starts_indexing_from_zero

run test: PIPE_SHOULD.pipe_take_then_map_returns_mapped_head_sequence
finished: PIPE_SHOULD.pipe_take_then_map_returns_mapped_head_sequence

run test: PIPE_SHOULD.sort_called_twice_sorts_in_last_comparer_order
finished: PIPE_SHOULD.sort_called_twice_sorts_in_last_comparer_order

run test: PIPE_SHOULD.sort_enumerated_twice_returns_same_result_both_times
finished: PIPE_SHOULD.sort_enumerated_twice_returns_same_result_both_times

run test: PIPE_SHOULD.sort_given_compare_function_sorts_in_compare_function_order
finished: PIPE_SHOULD.sort_given_compare_function_sorts_in_compare_function_order

run test: PIPE_SHOULD.sort_given_comparer_sorts_in_comparer_order
finished: PIPE_SHOULD.sort_given_comparer_sorts_in_comparer_order

run test: PIPE_SHOULD.sort_no_comparer_sorts_in_default_order
finished: PIPE_SHOULD.sort_no_comparer_sorts_in_default_order

run test: PIPE_SHOULD.to_string_called_twice_returns_string_representation_of_all_elements
finished: PIPE_SHOULD.to_string_called_twice_returns_string_representation_of_all_elements

run test: PIPE_SHOULD.to_string_with_no_separator_argument_returns_string_representation_of_all_elements_separated_with_a_comma_and_space
finished: PIPE_SHOULD.to_string_with_no_separator_argument_returns_string_representation_of_all_elements_separated_with_a_comma_and_space

run test: PIPE_SHOULD.to_string_with_separator_argument_returns_string_representation_of_all_elements_separated_with_that_separator
finished: PIPE_SHOULD.to_string_with_separator_argument_returns_string_representation_of_all_elements_separated_with_that_separator

