  adaptor-pipe-tests.ghul: 15,9..15,53: warn: [non-snake-case-member] non-snake_case name 'Pipe_FromArray_ReturnsInstanceOfADAPTOR_PIPE'
  adaptor-pipe-tests.ghul: 24,9..24,48: warn: [non-snake-case-member] non-snake_case name 'Count_NonEmptyArray_ReturnsElementCount'
  adaptor-pipe-tests.ghul: 33,9..33,37: warn: [non-snake-case-member] non-snake_case name 'Count_EmptyArray_ReturnsZero'
  adaptor-pipe-tests.ghul: 82,9..82,29: warn: [non-snake-case-member] non-snake_case name 'Iterator_ReturnsSelf'
  adaptor-pipe-tests.ghul: 91,9..91,40: warn: [non-snake-case-member] non-snake_case name 'Iterator_ReturnsCorrectElements'
  cat-pipe-tests.ghul: 17,9..17,48: warn: [non-snake-case-member] non-snake_case name 'Cat_EmptySequences_ReturnsEmptySequence'
  cat-pipe-tests.ghul: 29,9..29,52: warn: [non-snake-case-member] non-snake_case name 'Cat_EmptyPlusNonEmpty_ReturnsSecondSequence'
  cat-pipe-tests.ghul: 40,9..40,51: warn: [non-snake-case-member] non-snake_case name 'Cat_NonEmptyPlusEmpty_ReturnsFirstSequence'
  cat-pipe-tests.ghul: 51,9..51,61: warn: [non-snake-case-member] non-snake_case name 'Cat_NonEmptyPlusNonEmpty_ReturnsBothSequencesInOrder'
  cat-pipe-tests.ghul: 62,9..62,57: warn: [non-snake-case-member] non-snake_case name 'Cat_ChainedCalls_ReturnsConcatenationOfAllInputs'
  cat-pipe-tests.ghul: 78,9..78,52: warn: [non-snake-case-member] non-snake_case name 'Cat_ChainedCalls_CountReturnsSumOfAllCounts'
  filter-pipe-tests.ghul: 109,9..109,29: warn: [non-snake-case-member] non-snake_case name 'Iterator_ReturnsSelf'
  filter-pipe-tests.ghul: 120,9..120,55: warn: [non-snake-case-member] non-snake_case name 'Iterator_AlwaysTruePredicate_ResultEqualsInput'
  filter-pipe-tests.ghul: 15,9..15,55: warn: [non-snake-case-member] non-snake_case name 'Filter_ConsecutiveNonMatchingValues_AreRemoved'
  filter-pipe-tests.ghul: 30,9..30,58: warn: [non-snake-case-member] non-snake_case name 'Filter_NonConsecutiveNonMatchingValues_AreRemoved'
  filter-pipe-tests.ghul: 44,9..44,51: warn: [non-snake-case-member] non-snake_case name 'Filter_LeadingNonMatchingValues_AreRemoved'
  filter-pipe-tests.ghul: 58,9..58,52: warn: [non-snake-case-member] non-snake_case name 'Filter_TrailingNonMatchingValues_AreRemoved'
  filter-pipe-tests.ghul: 72,9..72,70: warn: [non-snake-case-member] non-snake_case name 'Filter_CalledTwice_ReturnsOnlyElementsThatMatchBothPredicates'
  filter-pipe-tests.ghul: 87,9..87,54: warn: [non-snake-case-member] non-snake_case name 'Count_AlwaysTruePredicate_ReturnsElementCount'
  filter-pipe-tests.ghul: 98,9..98,36: warn: [non-snake-case-member] non-snake_case name 'Count_EmptyList_ReturnsZero'
  index-pipe-tests.ghul: 15,9..15,46: warn: [non-snake-case-member] non-snake_case name 'Index_EmptyArray_ReturnsEmptySequence'
  index-pipe-tests.ghul: 29,9..29,55: warn: [non-snake-case-member] non-snake_case name 'Index_MultipleElements_ReturnsExpectedSequence'
  index-pipe-tests.ghul: 43,9..43,75: warn: [non-snake-case-member] non-snake_case name 'Index_MultipleElementsPositiveInitialIndex_ReturnsExpectedSequence'
  index-pipe-tests.ghul: 57,9..57,75: warn: [non-snake-case-member] non-snake_case name 'Index_MultipleElementsNegativeInitialIndex_ReturnsExpectedSequence'
  index-pipe-tests.ghul: 71,9..71,64: warn: [non-snake-case-member] non-snake_case name 'IndexedValue_ToString_ReturnsIndexAndValueInParentheses'
  index-pipe-tests.ghul: 74,17..74,29: warn: [non-snake-case-member] non-snake_case name 'indexedValue'
  map-pipe-tests.ghul: 15,9..15,44: warn: [non-snake-case-member] non-snake_case name 'Map_EmptyArray_ReturnsEmptySequence'
  map-pipe-tests.ghul: 29,9..29,50: warn: [non-snake-case-member] non-snake_case name 'Map_IntsToStrings_ReturnsExpectedSequence'
  map-pipe-tests.ghul: 43,9..43,73: warn: [non-snake-case-member] non-snake_case name 'Map_CalledTwice_AppliesBothFunctionsToEveryElementInCorrectOrder'
  pipe-operator-tests.ghul: 104,9..104,54: warn: [non-snake-case-member] non-snake_case name 'Pipe_HasSomeElementsButNoneMatch_ReturnsFalse'
  pipe-operator-tests.ghul: 114,9..114,51: warn: [non-snake-case-member] non-snake_case name 'Pipe_HasSomeElementsOneMatches_ReturnsTrue'
  pipe-operator-tests.ghul: 124,9..124,56: warn: [non-snake-case-member] non-snake_case name 'Pipe_HasSomeElementsMultipleMatches_ReturnsTrue'
  pipe-operator-tests.ghul: 134,9..134,56: warn: [non-snake-case-member] non-snake_case name 'Pipe_SkipThenFilter_ReturnsFilteredTailSequence'
  pipe-operator-tests.ghul: 145,9..145,56: warn: [non-snake-case-member] non-snake_case name 'Pipe_FilterThenSkip_ReturnsFilteredTailSequence'
  pipe-operator-tests.ghul: 156,9..156,50: warn: [non-snake-case-member] non-snake_case name 'Pipe_SkipThenIndex_StartsIndexingFromZero'
  pipe-operator-tests.ghul: 167,9..167,59: warn: [non-snake-case-member] non-snake_case name 'Pipe_IndexThenSkip_StartsIndexingFromCorrectOffset'
  pipe-operator-tests.ghul: 178,9..178,56: warn: [non-snake-case-member] non-snake_case name 'Pipe_TakeThenFilter_ReturnsFilteredHeadSequence'
  pipe-operator-tests.ghul: 189,9..189,56: warn: [non-snake-case-member] non-snake_case name 'Pipe_FilterThenTake_ReturnsFilteredHeadSequence'
  pipe-operator-tests.ghul: 19,9..19,49: warn: [non-snake-case-member] non-snake_case name 'Pipe_SkipThenFirst_ReturnsCorrectElement'
  pipe-operator-tests.ghul: 200,9..200,52: warn: [non-snake-case-member] non-snake_case name 'Pipe_IndexThenFilter_RetainsOriginalIndexes'
  pipe-operator-tests.ghul: 211,9..211,47: warn: [non-snake-case-member] non-snake_case name 'Pipe_FilterThenIndex_AppliesNewIndexes'
  pipe-operator-tests.ghul: 222,9..222,51: warn: [non-snake-case-member] non-snake_case name 'Pipe_SkipThenMap_ReturnsMappedTailSequence'
  pipe-operator-tests.ghul: 233,9..233,51: warn: [non-snake-case-member] non-snake_case name 'Pipe_MapThenSkip_ReturnsMappedTailSequence'
  pipe-operator-tests.ghul: 244,9..244,51: warn: [non-snake-case-member] non-snake_case name 'Pipe_TakeThenMap_ReturnsMappedHeadSequence'
  pipe-operator-tests.ghul: 255,9..255,51: warn: [non-snake-case-member] non-snake_case name 'Pipe_MapThenTake_ReturnsMappedHeadSequence'
  pipe-operator-tests.ghul: 266,9..266,50: warn: [non-snake-case-member] non-snake_case name 'Pipe_TakeThenIndex_StartsIndexingFromZero'
  pipe-operator-tests.ghul: 277,9..277,50: warn: [non-snake-case-member] non-snake_case name 'Pipe_IndexThenTake_StartsIndexingFromZero'
  pipe-operator-tests.ghul: 288,9..288,73: warn: [non-snake-case-member] non-snake_case name 'Pipe_FilterThenFilter_ReturnsOnlyElementsThatMatchBothPredicates'
  pipe-operator-tests.ghul: 299,9..299,73: warn: [non-snake-case-member] non-snake_case name 'Pipe_MapThenMap_AppliesBothFunctionsToEveryElementInCorrectOrder'
  pipe-operator-tests.ghul: 31,9..31,47: warn: [non-snake-case-member] non-snake_case name 'Pipe_TakeThenFirst_ReturnsFirstElement'
  pipe-operator-tests.ghul: 310,9..310,21: warn: [non-snake-case-member] non-snake_case name 'Pipe_Running'
  pipe-operator-tests.ghul: 320,9..320,28: warn: [non-snake-case-member] non-snake_case name 'Pipe_Mapped_Running'
  pipe-operator-tests.ghul: 330,9..330,44: warn: [non-snake-case-member] non-snake_case name 'Sort_NoComparer_SortsInDefaultOrder'
  pipe-operator-tests.ghul: 339,9..339,48: warn: [non-snake-case-member] non-snake_case name 'Sort_GivenComparer_SortsInComparerOrder'
  pipe-operator-tests.ghul: 349,9..349,62: warn: [non-snake-case-member] non-snake_case name 'Sort_GivenCompareFunction_SortsInCompareFunctionOrder'
  pipe-operator-tests.ghul: 359,9..359,50: warn: [non-snake-case-member] non-snake_case name 'Sort_CalledTwice_SortsInLastComparerOrder'
  pipe-operator-tests.ghul: 370,9..370,56: warn: [non-snake-case-member] non-snake_case name 'Sort_EnumeratedTwice_ReturnsSameResultBothTimes'
  pipe-operator-tests.ghul: 382,9..382,109: warn: [non-snake-case-member] non-snake_case name 'ToString_WithNoSeparatorArgument_ReturnsStringRepresentationOfAllElementsSeparatedWithACommaAndSpace'
  pipe-operator-tests.ghul: 392,9..392,106: warn: [non-snake-case-member] non-snake_case name 'ToString_WithSeparatorArgument_ReturnsStringRepresentationOfAllElementsSeparatedWithThatSeparator'
  pipe-operator-tests.ghul: 402,9..402,70: warn: [non-snake-case-member] non-snake_case name 'ToString_CalledTwice_ReturnsStringRepresentationOfAllElements'
  pipe-operator-tests.ghul: 414,9..414,109: warn: [non-snake-case-member] non-snake_case name 'AppendTo_WithNoSeparatorArgument_AppendsStringRepresentationOfAllElementsSeparatedWithACommaAndSpace'
  pipe-operator-tests.ghul: 42,9..42,48: warn: [non-snake-case-member] non-snake_case name 'Pipe_FirstEmptySequence_ReturnsMaybeNot'
  pipe-operator-tests.ghul: 424,9..424,106: warn: [non-snake-case-member] non-snake_case name 'AppendTo_WithSeparatorArgument_AppendsStringRepresentationOfAllElementsSeparatedWithThatSeparator'
  pipe-operator-tests.ghul: 434,9..434,75: warn: [non-snake-case-member] non-snake_case name 'AppendTo_CalledTwice_AppendsStringRepresentationOfAllElementsTwice'
  pipe-operator-tests.ghul: 52,9..52,47: warn: [non-snake-case-member] non-snake_case name 'Pipe_FindEmptySequence_ReturnsMaybeNot'
  pipe-operator-tests.ghul: 62,9..62,60: warn: [non-snake-case-member] non-snake_case name 'Pipe_FindNonEmptySequenceButNoMatch_ReturnsMaybeNot'
  pipe-operator-tests.ghul: 72,9..72,58: warn: [non-snake-case-member] non-snake_case name 'Pipe_FindSingleMatchingElement_ReturnsThatElement'
  pipe-operator-tests.ghul: 82,9..82,69: warn: [non-snake-case-member] non-snake_case name 'Pipe_FindMultipleMatchingElement_ReturnsFirstMatchingElement'
  pipe-operator-tests.ghul: 94,9..94,40: warn: [non-snake-case-member] non-snake_case name 'Pipe_HasNoElements_ReturnsFalse'
  pipe-tests.ghul: 106,9..106,51: warn: [non-snake-case-member] non-snake_case name 'Pipe_HasSomeElementsOneMatches_ReturnsTrue'
  pipe-tests.ghul: 114,9..114,56: warn: [non-snake-case-member] non-snake_case name 'Pipe_HasSomeElementsMultipleMatches_ReturnsTrue'
  pipe-tests.ghul: 122,9..122,56: warn: [non-snake-case-member] non-snake_case name 'Pipe_SkipThenFilter_ReturnsFilteredTailSequence'
  pipe-tests.ghul: 132,9..132,56: warn: [non-snake-case-member] non-snake_case name 'Pipe_FilterThenSkip_ReturnsFilteredTailSequence'
  pipe-tests.ghul: 142,9..142,50: warn: [non-snake-case-member] non-snake_case name 'Pipe_SkipThenIndex_StartsIndexingFromZero'
  pipe-tests.ghul: 152,9..152,59: warn: [non-snake-case-member] non-snake_case name 'Pipe_IndexThenSkip_StartsIndexingFromCorrectOffset'
  pipe-tests.ghul: 162,9..162,56: warn: [non-snake-case-member] non-snake_case name 'Pipe_TakeThenFilter_ReturnsFilteredHeadSequence'
  pipe-tests.ghul: 17,9..17,49: warn: [non-snake-case-member] non-snake_case name 'Pipe_SkipThenFirst_ReturnsCorrectElement'
  pipe-tests.ghul: 172,9..172,56: warn: [non-snake-case-member] non-snake_case name 'Pipe_FilterThenTake_ReturnsFilteredHeadSequence'
  pipe-tests.ghul: 182,9..182,52: warn: [non-snake-case-member] non-snake_case name 'Pipe_IndexThenFilter_RetainsOriginalIndexes'
  pipe-tests.ghul: 192,9..192,47: warn: [non-snake-case-member] non-snake_case name 'Pipe_FilterThenIndex_AppliesNewIndexes'
  pipe-tests.ghul: 202,9..202,51: warn: [non-snake-case-member] non-snake_case name 'Pipe_SkipThenMap_ReturnsMappedTailSequence'
  pipe-tests.ghul: 212,9..212,51: warn: [non-snake-case-member] non-snake_case name 'Pipe_MapThenSkip_ReturnsMappedTailSequence'
  pipe-tests.ghul: 222,9..222,51: warn: [non-snake-case-member] non-snake_case name 'Pipe_TakeThenMap_ReturnsMappedHeadSequence'
  pipe-tests.ghul: 232,9..232,51: warn: [non-snake-case-member] non-snake_case name 'Pipe_MapThenTake_ReturnsMappedHeadSequence'
  pipe-tests.ghul: 242,9..242,50: warn: [non-snake-case-member] non-snake_case name 'Pipe_TakeThenIndex_StartsIndexingFromZero'
  pipe-tests.ghul: 25,9..25,47: warn: [non-snake-case-member] non-snake_case name 'Pipe_TakeThenFirst_ReturnsFirstElement'
  pipe-tests.ghul: 252,9..252,50: warn: [non-snake-case-member] non-snake_case name 'Pipe_IndexThenTake_StartsIndexingFromZero'
  pipe-tests.ghul: 262,9..262,73: warn: [non-snake-case-member] non-snake_case name 'Pipe_FilterThenFilter_ReturnsOnlyElementsThatMatchBothPredicates'
  pipe-tests.ghul: 272,9..272,73: warn: [non-snake-case-member] non-snake_case name 'Pipe_MapThenMap_AppliesBothFunctionsToEveryElementInCorrectOrder'
  pipe-tests.ghul: 282,9..282,21: warn: [non-snake-case-member] non-snake_case name 'Pipe_Running'
  pipe-tests.ghul: 292,9..292,28: warn: [non-snake-case-member] non-snake_case name 'Pipe_Mapped_Running'
  pipe-tests.ghul: 302,9..302,44: warn: [non-snake-case-member] non-snake_case name 'Sort_NoComparer_SortsInDefaultOrder'
  pipe-tests.ghul: 312,9..312,48: warn: [non-snake-case-member] non-snake_case name 'Sort_GivenComparer_SortsInComparerOrder'
  pipe-tests.ghul: 322,9..322,62: warn: [non-snake-case-member] non-snake_case name 'Sort_GivenCompareFunction_SortsInCompareFunctionOrder'
  pipe-tests.ghul: 33,9..33,48: warn: [non-snake-case-member] non-snake_case name 'Pipe_FirstEmptySequence_ReturnsMaybeNot'
  pipe-tests.ghul: 332,9..332,50: warn: [non-snake-case-member] non-snake_case name 'Sort_CalledTwice_SortsInLastComparerOrder'
  pipe-tests.ghul: 342,9..342,56: warn: [non-snake-case-member] non-snake_case name 'Sort_EnumeratedTwice_ReturnsSameResultBothTimes'
  pipe-tests.ghul: 354,9..354,109: warn: [non-snake-case-member] non-snake_case name 'ToString_WithNoSeparatorArgument_ReturnsStringRepresentationOfAllElementsSeparatedWithACommaAndSpace'
  pipe-tests.ghul: 364,9..364,106: warn: [non-snake-case-member] non-snake_case name 'ToString_WithSeparatorArgument_ReturnsStringRepresentationOfAllElementsSeparatedWithThatSeparator'
  pipe-tests.ghul: 374,9..374,70: warn: [non-snake-case-member] non-snake_case name 'ToString_CalledTwice_ReturnsStringRepresentationOfAllElements'
  pipe-tests.ghul: 386,9..386,109: warn: [non-snake-case-member] non-snake_case name 'AppendTo_WithNoSeparatorArgument_AppendsStringRepresentationOfAllElementsSeparatedWithACommaAndSpace'
  pipe-tests.ghul: 398,9..398,106: warn: [non-snake-case-member] non-snake_case name 'AppendTo_WithSeparatorArgument_AppendsStringRepresentationOfAllElementsSeparatedWithThatSeparator'
  pipe-tests.ghul: 410,9..410,75: warn: [non-snake-case-member] non-snake_case name 'AppendTo_CalledTwice_AppendsStringRepresentationOfAllElementsTwice'
  pipe-tests.ghul: 44,9..44,47: warn: [non-snake-case-member] non-snake_case name 'Pipe_FindEmptySequence_ReturnsMaybeNot'
  pipe-tests.ghul: 55,9..55,60: warn: [non-snake-case-member] non-snake_case name 'Pipe_FindNonEmptySequenceButNoMatch_ReturnsMaybeNot'
  pipe-tests.ghul: 66,9..66,58: warn: [non-snake-case-member] non-snake_case name 'Pipe_FindSingleMatchingElement_ReturnsThatElement'
  pipe-tests.ghul: 77,9..77,69: warn: [non-snake-case-member] non-snake_case name 'Pipe_FindMultipleMatchingElement_ReturnsFirstMatchingElement'
  pipe-tests.ghul: 90,9..90,40: warn: [non-snake-case-member] non-snake_case name 'Pipe_HasNoElements_ReturnsFalse'
  pipe-tests.ghul: 98,9..98,54: warn: [non-snake-case-member] non-snake_case name 'Pipe_HasSomeElementsButNoneMatch_ReturnsFalse'
