.namespace Test {
.class public auto ansi beforefieldinit 'FallThroughReturns' extends object
{
.method public hidebysig instance default  void 'void_empty_body'() cil managed
{
ret
}
.method public hidebysig instance default  void 'void_preceding_statements'() cil managed
{
ldarg.0
callvirt void 'Test'.'FallThroughReturns'::'dummy'()
ret
}
.method public hidebysig instance default  int32 'int_empty_body'() cil managed
{
.locals init (int32 '.default')
ldloc '.default'
ret
}
.method public hidebysig instance default  int32 'int_preceding_statements'() cil managed
{
ldarg.0
callvirt void 'Test'.'FallThroughReturns'::'dummy'()
.locals init (int32 '.default')
ldloc '.default'
ret
}
.method public hidebysig instance default  'Test'.'Dummy' 'class_instance_empty_body'() cil managed
{
.locals init ('Test'.'Dummy' '.default')
ldloc '.default'
ret
}
.method public hidebysig instance default  'Test'.'Dummy' 'class_instance_preceding_statements'() cil managed
{
ldarg.0
callvirt void 'Test'.'FallThroughReturns'::'dummy'()
.locals init ('Test'.'Dummy' '.default')
ldloc '.default'
ret
}
.method public hidebysig instance default  'System'.'String' 'builtin_class_instance_empty_body'() cil managed
{
.locals init ('System'.'String' '.default')
ldloc '.default'
ret
}
.method public hidebysig instance default  void 'dummy'() cil managed
{
ret
}
}
.class public auto ansi beforefieldinit 'Dummy' extends object
{
}
}
