.class public auto ansi beforefieldinit TestTryCatchTwoExceptions.Main
       extends [System.Runtime]System.Object
{
  .custom instance void ['ghul-runtime']Ghul.Internal.CLOSED_ATTRIBUTE::.ctor() = ( 01 00 00 00 ) 
  .method public hidebysig static void  entry() cil managed
  {
    .entrypoint
    // Code size       25 (0x19)
    .maxstack  64
    .locals init (bool V_0,
             class [System.Runtime]System.Exception V_1,
             class TestTryCatchTwoExceptions.MY_EXCEPTION V_2)
    .try
    {
      IL_0000:  leave      IL_0011

    }  // end .try
    catch [System.Runtime]System.Exception 
    {
      IL_0005:  stloc.1
      IL_0006:  leave      IL_0011

    }  // end handler
    catch TestTryCatchTwoExceptions.MY_EXCEPTION 
    {
      IL_000b:  stloc.2
      IL_000c:  leave      IL_0011

    }  // end handler
    IL_0011:  ldloc.0
    IL_0012:  brfalse    IL_0018

    IL_0017:  ret

    IL_0018:  ret
  } // end of method Main::entry

} // end of class TestTryCatchTwoExceptions.Main

// *********** DISASSEMBLY COMPLETE ***********************
