take: 0
take: 1
take: 2
skip: 7
skip: 8
skip: 9
filter-take: 0
filter-take: 2
take-filter: 1
take-filter: 3
take-map: 0
take-map: 100
take-map: 200
skip-take: 2
skip-take: 3
skip-take: 4
take-skip: 2
take-skip: 3
take-skip: 4
take-past: 0
take-past: 1
take-past: 2
array: 4
array: 3
list: 20
list: 30
count: 2
