test.ghul: 13,9..13,12: error: pub is a member of pure class C so its assign accessor cannot be public [pure class declared here: test.ghul: 12,11..12,12]
test.ghul: 21,9..21,12: error: pub is a member of pure struct S so its assign accessor cannot be public [pure struct declared here: test.ghul: 20,12..20,13]
test.ghul: 28,13..28,14: error: v is a member of pure class E so its assign accessor cannot be public [pure class declared here: test.ghul: 28,11..28,12]
