test.ghul: 10,18..10,26: error: no overload found for test(Ghul.int, Ghul.int), tried Test.Main.test(o: object, p: string) -> Ghul.void, Test.Main.test(s: string, t: object) -> Ghul.void
test.ghul: 12,18..12,37: error: no overload found for test(Ghul.string, Ghul.int, Ghul.single), tried Test.Main.test(i: object, j: int, k: int) -> Ghul.void, Test.Main.test(i: string, j: int, k: int) -> Ghul.void
test.ghul: 14,18..14,33: error: no overload found for test(Ghul.int, Ghul.int, Ghul.single), tried Test.Main.test(i: object, j: int, k: int) -> Ghul.void, Test.Main.test(i: string, j: int, k: int) -> Ghul.void
test.ghul: 16,18..16,34: error: call is ambiguous test(Ghul.string, Ghul.string), tried Test.Main.test(o: object, p: string) -> Ghul.void, Test.Main.test(s: string, t: object) -> Ghul.void
test.ghul: 6,18..6,22: error: no overload found for test(Ghul.double), tried Test.Main.test(i: int) -> Ghul.void, Test.Main.test(s: string) -> Ghul.void
test.ghul: 8,18..8,27: error: no overload found for test(Ghul.double, Ghul.int), tried Test.Main.test(o: object, p: string) -> Ghul.void, Test.Main.test(s: string, t: object) -> Ghul.void
