test.ghul: 17,13..17,23: error: no overload found for test(Ghul.double), tried Test.Main.test(i: int) -> Ghul.void,Test.Main.test(s: string) -> Ghul.void
test.ghul: 19,13..19,28: error: no overload found for test(Ghul.double,Ghul.int), tried Test.Main.test(o: object, p: string) -> Ghul.void,Test.Main.test(s: string, t: object) -> Ghul.void
test.ghul: 21,13..21,27: error: no overload found for test(Ghul.int,Ghul.int), tried Test.Main.test(o: object, p: string) -> Ghul.void,Test.Main.test(s: string, t: object) -> Ghul.void
test.ghul: 23,13..23,38: error: no overload found for test(Ghul.string,Ghul.int,Ghul.single), tried Test.Main.test(i: object, j: int, k: int) -> Ghul.void,Test.Main.test(i: string, j: int, k: int) -> Ghul.void
test.ghul: 25,13..25,34: error: no overload found for test(Ghul.int,Ghul.int,Ghul.single), tried Test.Main.test(i: object, j: int, k: int) -> Ghul.void,Test.Main.test(i: string, j: int, k: int) -> Ghul.void
test.ghul: 27,13..27,35: error: call is ambiguous test(Ghul.string,Ghul.string), tried Test.Main.test(o: object, p: string) -> Ghul.void,Test.Main.test(s: string, t: object) -> Ghul.void
