test.ghul: 11,13..11,28: error: no overload found for test(Ghul.double,Ghul.int), tried Test.Main.test(o: Object, p: String) -> Ghul.void,Test.Main.test(s: String, t: Object) -> Ghul.void
test.ghul: 13,13..13,27: error: no overload found for test(Ghul.int,Ghul.int), tried Test.Main.test(o: Object, p: String) -> Ghul.void,Test.Main.test(s: String, t: Object) -> Ghul.void
test.ghul: 15,13..15,38: error: no overload found for test(System.String,Ghul.int,Ghul.single), tried Test.Main.test(i: Object, j: int, k: int) -> Ghul.void,Test.Main.test(i: String, j: int, k: int) -> Ghul.void
test.ghul: 17,13..17,34: error: no overload found for test(Ghul.int,Ghul.int,Ghul.single), tried Test.Main.test(i: Object, j: int, k: int) -> Ghul.void,Test.Main.test(i: String, j: int, k: int) -> Ghul.void
test.ghul: 19,13..19,35: error: call is ambiguous test(System.String,System.String), tried Test.Main.test(o: Object, p: String) -> Ghul.void,Test.Main.test(s: String, t: Object) -> Ghul.void
test.ghul: 9,13..9,23: error: no overload found for test(Ghul.double), tried Test.Main.test(i: int) -> Ghul.void,Test.Main.test(s: String) -> Ghul.void
