test.ghul: 17,9..17,13: warn: [field-definite-assignment] f is not assigned on every path out of this constructor [f declared here: test.ghul: 15,9..15,10]
test.ghul: 24,9..24,13: warn: [field-definite-assignment] f is not assigned on every path out of this constructor [f declared here: test.ghul: 22,9..22,10]
