ldarg.1
stloc.0
ldloc.0
callvirt   instance int32 class [System.Collections]System.Collections.Generic.List`1<int32>::get_Count()
newarr     int32
stloc.1
ldc.i4.0
stloc.2
ldsfld     class [System.Runtime]System.Func`2<int32,int32> Test.FUSION::$anon_0$cache
dup
brtrue     IL_003a
pop
newobj     instance void Test.$frame_0::.ctor()
stloc.s    V_4
ldloc.s    V_4
ldftn      instance int32 Test.$frame_0::$anon_0(int32)
newobj     instance void class [System.Runtime]System.Func`2<int32,int32>::.ctor(object,
stloc.s    V_5
ldloc.s    V_5
dup
stsfld     class [System.Runtime]System.Func`2<int32,int32> Test.FUSION::$anon_0$cache
stloc.3
ldloc.0
callvirt   instance valuetype [System.Collections]System.Collections.Generic.List`1/Enumerator<!0> class [System.Collections]System.Collections.Generic.List`1<int32>::GetEnumerator()
stloc.s    V_6
ldloca.s   V_6
call       instance bool valuetype [System.Collections]System.Collections.Generic.List`1/Enumerator<int32>::MoveNext()
brfalse    IL_0074
ldloca.s   V_6
call       instance !0 valuetype [System.Collections]System.Collections.Generic.List`1/Enumerator<int32>::get_Current()
stloc.s    V_7
ldloc.3
ldloc.s    V_7
callvirt   instance !1 class [System.Runtime]System.Func`2<int32,int32>::Invoke(!0)
stloc.s    V_8
ldloc.1
ldloc.2
ldloc.s    V_8
stelem     int32
ldloc.2
ldc.i4.1
add
stloc.2
br         IL_0043
ldloc.1
ret
