test.ghul: 13,13..13,22: error: nested function definition
test.ghul: 21,28..21,32: error: cannot return value of type null where TEST expected
test.ghul: 23,28..23,32: error: cannot return value of type null where TEST expected
test.ghul: 37,24..37,28: error: cannot return value of type null where TEST expected
test.ghul: 39,24..39,28: error: cannot return value of type null where TEST expected
