call class ['System.Runtime']'System'.'IO'.'TextWriter' class ['System.Console']System.Console ::'get_Out'()
.locals init (valuetype ['System.Runtime']'System'.'Runtime'.'CompilerServices'.'DefaultInterpolatedStringHandler'  '.interpolator.0')
ldc.i4 9
ldc.i4 1
newobj instance void valuetype ['System.Runtime']'System'.'Runtime'.'CompilerServices'.'DefaultInterpolatedStringHandler' ::'.ctor'(int32 ,int32 )
stloc '.interpolator.0'
ldloca '.interpolator.0'
ldstr bytearray (76 00 61 00 6C 00 75 00 65 00 20 00 69 00 73 00 20 00 )
call instance instance void valuetype ['System.Runtime']'System'.'Runtime'.'CompilerServices'.'DefaultInterpolatedStringHandler' ::'AppendLiteral'(class ['System.Runtime']'System'.'String' )
ldloca '.interpolator.0'
ldarg.0
callvirt instance !0 class 'Test'.'Generic' <!0 > ::'$get_value'()
call instance instance void valuetype ['System.Runtime']'System'.'Runtime'.'CompilerServices'.'DefaultInterpolatedStringHandler' ::'AppendFormatted'<!0 >(!!0 )
ldloca '.interpolator.0'
call instance instance class ['System.Runtime']'System'.'String' valuetype ['System.Runtime']'System'.'Runtime'.'CompilerServices'.'DefaultInterpolatedStringHandler' ::'ToStringAndClear'()
callvirt instance void class ['System.Runtime']'System'.'IO'.'TextWriter' ::'WriteLine'(class ['System.Runtime']'System'.'String' )
