.method public virtual hidebysig instance  default void 'test_1'<T>(!!0 't') cil managed
{
newobj instance void class [System.Runtime]System.NotImplementedException::'.ctor'()
throw
ret
}
.method public virtual hidebysig instance  default void 'test_2'<T>(!!0 [] 't') cil managed
{
newobj instance void class [System.Runtime]System.NotImplementedException::'.ctor'()
throw
ret
}
.method public virtual hidebysig instance  default void 'test_3'<T>(class ['System.Runtime']'System'.'Func`2' <!!0 ,!!0 > 'f') cil managed
{
newobj instance void class [System.Runtime]System.NotImplementedException::'.ctor'()
throw
ret
}
.method public virtual hidebysig instance  default !!0 'test_4'<T>() cil managed
{
newobj instance void class [System.Runtime]System.NotImplementedException::'.ctor'()
throw
ret
}
.method public virtual hidebysig instance  default void 'test_5'<T,U>(class ['System.Runtime']'System'.'Func`2' <!!0 ,!!1 > 'f') cil managed
{
newobj instance void class [System.Runtime]System.NotImplementedException::'.ctor'()
throw
ret
}
.method public virtual hidebysig instance  default !!1 'test_6'<T,U>(!!0 't') cil managed
{
newobj instance void class [System.Runtime]System.NotImplementedException::'.ctor'()
throw
ret
}
