.class public abstract auto ansi sealed 'Test'.'$globals' extends [System.Runtime]System.Object
{
.method assembly hidebysig static  default int32 '_g'() cil managed
{
.maxstack 64
ldc.i4 1
ret
.locals init (int32  '.default')
ldloc '.default'
ret
}
}
.class public abstract auto ansi sealed 'Test'.'$globals' extends [System.Runtime]System.Object
{
.field assembly static int32 '_gv'
}
.class public abstract auto ansi sealed 'Test'.'$globals' extends [System.Runtime]System.Object
{
.property callconv(8) int32 '_gp'() { .get int32 'Test'.'$globals'::'$get__gp'() }
}
.class public auto ansi beforefieldinit 'Test'.'A' extends ['System.Runtime']'System'.'Object' 
{
.custom instance void ['ghul-runtime']Ghul.Internal.CLOSED_ATTRIBUTE::.ctor() = ( 01 00 00 00 )
.method public virtual hidebysig instance  default int32 'run'() cil managed
{
.maxstack 64
call int32 'Test'.'$globals'::'_g'()
ldsfld int32 'Test'.'$globals'::'_gv'
add
call int32 'Test'.'$globals'::'$get__gp'()
add
ret
.locals init (int32  '.default')
ldloc '.default'
ret
}
}
.class public abstract auto ansi sealed 'Test'.'$globals' extends [System.Runtime]System.Object
{
.method assembly hidebysig static  default int32 '$get__gp'() cil managed
{
.maxstack 64
ldc.i4 7
ret
.locals init (int32  '.default')
ldloc '.default'
ret
}
}
