start
top outer, i is 0
top inner, i is 0, j is 0
bottom inner, i is 0, j is 1
top inner, i is 0, j is 1
bottom inner, i is 0, j is 2
top inner, i is 0, j is 2
bottom inner, i is 0, j is 3
break inner
bottom outer, i is 1
top outer, i is 1
top inner, i is 1, j is 0
bottom inner, i is 1, j is 1
top inner, i is 1, j is 1
bottom inner, i is 1, j is 2
top inner, i is 1, j is 2
bottom inner, i is 1, j is 3
break inner
bottom outer, i is 2
top outer, i is 2
top inner, i is 2, j is 0
bottom inner, i is 2, j is 1
top inner, i is 2, j is 1
bottom inner, i is 2, j is 2
top inner, i is 2, j is 2
bottom inner, i is 2, j is 3
break inner
bottom outer, i is 3
break outer
end
