test.ghul: 11,17..11,31: error: syntax error: incomplete formal arguments
test.ghul: 32,21..32,31: error: no static overload found for test_incomplete(Ghul.int, Ghul.string), tried incomplete_function_signature_7__test.test_incomplete(a: int, b: int) -> Ghul.void
test.ghul: 33,21..33,33: error: no static overload found for test_incomplete(Ghul.string, Ghul.string), tried incomplete_function_signature_7__test.test_incomplete(a: int, b: int) -> Ghul.void
