have thing: 0
have thing: 1
have thing: 2
have thing: 3
have thing: 4
have thing: 5
have thing: 6
have thing: 7
have thing: 8
have thing: 9
have thing: 10
have thing: 11
have thing: 12
have thing: 13
have thing: 14
have thing: 15
have thing: 16
have thing: 17
have thing: 18
have thing: 19
have thing: 20
have thing: 21
have thing: 22
have thing: 23
have thing: 24
have thing: 25
have thing: 26
have thing: 27
have thing: 28
have thing: 29
have thing: 30
have thing: 31
have thing: 32
have thing: 33
have thing: 34
have thing: 35
have thing: 36
have thing: 37
have thing: 38
have thing: 39
have thing: 40
have thing: 41
have thing: 42
have thing: 43
have thing: 44
have thing: 45
have thing: 46
have thing: 47
have thing: 48
have thing: 49
