.class public auto ansi beforefieldinit 'Main' extends object
{
.field public static int32 '_test_0'
.field public static 'System'.'String' '_test_1'
.method public hidebysig static default  void 'entry'() cil managed
{
.entrypoint
ldc.i4 123
stsfld int32 'Test'.'Main'::'_test_0'
ldstr "hello, world"
stsfld 'System'.'String' 'Test'.'Main'::'_test_1'
ret
ret
}
}
