.class public auto ansi beforefieldinit 'Main' extends object
{
.field public static int32 '_test_0'
.field public static 'System'.'String' '_test_1'
.method public hidebysig static default  void 'entry'() cil managed
{
.entrypoint
ldc.i4 123
stsfld int32 'Test'.'Main'::'_test_0'
ldstr bytearray (68 00 65 00 6C 00 6C 00 6F 00 2C 00 20 00 77 00 6F 00 72 00 6C 00 64 00 )
stsfld 'System'.'String' 'Test'.'Main'::'_test_1'
ret
ret
}
}
