test.ghul: 27,15..27,23: error: type argument BAD for E must be Comparable[BAD] or a subtype
test.ghul: 29,17..29,25: error: type argument BAD for E must be Comparable[BAD] or a subtype
test.ghul: 29,30..29,38: error: type argument BAD for E must be Comparable[BAD] or a subtype
test.ghul: 33,22..33,30: error: type argument BAD for E must be Comparable[BAD] or a subtype
