test.ghul: 22,5..22,6: error: builder NO_SET_RESULT[T] for a task-like return type has no set_result method taking 1 argument(s)
test.ghul: 22,5..22,6: error: builder NO_SET_RESULT[T] for a task-like return type has no set_result method taking 1 argument(s)
test.ghul: 22,5..22,6: error: builder NO_SET_RESULT[T] for a task-like return type has no set_result method taking 1 argument(s)
test.ghul: 22,5..22,6: error: builder NO_SET_RESULT[T] for a task-like return type has no set_result method taking 1 argument(s)
test.ghul: 22,5..22,6: error: builder NO_SET_RESULT[T] for a task-like return type has no set_result method taking 1 argument(s)
test.ghul: 22,5..22,6: error: builder Test.NO_SET_RESULT[T] for a task-like return type has no set_result method taking 1 argument(s)
test.ghul: 24,16..24,17: error: cannot return value of type int where NO_RESULT[int] expected
