declared class: attribute_typeof_arguments__test.PLAIN
declared enum: attribute_typeof_arguments__test.Suit
primitive: System.Int32
string: System.String
imported nested: System.Environment+SpecialFolder
imported generic: System.Collections.Generic.List`1[System.Int32]
declared generic: attribute_typeof_arguments__test.BOX[attribute_typeof_arguments__test.PLAIN]
nested generic: System.Collections.Generic.List`1[System.Collections.Generic.List`1[System.Int32]]
class array: attribute_typeof_arguments__test.PLAIN[]
primitive array: System.Int32[]
two argument generic: System.Collections.Generic.Dictionary`2[System.String,System.Collections.Generic.List`1[System.Int32]]
