class equal: true
class unequal: false
class other type: false
struct equal: true
struct unequal: false
operator beats memberwise: true
own equals kept: false
operator over object: true
operator over object unequal: false
no hash, distinct: false
no hash, same key found: true
no hash, equal key not found: false
no operator, same: true
no operator, distinct: false
distinct but equal key: true
struct key by operator: true
