class equal: True
class unequal: False
class other type: False
struct equal: True
struct unequal: False
operator beats memberwise: True
own equals kept: False
operator over object: True
operator over object unequal: False
no hash, distinct: False
no hash, same key found: True
no hash, equal key not found: False
no operator, same: True
no operator, distinct: False
distinct but equal key: True
struct key by operator: True
