test.ghul: 19,27..19,32: warn: [shadowed-non-callable] tally is not callable here, calling the one from an enclosing scope instead
test.ghul: 32,28..32,34: warn: [shadowed-non-callable] double is not callable here, calling the one from an enclosing scope instead
test.ghul: 39,17..39,22: warn: [shadowed-non-callable] tally is not callable here, calling the one from an enclosing scope instead
test.ghul: 42,51..42,56: warn: [shadowed-non-callable] count is not callable here, calling the one from an enclosing scope instead
