test.ghul: 20,27..20,32: warn: [shadowed-non-callable] tally is not callable here, calling the one from an enclosing scope instead
test.ghul: 33,28..33,34: warn: [shadowed-non-callable] double is not callable here, calling the one from an enclosing scope instead
test.ghul: 40,17..40,22: warn: [shadowed-non-callable] tally is not callable here, calling the one from an enclosing scope instead
test.ghul: 43,51..43,56: warn: [shadowed-non-callable] count is not callable here, calling the one from an enclosing scope instead
