test.ghul: 14,51..14,52: error: a function literal cannot capture a ref parameter, copy the value into a local variable first
test.ghul: 18,34..18,35: error: a function literal cannot capture a ref parameter, copy the value into a local variable first
test.ghul: 18,39..18,40: error: a function literal cannot capture a ref parameter, copy the value into a local variable first
