  test.ghul: 16,27..16,33: error: cannot implement closed trait Sealed from outside its assembly
  test.ghul: 20,29..20,35: error: cannot implement closed trait Sealed from outside its assembly
  test.ghul: 23,26..23,32: error: cannot implement closed trait Sealed from outside its assembly
  test.ghul: 27,26..27,32: error: cannot extend closed trait Sealed from outside its assembly
  test.ghul: 34,10..34,16: error: cannot implement closed trait Sealed from outside its assembly
  test.ghul: 37,30..37,34: error: cannot extend closed class SHUT from outside its assembly
