  (box body)
box equal: True
  (box body)
box unequal: False
box one absent: False
box other absent: False
box both absent: True
box !~ both absent: False
  (box body)
box !~ unequal: True
  (own-nulls body, present: True True)
own-nulls equal: True
  (own-nulls body, present: True False)
own-nulls one absent: False
  (own-nulls body, present: False False)
own-nulls both absent: False
  (tuple body)
tuple y differs: True
  (tuple body)
tuple x differs: False
tuple one absent: False
tuple both absent: True
