  (box body)
box equal: true
  (box body)
box unequal: false
box one absent: false
box other absent: false
box both absent: true
box !~ both absent: false
  (box body)
box !~ unequal: true
  (own-nulls body, present: true true)
own-nulls equal: true
  (own-nulls body, present: true false)
own-nulls one absent: false
  (own-nulls body, present: false false)
own-nulls both absent: false
  (tuple body)
tuple y differs: true
  (tuple body)
tuple x differs: false
tuple one absent: false
tuple both absent: true
