before: expect finally only
start: expect finally only
will not throw
finally: expect finally only
after: expect finally only
before: expect my exception catch and finally
start: expect my exception catch and finally
will throw: MyException
caught my exception: my exception
finally: expect my exception catch and finally
after: expect my exception catch and finally
before: expect other exception catch and finally
start: expect other exception catch and finally
will throw: Exception
caught other exception: system exception
finally: expect other exception catch and finally
after: expect other exception catch and finally
before: expect other exception catch and finally
start: expect other exception catch and finally
will throw: IndexOutOfRangeException
caught other exception: bounds exception
finally: expect other exception catch and finally
after: expect other exception catch and finally
