cases/parse-incomplete-if-5/test.ghul: 12,13..12,15: error: in definition: expected [, class, enum, identifier, import, namespace, operator, trait or use but found fi
cases/parse-incomplete-if-5/test.ghul: 12,13..12,15: error: in primary expression: expected (, [, cast, char literal, identifier, int literal, isa, new, none, null, self, string literal or super but found fi
cases/parse-incomplete-if-5/test.ghul: 12,13..12,15: error: syntax error: expected si but found fi
cases/parse-incomplete-if-5/test.ghul: 12,13..12,15: error: syntax error: expected then but found fi
cases/parse-incomplete-if-5/test.ghul: 15,1..15,3: error: in definition: expected [, class, enum, identifier, import, namespace, operator, trait or use but found si
