test.ghul: 15,23..15,131: error: no static overload found for run_1(int -> (int, int) -> Tasks.TASK[int] pure, (int, int)), tried Grid.run_1[T..,U](make: int -> T.. -> U, v: T) -> U
test.ghul: 15,68..15,125: error: cannot return value of type ((int, int)) -> Tasks.TASK[int] pure where (int, int) -> Tasks.TASK[int] expected
